2025-05-27T09:42:44.0233575Z Current runner version: '2.324.0'
2025-05-27T09:42:44.0263482Z ##[group]Operating System
2025-05-27T09:42:44.0264237Z Microsoft Windows Server 2022
2025-05-27T09:42:44.0264786Z 10.0.20348
2025-05-27T09:42:44.0265221Z Datacenter
2025-05-27T09:42:44.0265647Z ##[endgroup]
2025-05-27T09:42:44.0266097Z ##[group]Runner Image
2025-05-27T09:42:44.0266654Z Image: windows-2022
2025-05-27T09:42:44.0267130Z Version: 20250511.1.0
2025-05-27T09:42:44.0268097Z Included Software: https://github.com/actions/runner-images/blob/win22/20250511.1/images/windows/Windows2022-Readme.md
2025-05-27T09:42:44.0269470Z Image Release: https://github.com/actions/runner-images/releases/tag/win22%2F20250511.1
2025-05-27T09:42:44.0270299Z ##[endgroup]
2025-05-27T09:42:44.0270733Z ##[group]Runner Image Provisioner
2025-05-27T09:42:44.0271265Z 2.0.437.1
2025-05-27T09:42:44.0271637Z ##[endgroup]
2025-05-27T09:42:44.0272656Z ##[group]GITHUB_TOKEN Permissions
2025-05-27T09:42:44.0274815Z Contents: read
2025-05-27T09:42:44.0275411Z Metadata: read
2025-05-27T09:42:44.0275862Z Packages: read
2025-05-27T09:42:44.0276302Z ##[endgroup]
2025-05-27T09:42:44.0278560Z Secret source: Actions
2025-05-27T09:42:44.0279195Z Prepare workflow directory
2025-05-27T09:42:44.0613740Z Prepare all required actions
2025-05-27T09:42:44.0652839Z Getting action download info
2025-05-27T09:42:44.2998305Z ##[group]Download immutable action package 'actions/checkout@v4'
2025-05-27T09:42:44.2999374Z Version: 4.2.2
2025-05-27T09:42:44.3000301Z Digest: sha256:ccb2698953eaebd21c7bf6268a94f9c26518a7e38e27e0b83c1fe1ad049819b1
2025-05-27T09:42:44.3001480Z Source commit SHA: 11bd71901bbe5b1630ceea73d27597364c9af683
2025-05-27T09:42:44.3002112Z ##[endgroup]
2025-05-27T09:42:44.5217815Z ##[group]Download immutable action package 'actions/setup-python@v4'
2025-05-27T09:42:44.5219075Z Version: 4.9.1
2025-05-27T09:42:44.5220209Z Digest: sha256:f03e505388af670b5a108629e0ba26befc08d5c62b41f46146a45fe29ae509a5
2025-05-27T09:42:44.5221705Z Source commit SHA: 7f4fc3e22c37d6ff65e88745f38bd3157c663f7c
2025-05-27T09:42:44.5222797Z ##[endgroup]
2025-05-27T09:42:44.8330137Z Download action repository 'subosito/flutter-action@v2' (SHA:e938fdf56512cc96ef2f93601a5a40bde3801046)
2025-05-27T09:42:45.0458870Z ##[group]Download immutable action package 'actions/upload-artifact@v4'
2025-05-27T09:42:45.0459843Z Version: 4.6.2
2025-05-27T09:42:45.0460658Z Digest: sha256:290722aa3281d5caf23d0acdc3dbeb3424786a1a01a9cc97e72f147225e37c38
2025-05-27T09:42:45.0461787Z Source commit SHA: ea165f8d65b6e75b540449e92b4886f43607fa02
2025-05-27T09:42:45.0462535Z ##[endgroup]
2025-05-27T09:42:45.5004756Z Getting action download info
2025-05-27T09:42:45.6164294Z ##[group]Download immutable action package 'actions/cache@v4'
2025-05-27T09:42:45.6165771Z Version: 4.2.3
2025-05-27T09:42:45.6167252Z Digest: sha256:c8a3bb963e1f1826d8fcc8d1354f0dd29d8ac1db1d4f6f20247055ae11b81ed9
2025-05-27T09:42:45.6169257Z Source commit SHA: 5a3ec84eff668545956fd18022155c47e93e2684
2025-05-27T09:42:45.6170618Z ##[endgroup]
2025-05-27T09:42:45.8478973Z Complete job name: build-windows
2025-05-27T09:42:45.9682604Z ##[group]Run actions/checkout@v4
2025-05-27T09:42:45.9684189Z with:
2025-05-27T09:42:45.9685075Z   repository: zyq2002/material-anticheat
2025-05-27T09:42:45.9686600Z   token: ***
2025-05-27T09:42:45.9687399Z   ssh-strict: true
2025-05-27T09:42:45.9688227Z   ssh-user: git
2025-05-27T09:42:45.9689187Z   persist-credentials: true
2025-05-27T09:42:45.9690145Z   clean: true
2025-05-27T09:42:45.9691019Z   sparse-checkout-cone-mode: true
2025-05-27T09:42:45.9692067Z   fetch-depth: 1
2025-05-27T09:42:45.9692902Z   fetch-tags: false
2025-05-27T09:42:45.9693763Z   show-progress: true
2025-05-27T09:42:45.9694627Z   lfs: false
2025-05-27T09:42:45.9695408Z   submodules: false
2025-05-27T09:42:45.9696280Z   set-safe-directory: true
2025-05-27T09:42:45.9697513Z ##[endgroup]
2025-05-27T09:42:46.6250427Z Syncing repository: zyq2002/material-anticheat
2025-05-27T09:42:46.6345151Z ##[group]Getting Git version info
2025-05-27T09:42:46.6348755Z Working directory is 'D:\a\material-anticheat\material-anticheat'
2025-05-27T09:42:46.9846551Z [command]"C:\Program Files\Git\bin\git.exe" version
2025-05-27T09:42:47.0628010Z git version 2.49.0.windows.1
2025-05-27T09:42:47.0974594Z ##[endgroup]
2025-05-27T09:42:47.1093238Z Temporarily overriding HOME='D:\a\_temp\9c084df1-6c7a-4e35-9314-c95c5d19c2e3' before making global git config changes
2025-05-27T09:42:47.1094835Z Adding repository directory to the temporary git global config as a safe directory
2025-05-27T09:42:47.1107764Z [command]"C:\Program Files\Git\bin\git.exe" config --global --add safe.directory D:\a\material-anticheat\material-anticheat
2025-05-27T09:42:47.1829537Z Deleting the contents of 'D:\a\material-anticheat\material-anticheat'
2025-05-27T09:42:47.1835202Z ##[group]Initializing the repository
2025-05-27T09:42:47.1845640Z [command]"C:\Program Files\Git\bin\git.exe" init D:\a\material-anticheat\material-anticheat
2025-05-27T09:42:47.2706709Z Initialized empty Git repository in D:/a/material-anticheat/material-anticheat/.git/
2025-05-27T09:42:47.2747963Z [command]"C:\Program Files\Git\bin\git.exe" remote add origin https://github.com/zyq2002/material-anticheat
2025-05-27T09:42:47.3515490Z ##[endgroup]
2025-05-27T09:42:47.3516251Z ##[group]Disabling automatic garbage collection
2025-05-27T09:42:47.3525698Z [command]"C:\Program Files\Git\bin\git.exe" config --local gc.auto 0
2025-05-27T09:42:47.3764288Z ##[endgroup]
2025-05-27T09:42:47.3765035Z ##[group]Setting up auth
2025-05-27T09:42:47.3778646Z [command]"C:\Program Files\Git\bin\git.exe" config --local --name-only --get-regexp core\.sshCommand
2025-05-27T09:42:47.4023153Z [command]"C:\Program Files\Git\bin\git.exe" submodule foreach --recursive "sh -c \"git config --local --name-only --get-regexp 'core\.sshCommand' && git config --local --unset-all 'core.sshCommand' || :\""
2025-05-27T09:42:49.3161048Z [command]"C:\Program Files\Git\bin\git.exe" config --local --name-only --get-regexp http\.https\:\/\/github\.com\/\.extraheader
2025-05-27T09:42:49.3396749Z [command]"C:\Program Files\Git\bin\git.exe" submodule foreach --recursive "sh -c \"git config --local --name-only --get-regexp 'http\.https\:\/\/github\.com\/\.extraheader' && git config --local --unset-all 'http.https://github.com/.extraheader' || :\""
2025-05-27T09:42:49.8055687Z [command]"C:\Program Files\Git\bin\git.exe" config --local http.https://github.com/.extraheader "AUTHORIZATION: basic ***"
2025-05-27T09:42:49.8311152Z ##[endgroup]
2025-05-27T09:42:49.8311632Z ##[group]Fetching the repository
2025-05-27T09:42:49.8333005Z [command]"C:\Program Files\Git\bin\git.exe" -c protocol.version=2 fetch --no-tags --prune --no-recurse-submodules --depth=1 origin +530092227fc236559c2271848680dedca6f756cc:refs/remotes/origin/main
2025-05-27T09:42:51.0562817Z From https://github.com/zyq2002/material-anticheat
2025-05-27T09:42:51.0563552Z  * [new ref]         530092227fc236559c2271848680dedca6f756cc -> origin/main
2025-05-27T09:42:51.0795819Z ##[endgroup]
2025-05-27T09:42:51.0799795Z ##[group]Determining the checkout info
2025-05-27T09:42:51.0800386Z ##[endgroup]
2025-05-27T09:42:51.0810000Z [command]"C:\Program Files\Git\bin\git.exe" sparse-checkout disable
2025-05-27T09:42:51.1445094Z [command]"C:\Program Files\Git\bin\git.exe" config --local --unset-all extensions.worktreeConfig
2025-05-27T09:42:51.1674918Z ##[group]Checking out the ref
2025-05-27T09:42:51.1685092Z [command]"C:\Program Files\Git\bin\git.exe" checkout --progress --force -B main refs/remotes/origin/main
2025-05-27T09:42:51.2531687Z branch 'main' set up to track 'origin/main'.
2025-05-27T09:42:51.2534960Z Switched to a new branch 'main'
2025-05-27T09:42:51.2568510Z ##[endgroup]
2025-05-27T09:42:51.2919804Z [command]"C:\Program Files\Git\bin\git.exe" log -1 --format=%H
2025-05-27T09:42:51.3125182Z 530092227fc236559c2271848680dedca6f756cc
2025-05-27T09:42:51.3655722Z ##[group]Run actions/setup-python@v4
2025-05-27T09:42:51.3656059Z with:
2025-05-27T09:42:51.3656981Z   python-version: 3.11
2025-05-27T09:42:51.3657205Z   check-latest: false
2025-05-27T09:42:51.3657532Z   token: ***
2025-05-27T09:42:51.3657707Z   update-environment: true
2025-05-27T09:42:51.3657913Z   allow-prereleases: false
2025-05-27T09:42:51.3658098Z ##[endgroup]
2025-05-27T09:42:51.6977743Z ##[group]Installed versions
2025-05-27T09:42:51.7218557Z Successfully set up CPython (3.11.9)
2025-05-27T09:42:51.7220660Z ##[endgroup]
2025-05-27T09:42:51.7482811Z ##[group]Run python -m pip install --upgrade pip
2025-05-27T09:42:51.7483258Z [36;1mpython -m pip install --upgrade pip[0m
2025-05-27T09:42:51.7483604Z [36;1mif (Test-Path "python_scripts/requirements.txt") {[0m
2025-05-27T09:42:51.7483946Z [36;1m  pip install -r python_scripts/requirements.txt[0m
2025-05-27T09:42:51.7484215Z [36;1m} else {[0m
2025-05-27T09:42:51.7484495Z [36;1m  echo "警告: python_scripts/requirements.txt 不存在，跳过Python依赖安装"[0m
2025-05-27T09:42:51.7484787Z [36;1m}[0m
2025-05-27T09:42:51.7639580Z shell: C:\Windows\System32\WindowsPowerShell\v1.0\powershell.EXE -command ". '{0}'"
2025-05-27T09:42:51.7640017Z env:
2025-05-27T09:42:51.7640271Z   pythonLocation: C:\hostedtoolcache\windows\Python\3.11.9\x64
2025-05-27T09:42:51.7640706Z   PKG_CONFIG_PATH: C:\hostedtoolcache\windows\Python\3.11.9\x64/lib/pkgconfig
2025-05-27T09:42:51.7641118Z   Python_ROOT_DIR: C:\hostedtoolcache\windows\Python\3.11.9\x64
2025-05-27T09:42:51.7641513Z   Python2_ROOT_DIR: C:\hostedtoolcache\windows\Python\3.11.9\x64
2025-05-27T09:42:51.7641859Z   Python3_ROOT_DIR: C:\hostedtoolcache\windows\Python\3.11.9\x64
2025-05-27T09:42:51.7642404Z ##[endgroup]
2025-05-27T09:43:00.0135775Z Requirement already satisfied: pip in c:\hostedtoolcache\windows\python\3.11.9\x64\lib\site-packages (25.1.1)
2025-05-27T09:43:02.0602007Z Collecting opencv-python==4.8.1.78 (from -r python_scripts/requirements.txt (line 1))
2025-05-27T09:43:02.1042283Z   Downloading opencv_python-4.8.1.78-cp37-abi3-win_amd64.whl.metadata (20 kB)
2025-05-27T09:43:02.3605041Z Collecting numpy==1.24.3 (from -r python_scripts/requirements.txt (line 2))
2025-05-27T09:43:02.3668975Z   Downloading numpy-1.24.3-cp311-cp311-win_amd64.whl.metadata (5.6 kB)
2025-05-27T09:43:02.6238453Z Collecting matplotlib==3.9.4 (from -r python_scripts/requirements.txt (line 3))
2025-05-27T09:43:02.6300067Z   Downloading matplotlib-3.9.4-cp311-cp311-win_amd64.whl.metadata (11 kB)
2025-05-27T09:43:02.8057738Z Collecting scikit-image==0.24.0 (from -r python_scripts/requirements.txt (line 4))
2025-05-27T09:43:02.8122774Z   Downloading scikit_image-0.24.0-cp311-cp311-win_amd64.whl.metadata (14 kB)
2025-05-27T09:43:03.0465688Z Collecting scipy==1.13.1 (from -r python_scripts/requirements.txt (line 5))
2025-05-27T09:43:03.0524376Z   Downloading scipy-1.13.1-cp311-cp311-win_amd64.whl.metadata (60 kB)
2025-05-27T09:43:03.2045846Z Collecting networkx==3.2.1 (from -r python_scripts/requirements.txt (line 6))
2025-05-27T09:43:03.2098435Z   Downloading networkx-3.2.1-py3-none-any.whl.metadata (5.2 kB)
2025-05-27T09:43:03.4254142Z Collecting pillow==11.2.1 (from -r python_scripts/requirements.txt (line 7))
2025-05-27T09:43:03.4307264Z   Downloading pillow-11.2.1-cp311-cp311-win_amd64.whl.metadata (9.1 kB)
2025-05-27T09:43:03.5612612Z Collecting tifffile==2024.8.30 (from -r python_scripts/requirements.txt (line 8))
2025-05-27T09:43:03.5678814Z   Downloading tifffile-2024.8.30-py3-none-any.whl.metadata (31 kB)
2025-05-27T09:43:03.7820091Z Collecting contourpy>=1.0.1 (from matplotlib==3.9.4->-r python_scripts/requirements.txt (line 3))
2025-05-27T09:43:03.7873402Z   Downloading contourpy-1.3.2-cp311-cp311-win_amd64.whl.metadata (5.5 kB)
2025-05-27T09:43:03.8924553Z Collecting cycler>=0.10 (from matplotlib==3.9.4->-r python_scripts/requirements.txt (line 3))
2025-05-27T09:43:03.8981201Z   Downloading cycler-0.12.1-py3-none-any.whl.metadata (3.8 kB)
2025-05-27T09:43:04.1174443Z Collecting fonttools>=4.22.0 (from matplotlib==3.9.4->-r python_scripts/requirements.txt (line 3))
2025-05-27T09:43:04.1228774Z   Downloading fonttools-4.58.0-cp311-cp311-win_amd64.whl.metadata (106 kB)
2025-05-27T09:43:04.3040793Z Collecting kiwisolver>=1.3.1 (from matplotlib==3.9.4->-r python_scripts/requirements.txt (line 3))
2025-05-27T09:43:04.3092845Z   Downloading kiwisolver-1.4.8-cp311-cp311-win_amd64.whl.metadata (6.3 kB)
2025-05-27T09:43:04.4133960Z Collecting packaging>=20.0 (from matplotlib==3.9.4->-r python_scripts/requirements.txt (line 3))
2025-05-27T09:43:04.4187541Z   Downloading packaging-25.0-py3-none-any.whl.metadata (3.3 kB)
2025-05-27T09:43:04.5573117Z Collecting pyparsing>=2.3.1 (from matplotlib==3.9.4->-r python_scripts/requirements.txt (line 3))
2025-05-27T09:43:04.5636459Z   Downloading pyparsing-3.2.3-py3-none-any.whl.metadata (5.0 kB)
2025-05-27T09:43:04.6516988Z Collecting python-dateutil>=2.7 (from matplotlib==3.9.4->-r python_scripts/requirements.txt (line 3))
2025-05-27T09:43:04.6562865Z   Downloading python_dateutil-2.9.0.post0-py2.py3-none-any.whl.metadata (8.4 kB)
2025-05-27T09:43:04.7658888Z Collecting imageio>=2.33 (from scikit-image==0.24.0->-r python_scripts/requirements.txt (line 4))
2025-05-27T09:43:04.7712206Z   Downloading imageio-2.37.0-py3-none-any.whl.metadata (5.2 kB)
2025-05-27T09:43:04.8769823Z Collecting lazy-loader>=0.4 (from scikit-image==0.24.0->-r python_scripts/requirements.txt (line 4))
2025-05-27T09:43:04.8823073Z   Downloading lazy_loader-0.4-py3-none-any.whl.metadata (7.6 kB)
2025-05-27T09:43:05.0367747Z Collecting six>=1.5 (from python-dateutil>=2.7->matplotlib==3.9.4->-r python_scripts/requirements.txt (line 3))
2025-05-27T09:43:05.0417910Z   Downloading six-1.17.0-py2.py3-none-any.whl.metadata (1.7 kB)
2025-05-27T09:43:05.1005643Z Downloading opencv_python-4.8.1.78-cp37-abi3-win_amd64.whl (38.1 MB)
2025-05-27T09:43:06.0831741Z    ---------------------------------------- 38.1/38.1 MB 38.4 MB/s eta 0:00:00
2025-05-27T09:43:06.0930988Z Downloading numpy-1.24.3-cp311-cp311-win_amd64.whl (14.8 MB)
2025-05-27T09:43:06.2220046Z    ---------------------------------------- 14.8/14.8 MB 116.6 MB/s eta 0:00:00
2025-05-27T09:43:06.2292419Z Downloading matplotlib-3.9.4-cp311-cp311-win_amd64.whl (7.8 MB)
2025-05-27T09:43:06.3437559Z    ---------------------------------------- 7.8/7.8 MB 80.6 MB/s eta 0:00:00
2025-05-27T09:43:06.3495081Z Downloading scikit_image-0.24.0-cp311-cp311-win_amd64.whl (12.8 MB)
2025-05-27T09:43:06.5148393Z    ---------------------------------------- 12.8/12.8 MB 80.6 MB/s eta 0:00:00
2025-05-27T09:43:06.5210768Z Downloading scipy-1.13.1-cp311-cp311-win_amd64.whl (46.2 MB)
2025-05-27T09:43:07.8396454Z    ---------------------------------------- 46.2/46.2 MB 35.0 MB/s eta 0:00:00
2025-05-27T09:43:07.8456571Z Downloading networkx-3.2.1-py3-none-any.whl (1.6 MB)
2025-05-27T09:43:07.9267107Z    ---------------------------------------- 1.6/1.6 MB 17.8 MB/s eta 0:00:00
2025-05-27T09:43:07.9329481Z Downloading pillow-11.2.1-cp311-cp311-win_amd64.whl (2.7 MB)
2025-05-27T09:43:08.0028014Z    ---------------------------------------- 2.7/2.7 MB 38.3 MB/s eta 0:00:00
2025-05-27T09:43:08.0095805Z Downloading tifffile-2024.8.30-py3-none-any.whl (227 kB)
2025-05-27T09:43:08.0707462Z Downloading contourpy-1.3.2-cp311-cp311-win_amd64.whl (222 kB)
2025-05-27T09:43:08.1137915Z Downloading cycler-0.12.1-py3-none-any.whl (8.3 kB)
2025-05-27T09:43:08.1768087Z Downloading fonttools-4.58.0-cp311-cp311-win_amd64.whl (2.2 MB)
2025-05-27T09:43:08.2408860Z    ---------------------------------------- 2.2/2.2 MB 31.8 MB/s eta 0:00:00
2025-05-27T09:43:08.2464767Z Downloading imageio-2.37.0-py3-none-any.whl (315 kB)
2025-05-27T09:43:08.3015790Z Downloading kiwisolver-1.4.8-cp311-cp311-win_amd64.whl (71 kB)
2025-05-27T09:43:08.3749765Z Downloading lazy_loader-0.4-py3-none-any.whl (12 kB)
2025-05-27T09:43:08.4270634Z Downloading packaging-25.0-py3-none-any.whl (66 kB)
2025-05-27T09:43:08.4838359Z Downloading pyparsing-3.2.3-py3-none-any.whl (111 kB)
2025-05-27T09:43:08.5584349Z Downloading python_dateutil-2.9.0.post0-py2.py3-none-any.whl (229 kB)
2025-05-27T09:43:08.6361495Z Downloading six-1.17.0-py2.py3-none-any.whl (11 kB)
2025-05-27T09:43:09.0229968Z Installing collected packages: six, pyparsing, pillow, packaging, numpy, networkx, kiwisolver, fonttools, cycler, tifffile, scipy, python-dateutil, opencv-python, lazy-loader, imageio, contourpy, scikit-image, matplotlib
2025-05-27T09:43:52.8847438Z 
2025-05-27T09:43:52.8867980Z Successfully installed contourpy-1.3.2 cycler-0.12.1 fonttools-4.58.0 imageio-2.37.0 kiwisolver-1.4.8 lazy-loader-0.4 matplotlib-3.9.4 networkx-3.2.1 numpy-1.24.3 opencv-python-4.8.1.78 packaging-25.0 pillow-11.2.1 pyparsing-3.2.3 python-dateutil-2.9.0.post0 scikit-image-0.24.0 scipy-1.13.1 six-1.17.0 tifffile-2024.8.30
2025-05-27T09:43:53.1527622Z ##[group]Run subosito/flutter-action@v2
2025-05-27T09:43:53.1527963Z with:
2025-05-27T09:43:53.1528155Z   flutter-version: 3.24.0
2025-05-27T09:43:53.1528397Z   channel: stable
2025-05-27T09:43:53.1528591Z   architecture: X64
2025-05-27T09:43:53.1528792Z   cache: false
2025-05-27T09:43:53.1529009Z   pub-cache-path: default
2025-05-27T09:43:53.1529243Z   dry-run: false
2025-05-27T09:43:53.1529505Z   git-source: https://github.com/flutter/flutter.git
2025-05-27T09:43:53.1529825Z env:
2025-05-27T09:43:53.1530091Z   pythonLocation: C:\hostedtoolcache\windows\Python\3.11.9\x64
2025-05-27T09:43:53.1530577Z   PKG_CONFIG_PATH: C:\hostedtoolcache\windows\Python\3.11.9\x64/lib/pkgconfig
2025-05-27T09:43:53.1531051Z   Python_ROOT_DIR: C:\hostedtoolcache\windows\Python\3.11.9\x64
2025-05-27T09:43:53.1531470Z   Python2_ROOT_DIR: C:\hostedtoolcache\windows\Python\3.11.9\x64
2025-05-27T09:43:53.1531904Z   Python3_ROOT_DIR: C:\hostedtoolcache\windows\Python\3.11.9\x64
2025-05-27T09:43:53.1532281Z ##[endgroup]
2025-05-27T09:43:53.1700948Z ##[group]Run choco install yq
2025-05-27T09:43:53.1701284Z [36;1mchoco install yq[0m
2025-05-27T09:43:53.1715545Z shell: C:\Program Files\Git\bin\bash.EXE --noprofile --norc -e -o pipefail {0}
2025-05-27T09:43:53.1716062Z env:
2025-05-27T09:43:53.1716397Z   pythonLocation: C:\hostedtoolcache\windows\Python\3.11.9\x64
2025-05-27T09:43:53.1717015Z   PKG_CONFIG_PATH: C:\hostedtoolcache\windows\Python\3.11.9\x64/lib/pkgconfig
2025-05-27T09:43:53.1717618Z   Python_ROOT_DIR: C:\hostedtoolcache\windows\Python\3.11.9\x64
2025-05-27T09:43:53.1718148Z   Python2_ROOT_DIR: C:\hostedtoolcache\windows\Python\3.11.9\x64
2025-05-27T09:43:53.1718676Z   Python3_ROOT_DIR: C:\hostedtoolcache\windows\Python\3.11.9\x64
2025-05-27T09:43:53.1719080Z ##[endgroup]
2025-05-27T09:43:55.8084549Z Chocolatey v2.4.3
2025-05-27T09:43:56.0520801Z Installing the following packages:
2025-05-27T09:43:56.0527158Z yq
2025-05-27T09:43:56.0532341Z By installing, you accept licenses for the packages.
2025-05-27T09:44:03.7318266Z Downloading package from source 'https://community.chocolatey.org/api/v2/'
2025-05-27T09:44:03.8544289Z 
2025-05-27T09:44:03.8545168Z Progress: Downloading yq 4.45.4... 28%
2025-05-27T09:44:03.8545699Z Progress: Downloading yq 4.45.4... 83%
2025-05-27T09:44:03.8546173Z Progress: Downloading yq 4.45.4... 100%
2025-05-27T09:44:04.0416576Z 
2025-05-27T09:44:04.0417065Z yq v4.45.4 [Approved]
2025-05-27T09:44:04.0608605Z yq package files install completed. Performing other installation steps.
2025-05-27T09:44:05.5926734Z Downloading yq 64 bit
2025-05-27T09:44:05.5927506Z   from 'https://github.com/mikefarah/yq/releases/download/v4.45.4/yq_windows_amd64.exe'
2025-05-27T09:44:05.7224991Z 
2025-05-27T09:44:05.7242315Z Progress: 1% - Saving 160 KB of 11.18 MB
2025-05-27T09:44:05.7259130Z Progress: 2% - Saving 313.81 KB of 11.18 MB
2025-05-27T09:44:05.7282554Z Progress: 4% - Saving 473.81 KB of 11.18 MB
2025-05-27T09:44:05.7306341Z Progress: 5% - Saving 633.81 KB of 11.18 MB
2025-05-27T09:44:05.7328229Z Progress: 6% - Saving 793.81 KB of 11.18 MB
2025-05-27T09:44:05.7414322Z Progress: 8% - Saving 953.81 KB of 11.18 MB
2025-05-27T09:44:05.7429141Z Progress: 9% - Saving 1.09 MB of 11.18 MB
2025-05-27T09:44:05.7443050Z Progress: 11% - Saving 1.24 MB of 11.18 MB
2025-05-27T09:44:05.7460194Z Progress: 12% - Saving 1.4 MB of 11.18 MB
2025-05-27T09:44:05.7474416Z Progress: 13% - Saving 1.55 MB of 11.18 MB
2025-05-27T09:44:05.7490054Z Progress: 15% - Saving 1.7 MB of 11.18 MB
2025-05-27T09:44:05.7506072Z Progress: 16% - Saving 1.86 MB of 11.18 MB
2025-05-27T09:44:05.7519947Z Progress: 18% - Saving 2.02 MB of 11.18 MB
2025-05-27T09:44:05.7535802Z Progress: 19% - Saving 2.17 MB of 11.18 MB
2025-05-27T09:44:05.7548519Z Progress: 20% - Saving 2.32 MB of 11.18 MB
2025-05-27T09:44:05.7565802Z Progress: 22% - Saving 2.48 MB of 11.18 MB
2025-05-27T09:44:05.7584336Z Progress: 23% - Saving 2.64 MB of 11.18 MB
2025-05-27T09:44:05.7606793Z Progress: 24% - Saving 2.79 MB of 11.18 MB
2025-05-27T09:44:05.7625977Z Progress: 26% - Saving 2.95 MB of 11.18 MB
2025-05-27T09:44:05.7640373Z Progress: 27% - Saving 3.11 MB of 11.18 MB
2025-05-27T09:44:05.7653120Z Progress: 29% - Saving 3.26 MB of 11.18 MB
2025-05-27T09:44:05.7667031Z Progress: 30% - Saving 3.41 MB of 11.18 MB
2025-05-27T09:44:05.7680556Z Progress: 31% - Saving 3.56 MB of 11.18 MB
2025-05-27T09:44:05.7706295Z Progress: 33% - Saving 3.72 MB of 11.18 MB
2025-05-27T09:44:05.7733613Z Progress: 34% - Saving 3.88 MB of 11.18 MB
2025-05-27T09:44:05.7744650Z Progress: 36% - Saving 4.03 MB of 11.18 MB
2025-05-27T09:44:05.7755976Z Progress: 37% - Saving 4.18 MB of 11.18 MB
2025-05-27T09:44:05.7767384Z Progress: 38% - Saving 4.34 MB of 11.18 MB
2025-05-27T09:44:05.7778302Z Progress: 40% - Saving 4.49 MB of 11.18 MB
2025-05-27T09:44:05.7797298Z Progress: 41% - Saving 4.65 MB of 11.18 MB
2025-05-27T09:44:05.7809048Z Progress: 42% - Saving 4.8 MB of 11.18 MB
2025-05-27T09:44:05.7821171Z Progress: 44% - Saving 4.96 MB of 11.18 MB
2025-05-27T09:44:05.7833989Z Progress: 45% - Saving 5.11 MB of 11.18 MB
2025-05-27T09:44:05.7846164Z Progress: 47% - Saving 5.27 MB of 11.18 MB
2025-05-27T09:44:05.7859183Z Progress: 48% - Saving 5.42 MB of 11.18 MB
2025-05-27T09:44:05.7875158Z Progress: 49% - Saving 5.58 MB of 11.18 MB
2025-05-27T09:44:05.7892077Z Progress: 51% - Saving 5.73 MB of 11.18 MB
2025-05-27T09:44:05.7910020Z Progress: 52% - Saving 5.89 MB of 11.18 MB
2025-05-27T09:44:05.7928645Z Progress: 54% - Saving 6.04 MB of 11.18 MB
2025-05-27T09:44:05.7940118Z Progress: 55% - Saving 6.2 MB of 11.18 MB
2025-05-27T09:44:05.7951453Z Progress: 56% - Saving 6.35 MB of 11.18 MB
2025-05-27T09:44:05.7962638Z Progress: 58% - Saving 6.51 MB of 11.18 MB
2025-05-27T09:44:05.7974488Z Progress: 59% - Saving 6.67 MB of 11.18 MB
2025-05-27T09:44:05.7986154Z Progress: 60% - Saving 6.82 MB of 11.18 MB
2025-05-27T09:44:05.7998596Z Progress: 62% - Saving 6.97 MB of 11.18 MB
2025-05-27T09:44:05.8010204Z Progress: 63% - Saving 7.13 MB of 11.18 MB
2025-05-27T09:44:05.8021507Z Progress: 65% - Saving 7.28 MB of 11.18 MB
2025-05-27T09:44:05.8037686Z Progress: 66% - Saving 7.44 MB of 11.18 MB
2025-05-27T09:44:05.8054263Z Progress: 67% - Saving 7.59 MB of 11.18 MB
2025-05-27T09:44:05.8069837Z Progress: 69% - Saving 7.75 MB of 11.18 MB
2025-05-27T09:44:05.8089796Z Progress: 70% - Saving 7.9 MB of 11.18 MB
2025-05-27T09:44:05.8101866Z Progress: 72% - Saving 8.06 MB of 11.18 MB
2025-05-27T09:44:05.8112602Z Progress: 73% - Saving 8.21 MB of 11.18 MB
2025-05-27T09:44:05.8124082Z Progress: 74% - Saving 8.36 MB of 11.18 MB
2025-05-27T09:44:05.8135153Z Progress: 76% - Saving 8.52 MB of 11.18 MB
2025-05-27T09:44:05.8146219Z Progress: 77% - Saving 8.68 MB of 11.18 MB
2025-05-27T09:44:05.8157116Z Progress: 79% - Saving 8.83 MB of 11.18 MB
2025-05-27T09:44:05.8168269Z Progress: 80% - Saving 8.98 MB of 11.18 MB
2025-05-27T09:44:05.8179153Z Progress: 81% - Saving 9.14 MB of 11.18 MB
2025-05-27T09:44:05.8190600Z Progress: 83% - Saving 9.3 MB of 11.18 MB
2025-05-27T09:44:05.8201502Z Progress: 84% - Saving 9.45 MB of 11.18 MB
2025-05-27T09:44:05.8218233Z Progress: 85% - Saving 9.6 MB of 11.18 MB
2025-05-27T09:44:05.8229444Z Progress: 87% - Saving 9.76 MB of 11.18 MB
2025-05-27T09:44:05.8240278Z Progress: 88% - Saving 9.92 MB of 11.18 MB
2025-05-27T09:44:05.8251503Z Progress: 89% - Saving 10.06 MB of 11.18 MB
2025-05-27T09:44:05.8262952Z Progress: 91% - Saving 10.22 MB of 11.18 MB
2025-05-27T09:44:05.8275912Z Progress: 92% - Saving 10.37 MB of 11.18 MB
2025-05-27T09:44:05.8286735Z Progress: 94% - Saving 10.53 MB of 11.18 MB
2025-05-27T09:44:05.8299190Z Progress: 95% - Saving 10.67 MB of 11.18 MB
2025-05-27T09:44:05.8310899Z Progress: 96% - Saving 10.83 MB of 11.18 MB
2025-05-27T09:44:05.8323564Z Progress: 98% - Saving 10.99 MB of 11.18 MB
2025-05-27T09:44:05.8337029Z Progress: 99% - Saving 11.14 MB of 11.18 MB
2025-05-27T09:44:05.8342439Z Progress: 100% - Completed download of C:\ProgramData\chocolatey\lib\yq\tools\yq.exe (11.18 MB).
2025-05-27T09:44:05.8363656Z Download of yq.exe (11.18 MB) completed.
2025-05-27T09:44:12.1175783Z Hashes match.
2025-05-27T09:44:12.1726092Z C:\ProgramData\chocolatey\lib\yq\tools\yq.exe
2025-05-27T09:44:14.0988565Z  ShimGen has successfully created a shim for yq.exe
2025-05-27T09:44:14.1215453Z  The install of yq was successful.
2025-05-27T09:44:14.1219758Z   Software install location not explicitly set, it could be in package or
2025-05-27T09:44:14.1220467Z   default install location of installer.
2025-05-27T09:44:14.1479899Z 
2025-05-27T09:44:14.1480367Z Chocolatey installed 1/1 packages. 
2025-05-27T09:44:14.1481449Z  See the log for details (C:\ProgramData\chocolatey\logs\chocolatey.log).
2025-05-27T09:44:14.1953325Z ##[group]Run chmod +x "$GITHUB_ACTION_PATH/setup.sh"
2025-05-27T09:44:14.1953755Z [36;1mchmod +x "$GITHUB_ACTION_PATH/setup.sh"[0m
2025-05-27T09:44:14.2044595Z shell: C:\Program Files\Git\bin\bash.EXE --noprofile --norc -e -o pipefail {0}
2025-05-27T09:44:14.2045020Z env:
2025-05-27T09:44:14.2045329Z   pythonLocation: C:\hostedtoolcache\windows\Python\3.11.9\x64
2025-05-27T09:44:14.2045831Z   PKG_CONFIG_PATH: C:\hostedtoolcache\windows\Python\3.11.9\x64/lib/pkgconfig
2025-05-27T09:44:14.2046326Z   Python_ROOT_DIR: C:\hostedtoolcache\windows\Python\3.11.9\x64
2025-05-27T09:44:14.2046802Z   Python2_ROOT_DIR: C:\hostedtoolcache\windows\Python\3.11.9\x64
2025-05-27T09:44:14.2047275Z   Python3_ROOT_DIR: C:\hostedtoolcache\windows\Python\3.11.9\x64
2025-05-27T09:44:14.2047642Z ##[endgroup]
2025-05-27T09:44:14.2751600Z ##[group]Run $GITHUB_ACTION_PATH/setup.sh -p \
2025-05-27T09:44:14.2751992Z [36;1m$GITHUB_ACTION_PATH/setup.sh -p \[0m
2025-05-27T09:44:14.2752294Z [36;1m  -n '3.24.0' \[0m
2025-05-27T09:44:14.2752518Z [36;1m  -f '' \[0m
2025-05-27T09:44:14.2752728Z [36;1m  -a 'X64' \[0m
2025-05-27T09:44:14.2752932Z [36;1m  -k '' \[0m
2025-05-27T09:44:14.2753133Z [36;1m  -c '' \[0m
2025-05-27T09:44:14.2753325Z [36;1m  -l '' \[0m
2025-05-27T09:44:14.2753549Z [36;1m  -d 'default' \[0m
2025-05-27T09:44:14.2753863Z [36;1m  -g 'https://github.com/flutter/flutter.git' \[0m
2025-05-27T09:44:14.2754211Z [36;1m  stable[0m
2025-05-27T09:44:14.2766416Z shell: C:\Program Files\Git\bin\bash.EXE --noprofile --norc -e -o pipefail {0}
2025-05-27T09:44:14.2766830Z env:
2025-05-27T09:44:14.2767124Z   pythonLocation: C:\hostedtoolcache\windows\Python\3.11.9\x64
2025-05-27T09:44:14.2767618Z   PKG_CONFIG_PATH: C:\hostedtoolcache\windows\Python\3.11.9\x64/lib/pkgconfig
2025-05-27T09:44:14.2768087Z   Python_ROOT_DIR: C:\hostedtoolcache\windows\Python\3.11.9\x64
2025-05-27T09:44:14.2768524Z   Python2_ROOT_DIR: C:\hostedtoolcache\windows\Python\3.11.9\x64
2025-05-27T09:44:14.2768943Z   Python3_ROOT_DIR: C:\hostedtoolcache\windows\Python\3.11.9\x64
2025-05-27T09:44:14.2769256Z ##[endgroup]
2025-05-27T09:44:16.7095900Z ##[group]Run $GITHUB_ACTION_PATH/setup.sh \
2025-05-27T09:44:16.7096269Z [36;1m$GITHUB_ACTION_PATH/setup.sh \[0m
2025-05-27T09:44:16.7096574Z [36;1m  -n '3.24.0' \[0m
2025-05-27T09:44:16.7096807Z [36;1m  -a 'x64' \[0m
2025-05-27T09:44:16.7097134Z [36;1m  -c 'C:\hostedtoolcache\windows\flutter\stable-3.24.0-x64' \[0m
2025-05-27T09:44:16.7097593Z [36;1m  -d 'C:\Users\runneradmin\AppData\Local\Pub\Cache' \[0m
2025-05-27T09:44:16.7097925Z [36;1m  stable[0m
2025-05-27T09:44:16.7110147Z shell: C:\Program Files\Git\bin\bash.EXE --noprofile --norc -e -o pipefail {0}
2025-05-27T09:44:16.7110574Z env:
2025-05-27T09:44:16.7110858Z   pythonLocation: C:\hostedtoolcache\windows\Python\3.11.9\x64
2025-05-27T09:44:16.7111346Z   PKG_CONFIG_PATH: C:\hostedtoolcache\windows\Python\3.11.9\x64/lib/pkgconfig
2025-05-27T09:44:16.7111830Z   Python_ROOT_DIR: C:\hostedtoolcache\windows\Python\3.11.9\x64
2025-05-27T09:44:16.7112253Z   Python2_ROOT_DIR: C:\hostedtoolcache\windows\Python\3.11.9\x64
2025-05-27T09:44:16.7112683Z   Python3_ROOT_DIR: C:\hostedtoolcache\windows\Python\3.11.9\x64
2025-05-27T09:44:16.7113018Z ##[endgroup]
2025-05-27T09:44:18.4300828Z   % Total    % Received % Xferd  Average Speed   Time    Time     Time  Current
2025-05-27T09:44:18.4301621Z                                  Dload  Upload   Total   Spent    Left  Speed
2025-05-27T09:44:18.4301892Z 
2025-05-27T09:44:18.6949022Z   0     0    0     0    0     0      0      0 --:--:-- --:--:-- --:--:--     0
2025-05-27T09:44:19.7137797Z   0  964M    0 54761    0     0   201k      0  1:21:48 --:--:--  1:21:48  201k
2025-05-27T09:44:20.7266850Z  10  964M   10 98.0M    0     0  76.3M      0  0:00:12  0:00:01  0:00:11 76.3M
2025-05-27T09:44:21.8469186Z  21  964M   21  208M    0     0  90.5M      0  0:00:10  0:00:02  0:00:08 90.5M
2025-05-27T09:44:22.6946765Z  38  964M   38  370M    0     0   108M      0  0:00:08  0:00:03  0:00:05  108M
2025-05-27T09:44:23.6947604Z  53  964M   53  517M    0     0   121M      0  0:00:07  0:00:04  0:00:03  121M
2025-05-27T09:44:24.7390429Z  75  964M   75  724M    0     0   137M      0  0:00:07  0:00:05  0:00:02  144M
2025-05-27T09:44:25.4260108Z  91  964M   91  880M    0     0   139M      0  0:00:06  0:00:06 --:--:--  155M
2025-05-27T09:44:25.4269525Z 100  964M  100  964M    0     0   137M      0  0:00:06  0:00:06 --:--:--  160M
2025-05-27T09:45:43.5806064Z ##[group]Run echo "=== 当前工作目录 ==="
2025-05-27T09:45:43.5806567Z [36;1mecho "=== 当前工作目录 ==="[0m
2025-05-27T09:45:43.5806949Z [36;1mpwd[0m
2025-05-27T09:45:43.5807281Z [36;1mecho ""[0m
2025-05-27T09:45:43.5807823Z [36;1mecho "=== 目录内容 ==="[0m
2025-05-27T09:45:43.5808323Z [36;1mGet-ChildItem | Format-Table Name, Length, LastWriteTime[0m
2025-05-27T09:45:43.5808843Z [36;1mecho ""[0m
2025-05-27T09:45:43.5809125Z [36;1mecho "=== 检查关键文件 ==="[0m
2025-05-27T09:45:43.5809497Z [36;1mif (Test-Path "pubspec.yaml") { [0m
2025-05-27T09:45:43.5809926Z [36;1m  echo "✅ pubspec.yaml 存在" [0m
2025-05-27T09:45:43.5810288Z [36;1m} else { [0m
2025-05-27T09:45:43.5810599Z [36;1m  echo "❌ pubspec.yaml 不存在" [0m
2025-05-27T09:45:43.5810959Z [36;1m  exit 1[0m
2025-05-27T09:45:43.5811225Z [36;1m}[0m
2025-05-27T09:45:43.5811463Z [36;1mecho ""[0m
2025-05-27T09:45:43.5811752Z [36;1mecho "=== Flutter 版本信息 ==="[0m
2025-05-27T09:45:43.5812185Z [36;1mflutter --version[0m
2025-05-27T09:45:43.5847305Z shell: C:\Windows\System32\WindowsPowerShell\v1.0\powershell.EXE -command ". '{0}'"
2025-05-27T09:45:43.5847735Z env:
2025-05-27T09:45:43.5848037Z   pythonLocation: C:\hostedtoolcache\windows\Python\3.11.9\x64
2025-05-27T09:45:43.5848523Z   PKG_CONFIG_PATH: C:\hostedtoolcache\windows\Python\3.11.9\x64/lib/pkgconfig
2025-05-27T09:45:43.5848992Z   Python_ROOT_DIR: C:\hostedtoolcache\windows\Python\3.11.9\x64
2025-05-27T09:45:43.5849413Z   Python2_ROOT_DIR: C:\hostedtoolcache\windows\Python\3.11.9\x64
2025-05-27T09:45:43.5849828Z   Python3_ROOT_DIR: C:\hostedtoolcache\windows\Python\3.11.9\x64
2025-05-27T09:45:43.5850264Z   FLUTTER_ROOT: C:\hostedtoolcache\windows\flutter\stable-3.24.0-x64
2025-05-27T09:45:43.5850694Z   PUB_CACHE: C:\Users\runneradmin\AppData\Local\Pub\Cache
2025-05-27T09:45:43.5850995Z ##[endgroup]
2025-05-27T09:45:43.8604244Z === å½
2025-05-27T09:45:43.8604986Z å‰å·¥ä½œç›®å½•
2025-05-27T09:45:43.8605707Z ===
2025-05-27T09:45:43.8606102Z pwd
2025-05-27T09:45:43.8606554Z echo "
2025-05-27T09:45:43.8606926Z echo ===
2025-05-27T09:45:43.8607552Z ç›®å½•å†…å®¹
2025-05-27T09:45:43.8608002Z ===
2025-05-27T09:45:43.8608994Z Get-ChildItem | Format-Table Name, Length, LastWriteTime
2025-05-27T09:45:43.8609693Z echo "
2025-05-27T09:45:43.8610038Z echo ===
2025-05-27T09:45:43.8610616Z æ£€æŸ¥å…³é®æ–‡ä»¶ ===
2025-05-27T09:45:43.9110664Z âœ… pubspec.yaml å­˜åœ¨
2025-05-27T09:45:43.9111121Z 
2025-05-27T09:45:43.9113516Z === Flutter ç‰ˆæœ¬ä¿¡æ¯ ===
2025-05-27T09:45:44.4693388Z Flutter 3.24.0 • channel stable • https://github.com/flutter/flutter.git
2025-05-27T09:45:44.4694129Z Framework • revision 80c2e84975 (10 months ago) • 2024-07-30 23:06:49 +0700
2025-05-27T09:45:44.4694641Z Engine • revision b8800d88be
2025-05-27T09:45:44.4694974Z Tools • Dart 3.5.0 • DevTools 2.37.2
2025-05-27T09:45:44.5102476Z ##[group]Run flutter config --enable-windows-desktop
2025-05-27T09:45:44.5102987Z [36;1mflutter config --enable-windows-desktop[0m
2025-05-27T09:45:44.5137367Z shell: C:\Program Files\PowerShell\7\pwsh.EXE -command ". '{0}'"
2025-05-27T09:45:44.5137711Z env:
2025-05-27T09:45:44.5137984Z   pythonLocation: C:\hostedtoolcache\windows\Python\3.11.9\x64
2025-05-27T09:45:44.5138473Z   PKG_CONFIG_PATH: C:\hostedtoolcache\windows\Python\3.11.9\x64/lib/pkgconfig
2025-05-27T09:45:44.5138929Z   Python_ROOT_DIR: C:\hostedtoolcache\windows\Python\3.11.9\x64
2025-05-27T09:45:44.5139322Z   Python2_ROOT_DIR: C:\hostedtoolcache\windows\Python\3.11.9\x64
2025-05-27T09:45:44.5139730Z   Python3_ROOT_DIR: C:\hostedtoolcache\windows\Python\3.11.9\x64
2025-05-27T09:45:44.5140149Z   FLUTTER_ROOT: C:\hostedtoolcache\windows\flutter\stable-3.24.0-x64
2025-05-27T09:45:44.5140538Z   PUB_CACHE: C:\Users\runneradmin\AppData\Local\Pub\Cache
2025-05-27T09:45:44.5140833Z ##[endgroup]
2025-05-27T09:45:45.1008591Z 
2025-05-27T09:45:45.1039963Z   ╔════════════════════════════════════════════════════════════════════════════╗
2025-05-27T09:45:45.1041027Z   ║                 Welcome to Flutter! - https://flutter.dev                  ║
2025-05-27T09:45:45.1041766Z   ║                                                                            ║
2025-05-27T09:45:45.1042596Z   ║ The Flutter tool uses Google Analytics to anonymously report feature usage ║
2025-05-27T09:45:45.1043505Z   ║ statistics and basic crash reports. This data is used to help improve      ║
2025-05-27T09:45:45.1044167Z   ║ Flutter tools over time.                                                   ║
2025-05-27T09:45:45.1044599Z   ║                                                                            ║
2025-05-27T09:45:45.1045050Z   ║ Flutter tool analytics are not sent on the very first run. To disable      ║
2025-05-27T09:45:45.1045626Z   ║ reporting, type 'flutter config --no-analytics'. To display the current    ║
2025-05-27T09:45:45.1046224Z   ║ setting, type 'flutter config'. If you opt out of analytics, an opt-out    ║
2025-05-27T09:45:45.1046787Z   ║ event will be sent, and then no further information will be sent by the    ║
2025-05-27T09:45:45.1047261Z   ║ Flutter tool.                                                              ║
2025-05-27T09:45:45.1047641Z   ║                                                                            ║
2025-05-27T09:45:45.1048091Z   ║ By downloading the Flutter SDK, you agree to the Google Terms of Service.  ║
2025-05-27T09:45:45.1048650Z   ║ The Google Privacy Policy describes how data is handled in this service.   ║
2025-05-27T09:45:45.1049103Z   ║                                                                            ║
2025-05-27T09:45:45.1049557Z   ║ Moreover, Flutter includes the Dart SDK, which may send usage metrics and  ║
2025-05-27T09:45:45.1050068Z   ║ crash reports to Google.                                                   ║
2025-05-27T09:45:45.1050479Z   ║                                                                            ║
2025-05-27T09:45:45.1050891Z   ║ Read about data we send with crash reports:                                ║
2025-05-27T09:45:45.1051480Z   ║ https://flutter.dev/to/crash-reporting                                     ║
2025-05-27T09:45:45.1051919Z   ║                                                                            ║
2025-05-27T09:45:45.1053794Z   ║ See Google's privacy policy:                                               ║
2025-05-27T09:45:45.1054336Z   ║ https://policies.google.com/privacy                                        ║
2025-05-27T09:45:45.1054773Z   ║                                                                            ║
2025-05-27T09:45:45.1055196Z   ║ To disable animations in this tool, use                                    ║
2025-05-27T09:45:45.1055716Z   ║ 'flutter config --no-cli-animations'.                                      ║
2025-05-27T09:45:45.1058421Z   ╚════════════════════════════════════════════════════════════════════════════╝
2025-05-27T09:45:45.1058712Z 
2025-05-27T09:45:45.1506944Z Setting "enable-windows-desktop" value to "true".
2025-05-27T09:45:45.1509444Z 
2025-05-27T09:45:45.1510212Z You may need to restart any open editors for them to read new settings.
2025-05-27T09:45:45.4579106Z ##[group]Run echo "=== 清理项目 ==="
2025-05-27T09:45:45.4579492Z [36;1mecho "=== 清理项目 ==="[0m
2025-05-27T09:45:45.4579741Z [36;1mflutter clean[0m
2025-05-27T09:45:45.4579949Z [36;1mecho ""[0m
2025-05-27T09:45:45.4580143Z [36;1mecho "=== 获取依赖 ==="[0m
2025-05-27T09:45:45.4580365Z [36;1mflutter pub get[0m
2025-05-27T09:45:45.4614389Z shell: C:\Program Files\PowerShell\7\pwsh.EXE -command ". '{0}'"
2025-05-27T09:45:45.4614723Z env:
2025-05-27T09:45:45.4614981Z   pythonLocation: C:\hostedtoolcache\windows\Python\3.11.9\x64
2025-05-27T09:45:45.4615419Z   PKG_CONFIG_PATH: C:\hostedtoolcache\windows\Python\3.11.9\x64/lib/pkgconfig
2025-05-27T09:45:45.4615901Z   Python_ROOT_DIR: C:\hostedtoolcache\windows\Python\3.11.9\x64
2025-05-27T09:45:45.4616284Z   Python2_ROOT_DIR: C:\hostedtoolcache\windows\Python\3.11.9\x64
2025-05-27T09:45:45.4616678Z   Python3_ROOT_DIR: C:\hostedtoolcache\windows\Python\3.11.9\x64
2025-05-27T09:45:45.4617110Z   FLUTTER_ROOT: C:\hostedtoolcache\windows\flutter\stable-3.24.0-x64
2025-05-27T09:45:45.4617506Z   PUB_CACHE: C:\Users\runneradmin\AppData\Local\Pub\Cache
2025-05-27T09:45:45.4617791Z ##[endgroup]
2025-05-27T09:45:45.8306518Z === 清理项目 ===
2025-05-27T09:46:02.6414059Z 
2025-05-27T09:46:02.6416988Z === 获取依赖 ===
2025-05-27T09:46:03.1122555Z Resolving dependencies...
2025-05-27T09:46:04.7213073Z Downloading packages...
2025-05-27T09:46:17.6507042Z < _fe_analyzer_shared 72.0.0 (was 76.0.0) (82.0.0 available)
2025-05-27T09:46:17.6510539Z < _macros 0.3.2 from sdk dart (was 0.3.3 from sdk dart)
2025-05-27T09:46:17.6511162Z ! analyzer 6.7.0 (overridden) (7.4.5 available)
2025-05-27T09:46:17.6511647Z < async 2.11.0 (was 2.13.0) (2.13.0 available)
2025-05-27T09:46:17.6512107Z < boolean_selector 2.1.1 (was 2.1.2) (2.1.2 available)
2025-05-27T09:46:17.6512570Z < build 2.4.1 (was 2.4.2) (2.4.2 available)
2025-05-27T09:46:17.6513018Z < build_config 1.1.1 (was 1.1.2) (1.1.2 available)
2025-05-27T09:46:17.6513549Z < build_daemon 4.0.2 (was 4.0.4) (4.0.4 available)
2025-05-27T09:46:17.6513999Z < build_resolvers 2.4.2 (was 2.4.4) (2.4.4 available)
2025-05-27T09:46:17.6514463Z < build_runner 2.4.13 (was 2.4.15) (2.4.15 available)
2025-05-27T09:46:17.6514896Z < build_runner_core 7.3.2 (was 8.0.0) (8.0.0 available)
2025-05-27T09:46:17.6515317Z   built_value 8.9.5 (8.10.0 available)
2025-05-27T09:46:17.6515691Z < characters 1.3.0 (was 1.4.0) (1.4.0 available)
2025-05-27T09:46:17.6516080Z < clock 1.1.1 (was 1.1.2) (1.1.2 available)
2025-05-27T09:46:17.6516446Z < collection 1.18.0 (was 1.19.1) (1.19.1 available)
2025-05-27T09:46:17.6516887Z < dart_style 2.3.8 (was 3.1.0) (3.1.0 available)
2025-05-27T09:46:17.6517345Z < fake_async 1.3.1 (was 1.3.3) (1.3.3 available)
2025-05-27T09:46:17.6517803Z < ffi 2.1.3 (was 2.1.4) (2.1.4 available)
2025-05-27T09:46:17.6518204Z   file_picker 6.2.1 (10.1.9 available)
2025-05-27T09:46:17.6518556Z   flutter_hooks 0.20.5 (0.21.2 available)
2025-05-27T09:46:17.6518918Z   flutter_lints 3.0.2 (5.0.0 available)
2025-05-27T09:46:17.6519419Z < flutter_plugin_android_lifecycle 2.0.26 (was 2.0.28) (2.0.28 available)
2025-05-27T09:46:17.6520190Z < freezed 2.5.7 (was 2.5.8) (3.0.6 available)
2025-05-27T09:46:17.6520454Z   freezed_annotation 2.4.4 (3.0.0 available)
2025-05-27T09:46:17.6520720Z < http_parser 4.0.2 (was 4.1.2) (4.1.2 available)
2025-05-27T09:46:17.6520969Z   intl 0.19.0 (0.20.2 available)
2025-05-27T09:46:17.6521171Z < js 0.7.1 (was 0.7.2) (0.7.2 available)
2025-05-27T09:46:17.6521432Z < json_serializable 6.9.0 (was 6.9.5) (6.9.5 available)
2025-05-27T09:46:17.6521711Z < leak_tracker 10.0.5 (was 10.0.9) (11.0.1 available)
2025-05-27T09:46:17.6522025Z < leak_tracker_flutter_testing 3.0.5 (was 3.0.9) (3.0.10 available)
2025-05-27T09:46:17.6522327Z   leak_tracker_testing 3.0.1 (3.0.2 available)
2025-05-27T09:46:17.6522565Z   lints 3.0.0 (6.0.0 available)
2025-05-27T09:46:17.6522827Z < macros 0.1.2-main.4 (was 0.1.3-main.0) (0.1.3-main.0 available)
2025-05-27T09:46:17.6525396Z < matcher 0.12.16+1 (was 0.12.17) (0.12.17 available)
2025-05-27T09:46:17.6525816Z   material_color_utilities 0.11.1 (0.12.0 available)
2025-05-27T09:46:17.6526097Z < meta 1.15.0 (was 1.16.0) (1.17.0 available)
2025-05-27T09:46:17.6526357Z < path 1.9.0 (was 1.9.1) (1.9.1 available)
2025-05-27T09:46:17.6526647Z < path_provider_android 2.2.15 (was 2.2.17) (2.2.17 available)
2025-05-27T09:46:17.6526965Z < pubspec_parse 1.4.0 (was 1.5.0) (1.5.0 available)
2025-05-27T09:46:17.6527263Z < riverpod_analyzer_utils 0.5.8 (was 0.5.9) (0.5.10 available)
2025-05-27T09:46:17.6527594Z < riverpod_generator 2.6.3 (was 2.6.4) (2.6.5 available)
2025-05-27T09:46:17.6527931Z < shared_preferences_android 2.4.7 (was 2.4.10) (2.4.10 available)
2025-05-27T09:46:17.6528233Z < shelf 1.4.1 (was 1.4.2) (1.4.2 available)
2025-05-27T09:46:17.6528495Z < shelf_web_socket 2.0.1 (was 3.0.0) (3.0.0 available)
2025-05-27T09:46:17.6528809Z > sky_engine 0.0.99 from sdk flutter (was 0.0.0 from sdk flutter)
2025-05-27T09:46:17.6529148Z < source_gen 1.5.0 (was 2.0.0) (2.0.0 available)
2025-05-27T09:46:17.6529422Z < source_span 1.10.0 (was 1.10.1) (1.10.1 available)
2025-05-27T09:46:17.6529746Z < stack_trace 1.11.1 (was 1.12.1) (1.12.1 available)
2025-05-27T09:46:17.6558722Z < stream_channel 2.1.2 (was 2.1.4) (2.1.4 available)
2025-05-27T09:46:17.6559223Z < string_scanner 1.2.0 (was 1.4.1) (1.4.1 available)
2025-05-27T09:46:17.6559649Z < term_glyph 1.2.1 (was 1.2.2) (1.2.2 available)
2025-05-27T09:46:17.6560060Z < test_api 0.7.2 (was 0.7.4) (0.7.6 available)
2025-05-27T09:46:17.6560497Z < url_launcher_android 6.3.14 (was 6.3.16) (6.3.16 available)
2025-05-27T09:46:17.6560979Z < url_launcher_web 2.3.3 (was 2.4.1) (2.4.1 available)
2025-05-27T09:46:17.6561382Z   vector_math 2.1.4 (2.2.0 available)
2025-05-27T09:46:17.6561752Z < vm_service 14.2.4 (was 15.0.0) (15.0.1 available)
2025-05-27T09:46:17.6562164Z < win32 5.10.1 (was 5.13.0) (5.13.0 available)
2025-05-27T09:46:17.6562645Z These packages are no longer being depended on:
2025-05-27T09:46:17.6563094Z - http 1.4.0
2025-05-27T09:46:17.6563385Z Changed 47 dependencies!
2025-05-27T09:46:17.6563887Z 55 packages have newer versions incompatible with dependency constraints.
2025-05-27T09:46:17.6564543Z Try `flutter pub outdated` for more information.
2025-05-27T09:46:18.2957013Z ##[group]Run flutter analyze
2025-05-27T09:46:18.2957390Z [36;1mflutter analyze[0m
2025-05-27T09:46:18.2993194Z shell: C:\Program Files\PowerShell\7\pwsh.EXE -command ". '{0}'"
2025-05-27T09:46:18.2993563Z env:
2025-05-27T09:46:18.2993832Z   pythonLocation: C:\hostedtoolcache\windows\Python\3.11.9\x64
2025-05-27T09:46:18.2994327Z   PKG_CONFIG_PATH: C:\hostedtoolcache\windows\Python\3.11.9\x64/lib/pkgconfig
2025-05-27T09:46:18.2994822Z   Python_ROOT_DIR: C:\hostedtoolcache\windows\Python\3.11.9\x64
2025-05-27T09:46:18.2995269Z   Python2_ROOT_DIR: C:\hostedtoolcache\windows\Python\3.11.9\x64
2025-05-27T09:46:18.2995720Z   Python3_ROOT_DIR: C:\hostedtoolcache\windows\Python\3.11.9\x64
2025-05-27T09:46:18.2996163Z   FLUTTER_ROOT: C:\hostedtoolcache\windows\flutter\stable-3.24.0-x64
2025-05-27T09:46:18.2996757Z   PUB_CACHE: C:\Users\runneradmin\AppData\Local\Pub\Cache
2025-05-27T09:46:18.2997077Z ##[endgroup]
2025-05-27T09:46:33.4190786Z Analyzing material-anticheat...                                 
2025-05-27T09:46:33.4200074Z 
2025-05-27T09:46:33.4220775Z warning - The method doesn't override an inherited method - lib\models\similarity_result.freezed.dart:271:24 - override_on_non_overriding_member
2025-05-27T09:46:33.4223070Z warning - The method doesn't override an inherited method - lib\models\similarity_result.freezed.dart:527:24 - override_on_non_overriding_member
2025-05-27T09:46:33.4225411Z warning - Unused import: 'package:shared_preferences/shared_preferences.dart' - lib\screens\weighbridge_duplicate_detection_screen.dart:6:8 - unused_import
2025-05-27T09:46:33.4227519Z    info - Use 'const' with the constructor to improve performance - lib\screens\weighbridge_duplicate_detection_screen.dart:16:29 - prefer_const_constructors
2025-05-27T09:46:33.4229723Z    info - Don't invoke 'print' in production code - lib\screens\weighbridge_image_gallery_screen.dart:921:9 - avoid_print
2025-05-27T09:46:33.4232555Z    info - Don't use 'BuildContext's across async gaps - lib\screens\weighbridge_image_gallery_screen.dart:1117:24 - use_build_context_synchronously
2025-05-27T09:46:33.4235187Z    info - Don't use 'BuildContext's across async gaps - lib\screens\weighbridge_image_gallery_screen.dart:1120:30 - use_build_context_synchronously
2025-05-27T09:46:33.4238867Z    info - Don't use 'BuildContext's across async gaps - lib\screens\weighbridge_image_gallery_screen.dart:1131:28 - use_build_context_synchronously
2025-05-27T09:46:33.4242308Z warning - The member 'Provider<ApiService>.internal' can only be used within its package - lib\services\api_service.g.dart:13:28 - invalid_use_of_internal_member
2025-05-27T09:46:33.4248074Z    info - 'ProviderRef' is deprecated and shouldn't be used. will be removed in 3.0.0. Use Ref instead - lib\services\api_service.g.dart:22:25 - deprecated_member_use
2025-05-27T09:46:33.4250227Z warning - The member 'AutoDisposeNotifierProvider<CrawlerService, CrawlerState>.internal' can only be used within its package - lib\services\crawler_service.g.dart:14:5 - invalid_use_of_internal_member
2025-05-27T09:46:33.4252328Z    info - Use 'const' with the constructor to improve performance - lib\services\weighbridge_duplicate_detection_service.dart:134:13 - prefer_const_constructors
2025-05-27T09:46:33.4264755Z    info - Use 'const' with the constructor to improve performance - lib\services\weighbridge_duplicate_detection_service.dart:146:15 - prefer_const_constructors
2025-05-27T09:46:33.4266855Z    info - Use 'const' with the constructor to improve performance - lib\services\weighbridge_duplicate_detection_service.dart:158:13 - prefer_const_constructors
2025-05-27T09:46:33.4268854Z   error - Undefined name 'ProviderFor' used as an annotation - lib\services\weighbridge_duplicate_detection_service.g.dart:13:1 - undefined_annotation
2025-05-27T09:46:33.4270096Z   error - Undefined name 'WeighbridgeDuplicateDetectionService' - lib\services\weighbridge_duplicate_detection_service.g.dart:13:14 - undefined_identifier
2025-05-27T09:46:33.4329765Z   error - The name 'AutoDisposeAsyncNotifierProvider' isn't a class - lib\services\weighbridge_duplicate_detection_service.g.dart:14:54 - creation_with_non_type
2025-05-27T09:46:33.4331927Z   error - The name 'WeighbridgeDuplicateDetectionService' isn't a type, so it can't be used as a type argument - lib\services\weighbridge_duplicate_detection_service.g.dart:15:5 - non_type_as_type_argument
2025-05-27T09:46:33.4334048Z   error - The name 'WeighbridgeDuplicateDetectionResult' isn't a type, so it can't be used as a type argument - lib\services\weighbridge_duplicate_detection_service.g.dart:15:48 - non_type_as_type_argument
2025-05-27T09:46:33.4336082Z   error - Undefined name 'WeighbridgeDuplicateDetectionService' - lib\services\weighbridge_duplicate_detection_service.g.dart:16:3 - undefined_identifier
2025-05-27T09:46:33.4338145Z   error - The getter 'new' isn't defined for the type 'InvalidType' - lib\services\weighbridge_duplicate_detection_service.g.dart:16:40 - undefined_getter
2025-05-27T09:46:33.4339919Z    info - The declaration '_$WeighbridgeDuplicateDetectionService' isn't referenced - lib\services\weighbridge_duplicate_detection_service.g.dart:25:9 - unused_element
2025-05-27T09:46:33.4341777Z   error - Undefined class 'AutoDisposeAsyncNotifier' - lib\services\weighbridge_duplicate_detection_service.g.dart:26:7 - undefined_class
2025-05-27T09:46:33.4343696Z   error - The name 'WeighbridgeDuplicateDetectionResult' isn't a type, so it can't be used as a type argument - lib\services\weighbridge_duplicate_detection_service.g.dart:26:37 - non_type_as_type_argument
2025-05-27T09:46:33.4345503Z warning - The value of the field '_logService' isn't used - lib\services\weighbridge_image_similarity_service.dart:45:15 - unused_field
2025-05-27T09:46:33.4347069Z   error - Undefined name 'ProviderFor' used as an annotation - lib\services\weighbridge_image_similarity_service.g.dart:13:1 - undefined_annotation
2025-05-27T09:46:33.4348791Z   error - Undefined name 'WeighbridgeImageSimilarityService' - lib\services\weighbridge_image_similarity_service.g.dart:13:14 - undefined_identifier
2025-05-27T09:46:33.4350566Z   error - The name 'AutoDisposeAsyncNotifierProvider' isn't a class - lib\services\weighbridge_image_similarity_service.g.dart:14:51 - creation_with_non_type
2025-05-27T09:46:33.4352563Z   error - The name 'WeighbridgeImageSimilarityService' isn't a type, so it can't be used as a type argument - lib\services\weighbridge_image_similarity_service.g.dart:15:5 - non_type_as_type_argument
2025-05-27T09:46:33.4355101Z   error - The name 'WeighbridgeImageSimilarityResult' isn't a type, so it can't be used as a type argument - lib\services\weighbridge_image_similarity_service.g.dart:15:45 - non_type_as_type_argument
2025-05-27T09:46:33.4357088Z   error - Undefined name 'WeighbridgeImageSimilarityService' - lib\services\weighbridge_image_similarity_service.g.dart:16:3 - undefined_identifier
2025-05-27T09:46:33.4359251Z   error - The getter 'new' isn't defined for the type 'InvalidType' - lib\services\weighbridge_image_similarity_service.g.dart:16:37 - undefined_getter
2025-05-27T09:46:33.4360924Z    info - The declaration '_$WeighbridgeImageSimilarityService' isn't referenced - lib\services\weighbridge_image_similarity_service.g.dart:25:9 - unused_element
2025-05-27T09:46:33.4361870Z   error - Undefined class 'AutoDisposeAsyncNotifier' - lib\services\weighbridge_image_similarity_service.g.dart:26:7 - undefined_class
2025-05-27T09:46:33.4362856Z   error - The name 'WeighbridgeImageSimilarityResult' isn't a type, so it can't be used as a type argument - lib\services\weighbridge_image_similarity_service.g.dart:26:37 - non_type_as_type_argument
2025-05-27T09:46:33.4363866Z   error - Undefined name 'ProviderFor' used as an annotation - lib\services\weighbridge_image_similarity_service.g.dart:32:1 - undefined_annotation
2025-05-27T09:46:33.4364727Z   error - Undefined name 'weighbridgeSuspiciousImages' - lib\services\weighbridge_image_similarity_service.g.dart:32:14 - undefined_identifier
2025-05-27T09:46:33.4366308Z   error - The name 'AutoDisposeProvider' isn't a class - lib\services\weighbridge_image_similarity_service.g.dart:33:45 - creation_with_non_type
2025-05-27T09:46:33.4367227Z   error - The name 'AsyncValue' isn't a type, so it can't be used as a type argument - lib\services\weighbridge_image_similarity_service.g.dart:33:65 - non_type_as_type_argument
2025-05-27T09:46:33.4368237Z   error - The name 'WeighbridgeImageSimilarityResult' isn't a type, so it can't be used as a type argument - lib\services\weighbridge_image_similarity_service.g.dart:33:81 - non_type_as_type_argument
2025-05-27T09:46:33.4369223Z   error - Undefined name 'weighbridgeSuspiciousImages' - lib\services\weighbridge_image_similarity_service.g.dart:34:3 - undefined_identifier
2025-05-27T09:46:33.4370040Z   error - Undefined class 'AutoDisposeProviderRef' - lib\services\weighbridge_image_similarity_service.g.dart:43:42 - undefined_class
2025-05-27T09:46:33.4371073Z   error - The name 'AsyncValue' isn't a type, so it can't be used as a type argument - lib\services\weighbridge_image_similarity_service.g.dart:43:65 - non_type_as_type_argument
2025-05-27T09:46:33.4372084Z   error - The name 'WeighbridgeImageSimilarityResult' isn't a type, so it can't be used as a type argument - lib\services\weighbridge_image_similarity_service.g.dart:43:81 - non_type_as_type_argument
2025-05-27T09:46:33.4372670Z 
2025-05-27T09:46:33.4461557Z 44 issues found. (ran in 13.7s)
2025-05-27T09:46:33.5509385Z ##[error]Process completed with exit code 1.
2025-05-27T09:46:33.5647241Z ##[group]Run echo "=== 开始构建 Windows 应用 ==="
2025-05-27T09:46:33.5647715Z [36;1mecho "=== 开始构建 Windows 应用 ==="[0m
2025-05-27T09:46:33.5648083Z [36;1mflutter build windows --release --verbose[0m
2025-05-27T09:46:33.5683414Z shell: C:\Program Files\PowerShell\7\pwsh.EXE -command ". '{0}'"
2025-05-27T09:46:33.5683767Z env:
2025-05-27T09:46:33.5684017Z   pythonLocation: C:\hostedtoolcache\windows\Python\3.11.9\x64
2025-05-27T09:46:33.5684445Z   PKG_CONFIG_PATH: C:\hostedtoolcache\windows\Python\3.11.9\x64/lib/pkgconfig
2025-05-27T09:46:33.5684862Z   Python_ROOT_DIR: C:\hostedtoolcache\windows\Python\3.11.9\x64
2025-05-27T09:46:33.5685231Z   Python2_ROOT_DIR: C:\hostedtoolcache\windows\Python\3.11.9\x64
2025-05-27T09:46:33.5685608Z   Python3_ROOT_DIR: C:\hostedtoolcache\windows\Python\3.11.9\x64
2025-05-27T09:46:33.5685982Z   FLUTTER_ROOT: C:\hostedtoolcache\windows\flutter\stable-3.24.0-x64
2025-05-27T09:46:33.5686386Z   PUB_CACHE: C:\Users\runneradmin\AppData\Local\Pub\Cache
2025-05-27T09:46:33.5686652Z ##[endgroup]
2025-05-27T09:46:33.8471330Z === 开始构建 Windows 应用 ===
2025-05-27T09:46:34.0339322Z [  +50 ms] Artifact Instance of 'AndroidGenSnapshotArtifacts' is not required, skipping update.
2025-05-27T09:46:34.0341285Z [   +4 ms] Artifact Instance of 'AndroidInternalBuildArtifacts' is not required, skipping update.
2025-05-27T09:46:34.0342856Z [        ] Artifact Instance of 'IOSEngineArtifacts' is not required, skipping update.
2025-05-27T09:46:34.0344270Z [        ] Artifact Instance of 'FlutterWebSdk' is not required, skipping update.
2025-05-27T09:46:34.0345701Z [        ] Artifact Instance of 'LegacyCanvasKitRemover' is not required, skipping update.
2025-05-27T09:46:34.0370729Z [   +2 ms] Artifact Instance of 'WindowsEngineArtifacts' is not required, skipping update.
2025-05-27T09:46:34.0372568Z [        ] Artifact Instance of 'MacOSEngineArtifacts' is not required, skipping update.
2025-05-27T09:46:34.0374879Z [        ] Artifact Instance of 'LinuxEngineArtifacts' is not required, skipping update.
2025-05-27T09:46:34.0377297Z [        ] Artifact Instance of 'LinuxFuchsiaSDKArtifacts' is not required, skipping update.
2025-05-27T09:46:34.0379661Z [        ] Artifact Instance of 'MacOSFuchsiaSDKArtifacts' is not required, skipping update.
2025-05-27T09:46:34.0382466Z [        ] Artifact Instance of 'FlutterRunnerSDKArtifacts' is not required, skipping update.
2025-05-27T09:46:34.0384249Z [        ] Artifact Instance of 'FlutterRunnerDebugSymbols' is not required, skipping update.
2025-05-27T09:46:34.0852240Z [  +46 ms] Artifact Instance of 'MaterialFonts' is not required, skipping update.
2025-05-27T09:46:34.0854231Z [        ] Artifact Instance of 'GradleWrapper' is not required, skipping update.
2025-05-27T09:46:34.0856471Z [        ] Artifact Instance of 'AndroidGenSnapshotArtifacts' is not required, skipping update.
2025-05-27T09:46:34.0858827Z [        ] Artifact Instance of 'AndroidInternalBuildArtifacts' is not required, skipping update.
2025-05-27T09:46:34.0860996Z [        ] Artifact Instance of 'IOSEngineArtifacts' is not required, skipping update.
2025-05-27T09:46:34.0862964Z [        ] Artifact Instance of 'FlutterWebSdk' is not required, skipping update.
2025-05-27T09:46:34.0865141Z [        ] Artifact Instance of 'LegacyCanvasKitRemover' is not required, skipping update.
2025-05-27T09:46:34.0867166Z [        ] Artifact Instance of 'FlutterSdk' is not required, skipping update.
2025-05-27T09:46:34.0889668Z [   +2 ms] Artifact Instance of 'MacOSEngineArtifacts' is not required, skipping update.
2025-05-27T09:46:34.0890409Z [        ] Artifact Instance of 'LinuxEngineArtifacts' is not required, skipping update.
2025-05-27T09:46:34.0891767Z [        ] Artifact Instance of 'LinuxFuchsiaSDKArtifacts' is not required, skipping update.
2025-05-27T09:46:34.0892507Z [        ] Artifact Instance of 'MacOSFuchsiaSDKArtifacts' is not required, skipping update.
2025-05-27T09:46:34.0897159Z [        ] Artifact Instance of 'FlutterRunnerSDKArtifacts' is not required, skipping update.
2025-05-27T09:46:34.0898234Z [        ] Artifact Instance of 'FlutterRunnerDebugSymbols' is not required, skipping update.
2025-05-27T09:46:34.0899155Z [        ] Artifact Instance of 'IosUsbArtifacts' is not required, skipping update.
2025-05-27T09:46:34.0899961Z [        ] Artifact Instance of 'IosUsbArtifacts' is not required, skipping update.
2025-05-27T09:46:34.0900795Z [        ] Artifact Instance of 'IosUsbArtifacts' is not required, skipping update.
2025-05-27T09:46:34.0902120Z [        ] Artifact Instance of 'IosUsbArtifacts' is not required, skipping update.
2025-05-27T09:46:34.0903429Z [        ] Artifact Instance of 'IosUsbArtifacts' is not required, skipping update.
2025-05-27T09:46:34.0904525Z [        ] Artifact Instance of 'FontSubsetArtifacts' is not required, skipping update.
2025-05-27T09:46:34.0905354Z [        ] Artifact Instance of 'PubDependencies' is not required, skipping update.
2025-05-27T09:46:34.1461380Z [  +55 ms] Skipping pub get: version match.
2025-05-27T09:46:34.2251503Z [  +78 ms] Found plugin file_picker at C:\Users\runneradmin\AppData\Local\Pub\Cache\hosted\pub.dev\file_picker-6.2.1\
2025-05-27T09:46:34.2345118Z [   +9 ms] Found plugin flutter_plugin_android_lifecycle at C:\Users\runneradmin\AppData\Local\Pub\Cache\hosted\pub.dev\flutter_plugin_android_lifecycle-2.0.26\
2025-05-27T09:46:34.2710232Z [  +36 ms] Found plugin path_provider at C:\Users\runneradmin\AppData\Local\Pub\Cache\hosted\pub.dev\path_provider-2.1.5\
2025-05-27T09:46:34.2726531Z [   +1 ms] Found plugin path_provider_android at C:\Users\runneradmin\AppData\Local\Pub\Cache\hosted\pub.dev\path_provider_android-2.2.15\
2025-05-27T09:46:34.2747265Z [   +1 ms] Found plugin path_provider_foundation at C:\Users\runneradmin\AppData\Local\Pub\Cache\hosted\pub.dev\path_provider_foundation-2.4.1\
2025-05-27T09:46:34.2768849Z [   +2 ms] Found plugin path_provider_linux at C:\Users\runneradmin\AppData\Local\Pub\Cache\hosted\pub.dev\path_provider_linux-2.2.1\
2025-05-27T09:46:34.2803533Z [   +3 ms] Found plugin path_provider_windows at C:\Users\runneradmin\AppData\Local\Pub\Cache\hosted\pub.dev\path_provider_windows-2.3.0\
2025-05-27T09:46:34.2956443Z [  +15 ms] Found plugin shared_preferences at C:\Users\runneradmin\AppData\Local\Pub\Cache\hosted\pub.dev\shared_preferences-2.5.3\
2025-05-27T09:46:34.2978119Z [   +2 ms] Found plugin shared_preferences_android at C:\Users\runneradmin\AppData\Local\Pub\Cache\hosted\pub.dev\shared_preferences_android-2.4.7\
2025-05-27T09:46:34.2998891Z [   +2 ms] Found plugin shared_preferences_foundation at C:\Users\runneradmin\AppData\Local\Pub\Cache\hosted\pub.dev\shared_preferences_foundation-2.5.4\
2025-05-27T09:46:34.3020575Z [   +2 ms] Found plugin shared_preferences_linux at C:\Users\runneradmin\AppData\Local\Pub\Cache\hosted\pub.dev\shared_preferences_linux-2.4.1\
2025-05-27T09:46:34.3054044Z [   +3 ms] Found plugin shared_preferences_web at C:\Users\runneradmin\AppData\Local\Pub\Cache\hosted\pub.dev\shared_preferences_web-2.4.3\
2025-05-27T09:46:34.3084544Z [   +3 ms] Found plugin shared_preferences_windows at C:\Users\runneradmin\AppData\Local\Pub\Cache\hosted\pub.dev\shared_preferences_windows-2.4.1\
2025-05-27T09:46:34.3262004Z [  +17 ms] Found plugin url_launcher at C:\Users\runneradmin\AppData\Local\Pub\Cache\hosted\pub.dev\url_launcher-6.3.1\
2025-05-27T09:46:34.3279099Z [   +1 ms] Found plugin url_launcher_android at C:\Users\runneradmin\AppData\Local\Pub\Cache\hosted\pub.dev\url_launcher_android-6.3.14\
2025-05-27T09:46:34.3294721Z [   +1 ms] Found plugin url_launcher_ios at C:\Users\runneradmin\AppData\Local\Pub\Cache\hosted\pub.dev\url_launcher_ios-6.3.3\
2025-05-27T09:46:34.3309931Z [   +1 ms] Found plugin url_launcher_linux at C:\Users\runneradmin\AppData\Local\Pub\Cache\hosted\pub.dev\url_launcher_linux-3.2.1\
2025-05-27T09:46:34.3325355Z [   +1 ms] Found plugin url_launcher_macos at C:\Users\runneradmin\AppData\Local\Pub\Cache\hosted\pub.dev\url_launcher_macos-3.2.2\
2025-05-27T09:46:34.3364029Z [   +2 ms] Found plugin url_launcher_web at C:\Users\runneradmin\AppData\Local\Pub\Cache\hosted\pub.dev\url_launcher_web-2.3.3\
2025-05-27T09:46:34.3380129Z [   +2 ms] Found plugin url_launcher_windows at C:\Users\runneradmin\AppData\Local\Pub\Cache\hosted\pub.dev\url_launcher_windows-3.1.4\
2025-05-27T09:46:34.4130327Z [  +74 ms] Found plugin file_picker at C:\Users\runneradmin\AppData\Local\Pub\Cache\hosted\pub.dev\file_picker-6.2.1\
2025-05-27T09:46:34.4172212Z [   +4 ms] Found plugin flutter_plugin_android_lifecycle at C:\Users\runneradmin\AppData\Local\Pub\Cache\hosted\pub.dev\flutter_plugin_android_lifecycle-2.0.26\
2025-05-27T09:46:34.4399535Z [  +22 ms] Found plugin path_provider at C:\Users\runneradmin\AppData\Local\Pub\Cache\hosted\pub.dev\path_provider-2.1.5\
2025-05-27T09:46:34.4410655Z [   +1 ms] Found plugin path_provider_android at C:\Users\runneradmin\AppData\Local\Pub\Cache\hosted\pub.dev\path_provider_android-2.2.15\
2025-05-27T09:46:34.4421321Z [   +1 ms] Found plugin path_provider_foundation at C:\Users\runneradmin\AppData\Local\Pub\Cache\hosted\pub.dev\path_provider_foundation-2.4.1\
2025-05-27T09:46:34.4433545Z [   +1 ms] Found plugin path_provider_linux at C:\Users\runneradmin\AppData\Local\Pub\Cache\hosted\pub.dev\path_provider_linux-2.2.1\
2025-05-27T09:46:34.4455458Z [   +2 ms] Found plugin path_provider_windows at C:\Users\runneradmin\AppData\Local\Pub\Cache\hosted\pub.dev\path_provider_windows-2.3.0\
2025-05-27T09:46:34.4549658Z [   +9 ms] Found plugin shared_preferences at C:\Users\runneradmin\AppData\Local\Pub\Cache\hosted\pub.dev\shared_preferences-2.5.3\
2025-05-27T09:46:34.4560376Z [   +1 ms] Found plugin shared_preferences_android at C:\Users\runneradmin\AppData\Local\Pub\Cache\hosted\pub.dev\shared_preferences_android-2.4.7\
2025-05-27T09:46:34.4572107Z [   +1 ms] Found plugin shared_preferences_foundation at C:\Users\runneradmin\AppData\Local\Pub\Cache\hosted\pub.dev\shared_preferences_foundation-2.5.4\
2025-05-27T09:46:34.4583749Z [   +1 ms] Found plugin shared_preferences_linux at C:\Users\runneradmin\AppData\Local\Pub\Cache\hosted\pub.dev\shared_preferences_linux-2.4.1\
2025-05-27T09:46:34.4603517Z [   +1 ms] Found plugin shared_preferences_web at C:\Users\runneradmin\AppData\Local\Pub\Cache\hosted\pub.dev\shared_preferences_web-2.4.3\
2025-05-27T09:46:34.4614934Z [   +1 ms] Found plugin shared_preferences_windows at C:\Users\runneradmin\AppData\Local\Pub\Cache\hosted\pub.dev\shared_preferences_windows-2.4.1\
2025-05-27T09:46:34.4737883Z [  +12 ms] Found plugin url_launcher at C:\Users\runneradmin\AppData\Local\Pub\Cache\hosted\pub.dev\url_launcher-6.3.1\
2025-05-27T09:46:34.4748758Z [   +1 ms] Found plugin url_launcher_android at C:\Users\runneradmin\AppData\Local\Pub\Cache\hosted\pub.dev\url_launcher_android-6.3.14\
2025-05-27T09:46:34.4758938Z [   +1 ms] Found plugin url_launcher_ios at C:\Users\runneradmin\AppData\Local\Pub\Cache\hosted\pub.dev\url_launcher_ios-6.3.3\
2025-05-27T09:46:34.4769820Z [   +1 ms] Found plugin url_launcher_linux at C:\Users\runneradmin\AppData\Local\Pub\Cache\hosted\pub.dev\url_launcher_linux-3.2.1\
2025-05-27T09:46:34.4781147Z [   +1 ms] Found plugin url_launcher_macos at C:\Users\runneradmin\AppData\Local\Pub\Cache\hosted\pub.dev\url_launcher_macos-3.2.2\
2025-05-27T09:46:34.4801671Z [   +2 ms] Found plugin url_launcher_web at C:\Users\runneradmin\AppData\Local\Pub\Cache\hosted\pub.dev\url_launcher_web-2.3.3\
2025-05-27T09:46:34.4812373Z [   +1 ms] Found plugin url_launcher_windows at C:\Users\runneradmin\AppData\Local\Pub\Cache\hosted\pub.dev\url_launcher_windows-3.1.4\
2025-05-27T09:46:34.5389927Z [  +57 ms] Found plugin file_picker at C:\Users\runneradmin\AppData\Local\Pub\Cache\hosted\pub.dev\file_picker-6.2.1\
2025-05-27T09:46:34.5422646Z [   +3 ms] Found plugin flutter_plugin_android_lifecycle at C:\Users\runneradmin\AppData\Local\Pub\Cache\hosted\pub.dev\flutter_plugin_android_lifecycle-2.0.26\
2025-05-27T09:46:34.5627636Z [  +20 ms] Found plugin path_provider at C:\Users\runneradmin\AppData\Local\Pub\Cache\hosted\pub.dev\path_provider-2.1.5\
2025-05-27T09:46:34.5638308Z [   +1 ms] Found plugin path_provider_android at C:\Users\runneradmin\AppData\Local\Pub\Cache\hosted\pub.dev\path_provider_android-2.2.15\
2025-05-27T09:46:34.5652332Z [   +1 ms] Found plugin path_provider_foundation at C:\Users\runneradmin\AppData\Local\Pub\Cache\hosted\pub.dev\path_provider_foundation-2.4.1\
2025-05-27T09:46:34.5661868Z [        ] Found plugin path_provider_linux at C:\Users\runneradmin\AppData\Local\Pub\Cache\hosted\pub.dev\path_provider_linux-2.2.1\
2025-05-27T09:46:34.5677802Z [   +1 ms] Found plugin path_provider_windows at C:\Users\runneradmin\AppData\Local\Pub\Cache\hosted\pub.dev\path_provider_windows-2.3.0\
2025-05-27T09:46:34.5749522Z [   +7 ms] Found plugin shared_preferences at C:\Users\runneradmin\AppData\Local\Pub\Cache\hosted\pub.dev\shared_preferences-2.5.3\
2025-05-27T09:46:34.5760329Z [   +1 ms] Found plugin shared_preferences_android at C:\Users\runneradmin\AppData\Local\Pub\Cache\hosted\pub.dev\shared_preferences_android-2.4.7\
2025-05-27T09:46:34.5770937Z [   +1 ms] Found plugin shared_preferences_foundation at C:\Users\runneradmin\AppData\Local\Pub\Cache\hosted\pub.dev\shared_preferences_foundation-2.5.4\
2025-05-27T09:46:34.5781243Z [   +1 ms] Found plugin shared_preferences_linux at C:\Users\runneradmin\AppData\Local\Pub\Cache\hosted\pub.dev\shared_preferences_linux-2.4.1\
2025-05-27T09:46:34.5799354Z [   +1 ms] Found plugin shared_preferences_web at C:\Users\runneradmin\AppData\Local\Pub\Cache\hosted\pub.dev\shared_preferences_web-2.4.3\
2025-05-27T09:46:34.5809607Z [   +1 ms] Found plugin shared_preferences_windows at C:\Users\runneradmin\AppData\Local\Pub\Cache\hosted\pub.dev\shared_preferences_windows-2.4.1\
2025-05-27T09:46:34.5955404Z [  +14 ms] Found plugin url_launcher at C:\Users\runneradmin\AppData\Local\Pub\Cache\hosted\pub.dev\url_launcher-6.3.1\
2025-05-27T09:46:34.5967463Z [   +1 ms] Found plugin url_launcher_android at C:\Users\runneradmin\AppData\Local\Pub\Cache\hosted\pub.dev\url_launcher_android-6.3.14\
2025-05-27T09:46:34.5976536Z [        ] Found plugin url_launcher_ios at C:\Users\runneradmin\AppData\Local\Pub\Cache\hosted\pub.dev\url_launcher_ios-6.3.3\
2025-05-27T09:46:34.5988484Z [   +1 ms] Found plugin url_launcher_linux at C:\Users\runneradmin\AppData\Local\Pub\Cache\hosted\pub.dev\url_launcher_linux-3.2.1\
2025-05-27T09:46:34.6000817Z [   +1 ms] Found plugin url_launcher_macos at C:\Users\runneradmin\AppData\Local\Pub\Cache\hosted\pub.dev\url_launcher_macos-3.2.2\
2025-05-27T09:46:34.6019968Z [   +1 ms] Found plugin url_launcher_web at C:\Users\runneradmin\AppData\Local\Pub\Cache\hosted\pub.dev\url_launcher_web-2.3.3\
2025-05-27T09:46:34.6030469Z [   +1 ms] Found plugin url_launcher_windows at C:\Users\runneradmin\AppData\Local\Pub\Cache\hosted\pub.dev\url_launcher_windows-3.1.4\
2025-05-27T09:46:34.6647742Z [  +61 ms] executing: C:\Program Files (x86)\Microsoft Visual Studio\Installer\vswhere.exe -format json -products * -utf8 -latest -version 16 -requires Microsoft.VisualStudio.Workload.NativeDesktop Microsoft.VisualStudio.Component.VC.Tools.x86.x64 Microsoft.VisualStudio.Component.VC.CMake.Project
2025-05-27T09:46:35.2398932Z [ +574 ms] Exit code 0 from: C:\Program Files (x86)\Microsoft Visual Studio\Installer\vswhere.exe -format json -products * -utf8 -latest -version 16 -requires Microsoft.VisualStudio.Workload.NativeDesktop Microsoft.VisualStudio.Component.VC.Tools.x86.x64 Microsoft.VisualStudio.Component.VC.CMake.Project
2025-05-27T09:46:35.2401840Z [        ] [
2025-05-27T09:46:35.2402134Z              {
2025-05-27T09:46:35.2402415Z                "instanceId": "91fe6584",
2025-05-27T09:46:35.2402816Z                "installDate": "2025-05-11T21:44:15Z",
2025-05-27T09:46:35.2403231Z                "installationName": "VisualStudio/17.13.2+35825.156",
2025-05-27T09:46:35.2403759Z                "installationPath": "C:\\Program Files\\Microsoft Visual Studio\\2022\\Enterprise",
2025-05-27T09:46:35.2404261Z                "installationVersion": "17.13.35825.156",
2025-05-27T09:46:35.2404865Z                "productId": "Microsoft.VisualStudio.Product.Enterprise",
2025-05-27T09:46:35.2405527Z                "productPath": "C:\\Program Files\\Microsoft Visual Studio\\2022\\Enterprise\\Common7\\IDE\\devenv.exe",
2025-05-27T09:46:35.2406072Z                "state": 4294967295,
2025-05-27T09:46:35.2406345Z                "isComplete": true,
2025-05-27T09:46:35.2406615Z                "isLaunchable": true,
2025-05-27T09:46:35.2406887Z                "isPrerelease": false,
2025-05-27T09:46:35.2407169Z                "isRebootRequired": false,
2025-05-27T09:46:35.2407498Z                "displayName": "Visual Studio Enterprise 2022",
2025-05-27T09:46:35.2407954Z                "description": "Scalable, end-to-end solution for teams of any size",
2025-05-27T09:46:35.2408390Z                "channelId": "VisualStudio.17.Release",
2025-05-27T09:46:35.2408781Z                "channelUri": "https://aka.ms/vs/17/release/channel",
2025-05-27T09:46:35.2409605Z                "enginePath": "C:\\Program Files (x86)\\Microsoft Visual Studio\\Installer\\resources\\app\\ServiceHub\\Services\\Microsoft.VisualStudio.Setup.Service",
2025-05-27T09:46:35.2410504Z                "installChannelUri": "https://aka.ms/vs/17/release/658092423_1519083591/channel",
2025-05-27T09:46:35.2411011Z                "installedChannelId": "VisualStudio.17.Release",
2025-05-27T09:46:35.2411460Z                "installedChannelUri": "https://aka.ms/vs/17/release/channel",
2025-05-27T09:46:35.2412158Z                "releaseNotes": "https://docs.microsoft.com/en-us/visualstudio/releases/2022/release-notes-v17.13#17.13.2",
2025-05-27T09:46:35.2412957Z                "resolvedInstallationPath": "C:\\Program Files\\Microsoft Visual Studio\\2022\\Enterprise",
2025-05-27T09:46:35.2413592Z                "thirdPartyNotices": "https://go.microsoft.com/fwlink/?LinkId=661288",
2025-05-27T09:46:35.2414044Z                "updateDate": "2025-05-11T21:44:15.4258402Z",
2025-05-27T09:46:35.2414338Z                "catalog": {
2025-05-27T09:46:35.2414587Z                  "buildBranch": "d17.13",
2025-05-27T09:46:35.2414880Z                  "buildVersion": "17.13.35825.156",
2025-05-27T09:46:35.2415185Z                  "id": "VisualStudio/17.13.2+35825.156",
2025-05-27T09:46:35.2415488Z                  "localBuild": "build-lab",
2025-05-27T09:46:35.2415788Z                  "manifestName": "VisualStudio",
2025-05-27T09:46:35.2416098Z                  "manifestType": "installer",
2025-05-27T09:46:35.2416408Z                  "productDisplayVersion": "17.13.2",
2025-05-27T09:46:35.2416716Z                  "productLine": "Dev17",
2025-05-27T09:46:35.2417006Z                  "productLineVersion": "2022",
2025-05-27T09:46:35.2417308Z                  "productMilestone": "RTW",
2025-05-27T09:46:35.2417572Z                  "productMilestoneIsPreRelease": "False",
2025-05-27T09:46:35.2417839Z                  "productName": "Visual Studio",
2025-05-27T09:46:35.2418093Z                  "productPatchVersion": "2",
2025-05-27T09:46:35.2418370Z                  "productPreReleaseMilestoneSuffix": "1.0",
2025-05-27T09:46:35.2418669Z                  "productSemanticVersion": "17.13.2+35825.156",
2025-05-27T09:46:35.2418945Z                  "requiredEngineVersion": "3.13.2069.59209"
2025-05-27T09:46:35.2419186Z                },
2025-05-27T09:46:35.2419462Z                "properties": {
2025-05-27T09:46:35.2419671Z                  "campaignId": "",
2025-05-27T09:46:35.2419976Z                  "channelManifestId": "VisualStudio.17.Release/17.13.2+35825.156",
2025-05-27T09:46:35.2420306Z                  "includeRecommended": "1",
2025-05-27T09:46:35.2420541Z                  "nickname": "",
2025-05-27T09:46:35.2420919Z                  "setupEngineFilePath": "C:\\Program Files (x86)\\Microsoft Visual Studio\\Installer\\setup.exe"
2025-05-27T09:46:35.2421317Z                }
2025-05-27T09:46:35.2421464Z              }
2025-05-27T09:46:35.2421610Z            ]
2025-05-27T09:46:35.2613189Z [  +21 ms] Building Windows application...
2025-05-27T09:46:35.2644694Z [   +3 ms] executing: C:\Program Files\Microsoft Visual Studio\2022\Enterprise\Common7\IDE\CommonExtensions\Microsoft\CMake\CMake\bin\cmake.exe -S D:\a\material-anticheat\material-anticheat\windows -B D:\a\material-anticheat\material-anticheat\build\windows\x64 -G Visual Studio 17 2022 -A x64 -DFLUTTER_TARGET_PLATFORM=windows-x64
2025-05-27T09:46:54.8059948Z [+19541 ms] -- The CXX compiler identification is MSVC 19.43.34808.0
2025-05-27T09:46:54.9884854Z [ +182 ms] -- Detecting CXX compiler ABI info
2025-05-27T09:46:57.0751623Z [+2086 ms] -- Detecting CXX compiler ABI info - done
2025-05-27T09:46:57.1810268Z [ +105 ms] -- Check for working CXX compiler: C:/Program Files/Microsoft Visual Studio/2022/Enterprise/VC/Tools/MSVC/14.43.34808/bin/Hostx64/x64/cl.exe - skipped
2025-05-27T09:46:57.1819428Z [   +1 ms] -- Detecting CXX compile features
2025-05-27T09:46:57.1834522Z [   +1 ms] -- Detecting CXX compile features - done
2025-05-27T09:46:57.2246112Z [  +41 ms] -- Configuring done (20.8s)
2025-05-27T09:46:57.2784598Z [  +53 ms] -- Generating done (0.1s)
2025-05-27T09:46:57.2791881Z [        ] -- Build files have been written to: D:/a/material-anticheat/material-anticheat/build/windows/x64
2025-05-27T09:46:57.3018930Z [  +22 ms] executing: C:\Program Files\Microsoft Visual Studio\2022\Enterprise\Common7\IDE\CommonExtensions\Microsoft\CMake\CMake\bin\cmake.exe --build D:\a\material-anticheat\material-anticheat\build\windows\x64 --config Release --target INSTALL --verbose
2025-05-27T09:46:57.3562101Z [  +54 ms] Change Dir: 'D:/a/material-anticheat/material-anticheat/build/windows/x64'
2025-05-27T09:46:57.3566420Z [        ] Run Build Command(s): "C:/Program Files/Microsoft Visual Studio/2022/Enterprise/MSBuild/Current/Bin/amd64/MSBuild.exe" INSTALL.vcxproj /p:Configuration=Release /p:Platform=x64 /p:VisualStudioVersion=17.0 /v:n
2025-05-27T09:46:57.4122641Z [  +55 ms] MSBuild version 17.13.15+18b3035f6 for .NET Framework
2025-05-27T09:46:57.4453320Z [  +33 ms] Build started 5/27/2025 9:46:57 AM.
2025-05-27T09:46:57.6518916Z [ +206 ms] Project "D:\a\material-anticheat\material-anticheat\build\windows\x64\INSTALL.vcxproj" on node 1 (default targets).
2025-05-27T09:46:57.6523328Z [        ] Project "D:\a\material-anticheat\material-anticheat\build\windows\x64\INSTALL.vcxproj" (1) is building "D:\a\material-anticheat\material-anticheat\build\windows\x64\ZERO_CHECK.vcxproj" (2) on node 1 (default targets).
2025-05-27T09:46:57.6525330Z [        ] PrepareForBuild:
2025-05-27T09:46:57.6525761Z [        ]   Creating directory "x64\Release\ZERO_CHECK\".
2025-05-27T09:46:57.6576930Z [   +5 ms]   Structured output is enabled. The formatting of compiler diagnostics will reflect the error hierarchy. See https://aka.ms/cpp/structured-output for more details.
2025-05-27T09:46:57.6578576Z [        ]   Creating directory "x64\Release\ZERO_CHECK\ZERO_CHECK.tlog\".
2025-05-27T09:46:57.6603220Z [   +2 ms] InitializeBuildStatus:
2025-05-27T09:46:57.6606118Z [        ]   Creating "x64\Release\ZERO_CHECK\ZERO_CHECK.tlog\unsuccessfulbuild" because "AlwaysCreate" was specified.
2025-05-27T09:46:57.6607583Z [        ]   Touching "x64\Release\ZERO_CHECK\ZERO_CHECK.tlog\unsuccessfulbuild".
2025-05-27T09:46:57.8780324Z [ +217 ms] CustomBuild:
2025-05-27T09:46:57.8781387Z [        ]   1>Checking Build System
2025-05-27T09:46:57.9427472Z [  +64 ms] FinalizeBuildStatus:
2025-05-27T09:46:57.9428406Z [        ]   Deleting file "x64\Release\ZERO_CHECK\ZERO_CHECK.tlog\unsuccessfulbuild".
2025-05-27T09:46:57.9431223Z [        ]   Touching "x64\Release\ZERO_CHECK\ZERO_CHECK.tlog\ZERO_CHECK.lastbuildstate".
2025-05-27T09:46:57.9443602Z [   +1 ms] Done Building Project "D:\a\material-anticheat\material-anticheat\build\windows\x64\ZERO_CHECK.vcxproj" (default targets).
2025-05-27T09:46:58.0493606Z [ +104 ms] Project "D:\a\material-anticheat\material-anticheat\build\windows\x64\INSTALL.vcxproj" (1) is building "D:\a\material-anticheat\material-anticheat\build\windows\x64\ALL_BUILD.vcxproj" (3) on node 1 (default targets).
2025-05-27T09:46:58.0497518Z [        ] Project "D:\a\material-anticheat\material-anticheat\build\windows\x64\ALL_BUILD.vcxproj" (3) is building "D:\a\material-anticheat\material-anticheat\build\windows\x64\flutter\flutter_wrapper_app.vcxproj" (4) on node 1 (default targets).
2025-05-27T09:46:58.0500044Z [        ] Project "D:\a\material-anticheat\material-anticheat\build\windows\x64\flutter\flutter_wrapper_app.vcxproj" (4) is building "D:\a\material-anticheat\material-anticheat\build\windows\x64\flutter\flutter_assemble.vcxproj" (5) on node 1 (default targets).
2025-05-27T09:46:58.0501493Z [        ] PrepareForBuild:
2025-05-27T09:46:58.0501899Z [        ]   Creating directory "x64\Release\flutter_assemble\".
2025-05-27T09:46:58.0510186Z [   +1 ms]   Structured output is enabled. The formatting of compiler diagnostics will reflect the error hierarchy. See https://aka.ms/cpp/structured-output for more details.
2025-05-27T09:46:58.0512225Z [        ]   Creating directory "x64\Release\flutter_assemble\flutter_assemble.tlog\".
2025-05-27T09:46:58.0527475Z [   +1 ms] InitializeBuildStatus:
2025-05-27T09:46:58.0530089Z [        ]   Creating "x64\Release\flutter_assemble\flutter_assemble.tlog\unsuccessfulbuild" because "AlwaysCreate" was specified.
2025-05-27T09:46:58.0532106Z [        ]   Touching "x64\Release\flutter_assemble\flutter_assemble.tlog\unsuccessfulbuild".
2025-05-27T09:46:58.0541372Z [        ] ComputeCustomBuildOutput:
2025-05-27T09:46:58.0543932Z [        ]   Creating directory "D:\a\material-anticheat\material-anticheat\windows\flutter\ephemeral\cpp_client_wrapper\".
2025-05-27T09:46:58.0556883Z [   +1 ms] CustomBuild:
2025-05-27T09:46:58.0560797Z [        ]   "The build of 'D:\a\material-anticheat\material-anticheat\build\windows\x64\CMakeFiles\5116d33fa54645aee4cc0dd2bf38f93d\flutter_assemble.rule' depends on 'D:\A\MATERIAL-ANTICHEAT\MATERIAL-ANTICHEAT\WINDOWS\FLUTTER\EPHEMERAL\FLUTTER_WINDOWS.DLL' which is produced by the build of 'D:\a\material-anticheat\material-anticheat\build\windows\x64\CMakeFiles\ade246b61e87ebac2e9509f81a237b53\flutter_windows.dll.rule'. The items cannot be built in parallel."
2025-05-27T09:46:58.1169734Z [  +60 ms]   Generating D:/a/material-anticheat/material-anticheat/windows/flutter/ephemeral/flutter_windows.dll, D:/a/material-anticheat/material-anticheat/windows/flutter/ephemeral/flutter_export.h, D:/a/material-anticheat/material-anticheat/windows/flutter/ephemeral/flutter_windows.h, D:/a/material-anticheat/material-anticheat/windows/flutter/ephemeral/flutter_messenger.h, D:/a/material-anticheat/material-anticheat/windows/flutter/ephemeral/flutter_plugin_registrar.h, D:/a/material-anticheat/material-anticheat/windows/flutter/ephemeral/flutter_texture_registrar.h, D:/a/material-anticheat/material-anticheat/windows/flutter/ephemeral/cpp_client_wrapper/core_implementations.cc, D:/a/material-anticheat/material-anticheat/windows/flutter/ephemeral/cpp_client_wrapper/standard_codec.cc, D:/a/material-anticheat/material-anticheat/windows/flutter/ephemeral/cpp_client_wrapper/plugin_registrar.cc, D:/a/material-anticheat/material-anticheat/windows/flutter/ephemeral/cpp_client_wrapper/flutter_engine.cc, D:/a/material-anticheat/material-anticheat/windows/flutter/ephemeral/cpp_client_wrapper/flutter_view_controller.cc, _phony_
2025-05-27T09:46:58.6907593Z [ +573 ms]   [  +47 ms] Artifact Instance of 'AndroidGenSnapshotArtifacts' is not required, skipping update.
2025-05-27T09:46:58.6909459Z [        ]   [   +4 ms] Artifact Instance of 'AndroidInternalBuildArtifacts' is not required, skipping update.
2025-05-27T09:46:58.6910587Z [        ]   [        ] Artifact Instance of 'IOSEngineArtifacts' is not required, skipping update.
2025-05-27T09:46:58.6911584Z [        ]   [        ] Artifact Instance of 'FlutterWebSdk' is not required, skipping update.
2025-05-27T09:46:58.6912610Z [        ]   [        ] Artifact Instance of 'LegacyCanvasKitRemover' is not required, skipping update.
2025-05-27T09:46:58.6914443Z [        ]   [   +2 ms] Artifact Instance of 'WindowsEngineArtifacts' is not required, skipping update.
2025-05-27T09:46:58.6915578Z [        ]   [        ] Artifact Instance of 'MacOSEngineArtifacts' is not required, skipping update.
2025-05-27T09:46:58.6919092Z [        ]   [        ] Artifact Instance of 'LinuxEngineArtifacts' is not required, skipping update.
2025-05-27T09:46:58.6919876Z [        ]   [        ] Artifact Instance of 'LinuxFuchsiaSDKArtifacts' is not required, skipping update.
2025-05-27T09:46:58.6920907Z [        ]   [        ] Artifact Instance of 'MacOSFuchsiaSDKArtifacts' is not required, skipping update.
2025-05-27T09:46:58.6921779Z [        ]   [        ] Artifact Instance of 'FlutterRunnerSDKArtifacts' is not required, skipping update.
2025-05-27T09:46:58.6922778Z [        ]   [        ] Artifact Instance of 'FlutterRunnerDebugSymbols' is not required, skipping update.
2025-05-27T09:46:58.7741620Z [  +80 ms]   [  +89 ms] Artifact Instance of 'MaterialFonts' is not required, skipping update.
2025-05-27T09:46:58.7742590Z [        ]   [        ] Artifact Instance of 'GradleWrapper' is not required, skipping update.
2025-05-27T09:46:58.7744213Z [        ]   [        ] Artifact Instance of 'AndroidGenSnapshotArtifacts' is not required, skipping update.
2025-05-27T09:46:58.7745221Z [        ]   [        ] Artifact Instance of 'AndroidInternalBuildArtifacts' is not required, skipping update.
2025-05-27T09:46:58.7745734Z [        ]   [        ] Artifact Instance of 'IOSEngineArtifacts' is not required, skipping update.
2025-05-27T09:46:58.7746167Z [        ]   [        ] Artifact Instance of 'FlutterWebSdk' is not required, skipping update.
2025-05-27T09:46:58.7746613Z [        ]   [        ] Artifact Instance of 'LegacyCanvasKitRemover' is not required, skipping update.
2025-05-27T09:46:58.7747048Z [        ]   [        ] Artifact Instance of 'FlutterSdk' is not required, skipping update.
2025-05-27T09:46:58.7767461Z [   +2 ms]   [   +2 ms] Artifact Instance of 'MacOSEngineArtifacts' is not required, skipping update.
2025-05-27T09:46:58.7771519Z [        ]   [        ] Artifact Instance of 'LinuxEngineArtifacts' is not required, skipping update.
2025-05-27T09:46:58.7776174Z [        ]   [        ] Artifact Instance of 'LinuxFuchsiaSDKArtifacts' is not required, skipping update.
2025-05-27T09:46:58.7779553Z [        ]   [        ] Artifact Instance of 'MacOSFuchsiaSDKArtifacts' is not required, skipping update.
2025-05-27T09:46:58.7783836Z [        ]   [        ] Artifact Instance of 'FlutterRunnerSDKArtifacts' is not required, skipping update.
2025-05-27T09:46:58.7786784Z [        ]   [        ] Artifact Instance of 'FlutterRunnerDebugSymbols' is not required, skipping update.
2025-05-27T09:46:58.7787724Z [        ]   [        ] Artifact Instance of 'IosUsbArtifacts' is not required, skipping update.
2025-05-27T09:46:58.7788569Z [        ]   [        ] Artifact Instance of 'IosUsbArtifacts' is not required, skipping update.
2025-05-27T09:46:58.7790165Z [        ]   [        ] Artifact Instance of 'IosUsbArtifacts' is not required, skipping update.
2025-05-27T09:46:58.7790986Z [        ]   [        ] Artifact Instance of 'IosUsbArtifacts' is not required, skipping update.
2025-05-27T09:46:58.7791805Z [        ]   [        ] Artifact Instance of 'IosUsbArtifacts' is not required, skipping update.
2025-05-27T09:46:58.7793094Z [        ]   [        ] Artifact Instance of 'FontSubsetArtifacts' is not required, skipping update.
2025-05-27T09:46:58.7793836Z [        ]   [        ] Artifact Instance of 'PubDependencies' is not required, skipping update.
2025-05-27T09:46:58.7950470Z [  +15 ms]   [  +16 ms] Initializing file store
2025-05-27T09:46:58.8151950Z [  +20 ms]   [  +20 ms] Skipping target: gen_localizations
2025-05-27T09:46:58.8257356Z [  +10 ms]   [  +10 ms] gen_dart_plugin_registrant: Starting due to {InvalidatedReasonKind.inputChanged: The following inputs have updated contents: D:\a\material-anticheat\material-anticheat\.dart_tool\package_config_subset}
2025-05-27T09:46:58.8292806Z [   +3 ms]   [   +3 ms] unpack_windows: Starting due to {}
2025-05-27T09:46:58.9738506Z [ +144 ms]   [ +143 ms] unpack_windows: Complete
2025-05-27T09:47:01.3584243Z [+2384 ms]   [+2384 ms] Found plugin file_picker at C:\Users\runneradmin\AppData\Local\Pub\Cache\hosted\pub.dev\file_picker-6.2.1\
2025-05-27T09:47:01.3666266Z [   +8 ms]   [   +8 ms] Found plugin flutter_plugin_android_lifecycle at C:\Users\runneradmin\AppData\Local\Pub\Cache\hosted\pub.dev\flutter_plugin_android_lifecycle-2.0.26\
2025-05-27T09:47:01.3992631Z [  +32 ms]   [  +32 ms] Found plugin path_provider at C:\Users\runneradmin\AppData\Local\Pub\Cache\hosted\pub.dev\path_provider-2.1.5\
2025-05-27T09:47:01.4005047Z [   +1 ms]   [   +1 ms] Found plugin path_provider_android at C:\Users\runneradmin\AppData\Local\Pub\Cache\hosted\pub.dev\path_provider_android-2.2.15\
2025-05-27T09:47:01.4023375Z [   +1 ms]   [   +1 ms] Found plugin path_provider_foundation at C:\Users\runneradmin\AppData\Local\Pub\Cache\hosted\pub.dev\path_provider_foundation-2.4.1\
2025-05-27T09:47:01.4043756Z [   +2 ms]   [   +2 ms] Found plugin path_provider_linux at C:\Users\runneradmin\AppData\Local\Pub\Cache\hosted\pub.dev\path_provider_linux-2.2.1\
2025-05-27T09:47:01.4072235Z [   +2 ms]   [   +2 ms] Found plugin path_provider_windows at C:\Users\runneradmin\AppData\Local\Pub\Cache\hosted\pub.dev\path_provider_windows-2.3.0\
2025-05-27T09:47:01.4204751Z [  +13 ms]   [  +12 ms] Found plugin shared_preferences at C:\Users\runneradmin\AppData\Local\Pub\Cache\hosted\pub.dev\shared_preferences-2.5.3\
2025-05-27T09:47:01.4219735Z [   +1 ms]   [   +1 ms] Found plugin shared_preferences_android at C:\Users\runneradmin\AppData\Local\Pub\Cache\hosted\pub.dev\shared_preferences_android-2.4.7\
2025-05-27T09:47:01.4236054Z [   +1 ms]   [   +1 ms] Found plugin shared_preferences_foundation at C:\Users\runneradmin\AppData\Local\Pub\Cache\hosted\pub.dev\shared_preferences_foundation-2.5.4\
2025-05-27T09:47:01.4252342Z [   +1 ms]   [   +1 ms] Found plugin shared_preferences_linux at C:\Users\runneradmin\AppData\Local\Pub\Cache\hosted\pub.dev\shared_preferences_linux-2.4.1\
2025-05-27T09:47:01.4278593Z [   +2 ms]   [   +2 ms] Found plugin shared_preferences_web at C:\Users\runneradmin\AppData\Local\Pub\Cache\hosted\pub.dev\shared_preferences_web-2.4.3\
2025-05-27T09:47:01.4307579Z [   +2 ms]   [   +3 ms] Found plugin shared_preferences_windows at C:\Users\runneradmin\AppData\Local\Pub\Cache\hosted\pub.dev\shared_preferences_windows-2.4.1\
2025-05-27T09:47:01.4497101Z [  +18 ms]   [  +18 ms] Found plugin url_launcher at C:\Users\runneradmin\AppData\Local\Pub\Cache\hosted\pub.dev\url_launcher-6.3.1\
2025-05-27T09:47:01.4511925Z [   +1 ms]   [   +1 ms] Found plugin url_launcher_android at C:\Users\runneradmin\AppData\Local\Pub\Cache\hosted\pub.dev\url_launcher_android-6.3.14\
2025-05-27T09:47:01.4527379Z [   +1 ms]   [   +1 ms] Found plugin url_launcher_ios at C:\Users\runneradmin\AppData\Local\Pub\Cache\hosted\pub.dev\url_launcher_ios-6.3.3\
2025-05-27T09:47:01.4542050Z [   +1 ms]   [   +1 ms] Found plugin url_launcher_linux at C:\Users\runneradmin\AppData\Local\Pub\Cache\hosted\pub.dev\url_launcher_linux-3.2.1\
2025-05-27T09:47:01.4557527Z [   +1 ms]   [   +1 ms] Found plugin url_launcher_macos at C:\Users\runneradmin\AppData\Local\Pub\Cache\hosted\pub.dev\url_launcher_macos-3.2.2\
2025-05-27T09:47:01.4596679Z [   +3 ms]   [   +3 ms] Found plugin url_launcher_web at C:\Users\runneradmin\AppData\Local\Pub\Cache\hosted\pub.dev\url_launcher_web-2.3.3\
2025-05-27T09:47:01.4613699Z [   +1 ms]   [   +1 ms] Found plugin url_launcher_windows at C:\Users\runneradmin\AppData\Local\Pub\Cache\hosted\pub.dev\url_launcher_windows-3.1.4\
2025-05-27T09:47:01.5049532Z [  +43 ms]   [  +42 ms] gen_dart_plugin_registrant: Complete
2025-05-27T09:47:01.5065839Z [   +1 ms]   [   +2 ms] kernel_snapshot_program: Starting due to {}
2025-05-27T09:47:01.5171494Z [   +9 ms]   [   +9 ms] C:\hostedtoolcache\windows\flutter\stable-3.24.0-x64\bin\cache\dart-sdk\bin\dartaotruntime.exe --disable-dart-dev C:\hostedtoolcache\windows\flutter\stable-3.24.0-x64\bin\cache\dart-sdk\bin\snapshots\frontend_server_aot.dart.snapshot --sdk-root C:\hostedtoolcache\windows\flutter\stable-3.24.0-x64\bin\cache\artifacts\engine\common\flutter_patched_sdk_product/ --target=flutter --no-print-incremental-dependencies -Ddart.vm.profile=false -Ddart.vm.product=true --delete-tostring-package-uri=dart:ui --delete-tostring-package-uri=package:flutter --aot --tfa --target-os windows --packages D:\a\material-anticheat\material-anticheat\.dart_tool\package_config.json --output-dill D:\a\material-anticheat\material-anticheat\.dart_tool\flutter_build\3a2bcdce013086c5bb6308d62d3028ec\program.dill --depfile D:\a\material-anticheat\material-anticheat\.dart_tool\flutter_build\3a2bcdce013086c5bb6308d62d3028ec\kernel_snapshot_program.d --source file:///D:/a/material-anticheat/material-anticheat/.dart_tool/flutter_build/dart_plugin_registrant.dart --source package:flutter/src/dart_plugin_registrant.dart -Dflutter.dart_plugin_registrant=file:///D:/a/material-anticheat/material-anticheat/.dart_tool/flutter_build/dart_plugin_registrant.dart --verbosity=error package:material_anticheat/main.dart
2025-05-27T09:47:16.8750577Z [+15358 ms]   [+15358 ms] kernel_snapshot_program: Complete
2025-05-27T09:47:17.4843943Z [ +609 ms]   [ +609 ms] native_assets: Starting due to {}
2025-05-27T09:47:17.5326279Z [  +48 ms]   [  +48 ms] No packages with native assets. Skipping native assets compilation.
2025-05-27T09:47:17.5327197Z [        ]   [        ] Writing native_assets.yaml.
2025-05-27T09:47:17.5449636Z [  +12 ms]   [  +12 ms] Writing D:\a\material-anticheat\material-anticheat\.dart_tool\flutter_build\3a2bcdce013086c5bb6308d62d3028ec\native_assets.yaml done.
2025-05-27T09:47:17.5462076Z [   +1 ms]   [   +1 ms] native_assets: Complete
2025-05-27T09:47:17.5490069Z [   +2 ms]   [   +2 ms] kernel_snapshot_native_assets: Starting due to {InvalidatedReasonKind.inputChanged: The following inputs have updated contents: D:\a\material-anticheat\material-anticheat\.dart_tool\flutter_build\3a2bcdce013086c5bb6308d62d3028ec\native_assets.yaml,D:\a\material-anticheat\material-anticheat\.dart_tool\package_config_subset,C:\hostedtoolcache\windows\flutter\stable-3.24.0-x64\packages\flutter_tools\lib\src\build_system\targets\common.dart,C:\hostedtoolcache\windows\flutter\stable-3.24.0-x64\bin\internal\engine.version,C:\hostedtoolcache\windows\flutter\stable-3.24.0-x64\bin\internal\engine.version,C:\hostedtoolcache\windows\flutter\stable-3.24.0-x64\bin\internal\engine.version,C:\hostedtoolcache\windows\flutter\stable-3.24.0-x64\bin\internal\engine.version}
2025-05-27T09:47:17.5509525Z [   +2 ms]   [   +2 ms] kernel_snapshot_native_assets: Complete
2025-05-27T09:47:17.5526431Z [   +1 ms]   [   +1 ms] kernel_snapshot: Starting due to {InvalidatedReasonKind.inputChanged: The following inputs have updated contents: D:\a\material-anticheat\material-anticheat\.dart_tool\flutter_build\3a2bcdce013086c5bb6308d62d3028ec\program.dill,D:\a\material-anticheat\material-anticheat\.dart_tool\flutter_build\3a2bcdce013086c5bb6308d62d3028ec\native_assets.dill}
2025-05-27T09:47:17.5690654Z [  +16 ms]   [  +16 ms] kernel_snapshot: Complete
2025-05-27T09:47:17.7339544Z [ +164 ms]   [ +163 ms] aot_elf_release: Starting due to {InvalidatedReasonKind.inputChanged: The following inputs have updated contents: C:\hostedtoolcache\windows\flutter\stable-3.24.0-x64\packages\flutter_tools\lib\src\build_system\targets\common.dart,C:\hostedtoolcache\windows\flutter\stable-3.24.0-x64\bin\internal\engine.version,C:\hostedtoolcache\windows\flutter\stable-3.24.0-x64\bin\internal\engine.version,C:\hostedtoolcache\windows\flutter\stable-3.24.0-x64\bin\internal\engine.version,D:\a\material-anticheat\material-anticheat\.dart_tool\flutter_build\3a2bcdce013086c5bb6308d62d3028ec\app.dill}
2025-05-27T09:47:17.7369547Z [   +3 ms]   [   +4 ms] targetingApplePlatform = false
2025-05-27T09:47:17.7371939Z [        ]   [        ] extractAppleDebugSymbols = true
2025-05-27T09:47:17.7373922Z [        ]   [        ] Will strip AOT snapshot during build.
2025-05-27T09:47:17.7395212Z [   +1 ms]   [   +2 ms] executing: C:\hostedtoolcache\windows\flutter\stable-3.24.0-x64\bin\cache\artifacts\engine\windows-x64-release\gen_snapshot --deterministic --snapshot_kind=app-aot-elf --elf=D:\a\material-anticheat\material-anticheat\.dart_tool\flutter_build\3a2bcdce013086c5bb6308d62d3028ec\app.so --strip D:\a\material-anticheat\material-anticheat\.dart_tool\flutter_build\3a2bcdce013086c5bb6308d62d3028ec\app.dill
2025-05-27T09:47:30.7445498Z [+13005 ms]   [+13004 ms] aot_elf_release: Complete
2025-05-27T09:47:30.7790099Z [  +34 ms]   [  +34 ms] windows_aot_bundle: Starting due to {InvalidatedReasonKind.inputChanged: The following inputs have updated contents: D:\a\material-anticheat\material-anticheat\.dart_tool\flutter_build\3a2bcdce013086c5bb6308d62d3028ec\app.so}
2025-05-27T09:47:30.7826046Z [   +3 ms]   [   +4 ms] windows_aot_bundle: Complete
2025-05-27T09:47:30.8166392Z [  +33 ms]   [  +33 ms] release_bundle_windows-x64_assets: Starting due to {}
2025-05-27T09:47:30.9501985Z [ +132 ms]   [ +132 ms] shaderc command: [C:\hostedtoolcache\windows\flutter\stable-3.24.0-x64\bin\cache\artifacts\engine\windows-x64\impellerc.exe, --sksl, --runtime-stage-gles, --runtime-stage-vulkan, --iplr, --sl=D:\a\material-anticheat\material-anticheat\build\flutter_assets\shaders/ink_sparkle.frag, --spirv=D:\a\material-anticheat\material-anticheat\build\flutter_assets\shaders/ink_sparkle.frag.spirv, --input=C:\hostedtoolcache\windows\flutter\stable-3.24.0-x64\packages\flutter\lib\src\material\shaders\ink_sparkle.frag, --input-type=frag, --include=C:\hostedtoolcache\windows\flutter\stable-3.24.0-x64\packages\flutter\lib\src\material\shaders, --include=C:\hostedtoolcache\windows\flutter\stable-3.24.0-x64\bin\cache\artifacts\engine\windows-x64\shader_lib]
2025-05-27T09:47:31.5413918Z [ +591 ms]   [ +591 ms] release_bundle_windows-x64_assets: Complete
2025-05-27T09:47:31.5830038Z [  +41 ms]   [  +41 ms] Persisting file store
2025-05-27T09:47:31.5947428Z [  +11 ms]   [  +12 ms] Done persisting file store
2025-05-27T09:47:31.6026951Z [   +7 ms]   [   +8 ms] build succeeded.
2025-05-27T09:47:31.6123053Z [   +9 ms]   [   +9 ms] "flutter assemble" took 32,941ms.
2025-05-27T09:47:31.6143752Z [   +2 ms]   [   +2 ms] ensureAnalyticsSent: 0ms
2025-05-27T09:47:31.6145001Z [        ]   [        ] Running 1 shutdown hook
2025-05-27T09:47:31.6147817Z [        ]   [        ] Shutdown hooks complete
2025-05-27T09:47:31.6149882Z [        ]   [        ] exiting with code 0
2025-05-27T09:47:31.6585742Z [  +43 ms]   Building Custom Rule D:/a/material-anticheat/material-anticheat/windows/flutter/CMakeLists.txt
2025-05-27T09:47:31.7087446Z [  +50 ms] FinalizeBuildStatus:
2025-05-27T09:47:31.7089894Z [        ]   Deleting file "x64\Release\flutter_assemble\flutter_assemble.tlog\unsuccessfulbuild".
2025-05-27T09:47:31.7091654Z [        ]   Touching "x64\Release\flutter_assemble\flutter_assemble.tlog\flutter_assemble.lastbuildstate".
2025-05-27T09:47:31.7101995Z [        ] Done Building Project "D:\a\material-anticheat\material-anticheat\build\windows\x64\flutter\flutter_assemble.vcxproj" (default targets).
2025-05-27T09:47:31.7143348Z [   +4 ms] PrepareForBuild:
2025-05-27T09:47:31.7145587Z [        ]   Creating directory "flutter_wrapper_app.dir\Release\".
2025-05-27T09:47:31.7163359Z [   +1 ms]   Structured output is enabled. The formatting of compiler diagnostics will reflect the error hierarchy. See https://aka.ms/cpp/structured-output for more details.
2025-05-27T09:47:31.7166150Z [        ]   Creating directory "D:\a\material-anticheat\material-anticheat\build\windows\x64\flutter\Release\".
2025-05-27T09:47:31.7167329Z [        ]   Creating directory "flutter_wrapper_app.dir\Release\flutter_.EB7F3120.tlog\".
2025-05-27T09:47:31.7179197Z [   +1 ms] InitializeBuildStatus:
2025-05-27T09:47:31.7181718Z [        ]   Creating "flutter_wrapper_app.dir\Release\flutter_.EB7F3120.tlog\unsuccessfulbuild" because "AlwaysCreate" was specified.
2025-05-27T09:47:31.7184083Z [        ]   Touching "flutter_wrapper_app.dir\Release\flutter_.EB7F3120.tlog\unsuccessfulbuild".
2025-05-27T09:47:31.7472707Z [  +28 ms] CustomBuild:
2025-05-27T09:47:31.7475201Z [        ]   Building Custom Rule D:/a/material-anticheat/material-anticheat/windows/flutter/CMakeLists.txt
2025-05-27T09:47:31.8288028Z [  +81 ms] ClCompile:
2025-05-27T09:47:31.8301545Z [        ]   C:\Program Files\Microsoft Visual Studio\2022\Enterprise\VC\Tools\MSVC\14.43.34808\bin\HostX64\x64\CL.exe /c /I"D:\a\material-anticheat\material-anticheat\windows\flutter\ephemeral\cpp_client_wrapper\include" /I"D:\a\material-anticheat\material-anticheat\windows\flutter\ephemeral" /nologo /W4 /WX /diagnostics:column /O2 /Ob2 /D _UNICODE /D UNICODE /D WIN32 /D _WINDOWS /D NDEBUG /D _HAS_EXCEPTIONS=0 /D UNICODE /D _UNICODE /D "CMAKE_INTDIR=\"Release\"" /EHsc /MD /GS /fp:precise /Zc:wchar_t /Zc:forScope /Zc:inline /GR /std:c++17 /Fo"flutter_wrapper_app.dir\Release\\" /Fd"D:\a\material-anticheat\material-anticheat\build\windows\x64\flutter\Release\flutter_wrapper_app.pdb" /external:W4 /Gd /TP /wd4100 /errorReport:queue "D:\a\material-anticheat\material-anticheat\windows\flutter\ephemeral\cpp_client_wrapper\core_implementations.cc" "D:\a\material-anticheat\material-anticheat\windows\flutter\ephemeral\cpp_client_wrapper\standard_codec.cc" "D:\a\material-anticheat\material-anticheat\windows\flutter\ephemeral\cpp_client_wrapper\flutter_engine.cc" "D:\a\material-anticheat\material-anticheat\windows\flutter\ephemeral\cpp_client_wrapper\flutter_view_controller.cc"
2025-05-27T09:47:31.8718619Z [  +42 ms]   core_implementations.cc
2025-05-27T09:47:34.7447741Z [+2872 ms]   standard_codec.cc
2025-05-27T09:47:35.7403743Z [ +995 ms]   flutter_engine.cc
2025-05-27T09:47:39.6037716Z [+3863 ms]   flutter_view_controller.cc
2025-05-27T09:47:40.4335644Z [ +829 ms]   Generating Code...
2025-05-27T09:47:42.4540332Z [+2020 ms] Lib:
2025-05-27T09:47:42.4543401Z [        ]   C:\Program Files\Microsoft Visual Studio\2022\Enterprise\VC\Tools\MSVC\14.43.34808\bin\HostX64\x64\Lib.exe /OUT:"D:\a\material-anticheat\material-anticheat\build\windows\x64\flutter\Release\flutter_wrapper_app.lib" /NOLOGO /MACHINE:X64  /machine:x64 flutter_wrapper_app.dir\Release\core_implementations.obj
2025-05-27T09:47:42.4544902Z [        ]   flutter_wrapper_app.dir\Release\standard_codec.obj
2025-05-27T09:47:42.4545258Z [        ]   flutter_wrapper_app.dir\Release\flutter_engine.obj
2025-05-27T09:47:42.4546084Z [        ]   flutter_wrapper_app.dir\Release\flutter_view_controller.obj
2025-05-27T09:47:42.5339178Z [  +78 ms]   flutter_wrapper_app.vcxproj -> D:\a\material-anticheat\material-anticheat\build\windows\x64\flutter\Release\flutter_wrapper_app.lib
2025-05-27T09:47:42.5479204Z [  +14 ms] FinalizeBuildStatus:
2025-05-27T09:47:42.5482787Z [        ]   Deleting file "flutter_wrapper_app.dir\Release\flutter_.EB7F3120.tlog\unsuccessfulbuild".
2025-05-27T09:47:42.5492007Z [        ]   Touching "flutter_wrapper_app.dir\Release\flutter_.EB7F3120.tlog\flutter_wrapper_app.lastbuildstate".
2025-05-27T09:47:42.5495395Z [        ] Done Building Project "D:\a\material-anticheat\material-anticheat\build\windows\x64\flutter\flutter_wrapper_app.vcxproj" (default targets).
2025-05-27T09:47:42.5780467Z [  +28 ms] Project "D:\a\material-anticheat\material-anticheat\build\windows\x64\ALL_BUILD.vcxproj" (3) is building "D:\a\material-anticheat\material-anticheat\build\windows\x64\flutter\flutter_wrapper_plugin.vcxproj" (6) on node 1 (default targets).
2025-05-27T09:47:42.5782903Z [        ] PrepareForBuild:
2025-05-27T09:47:42.5783433Z [        ]   Creating directory "flutter_wrapper_plugin.dir\Release\".
2025-05-27T09:47:42.5794731Z [   +1 ms]   Structured output is enabled. The formatting of compiler diagnostics will reflect the error hierarchy. See https://aka.ms/cpp/structured-output for more details.
2025-05-27T09:47:42.5796141Z [        ]   Creating directory "flutter_wrapper_plugin.dir\Release\flutter_.5F69FD8F.tlog\".
2025-05-27T09:47:42.5807915Z [   +1 ms] InitializeBuildStatus:
2025-05-27T09:47:42.5810767Z [        ]   Creating "flutter_wrapper_plugin.dir\Release\flutter_.5F69FD8F.tlog\unsuccessfulbuild" because "AlwaysCreate" was specified.
2025-05-27T09:47:42.5811965Z [        ]   Touching "flutter_wrapper_plugin.dir\Release\flutter_.5F69FD8F.tlog\unsuccessfulbuild".
2025-05-27T09:47:42.6123510Z [  +31 ms] CustomBuild:
2025-05-27T09:47:42.6126345Z [        ]   Building Custom Rule D:/a/material-anticheat/material-anticheat/windows/flutter/CMakeLists.txt
2025-05-27T09:47:42.6465534Z [  +33 ms] ClCompile:
2025-05-27T09:47:42.6472991Z [        ]   C:\Program Files\Microsoft Visual Studio\2022\Enterprise\VC\Tools\MSVC\14.43.34808\bin\HostX64\x64\CL.exe /c /I"D:\a\material-anticheat\material-anticheat\windows\flutter\ephemeral\cpp_client_wrapper\include" /I"D:\a\material-anticheat\material-anticheat\windows\flutter\ephemeral" /nologo /W4 /WX /diagnostics:column /O2 /Ob2 /D _UNICODE /D UNICODE /D WIN32 /D _WINDOWS /D NDEBUG /D _HAS_EXCEPTIONS=0 /D UNICODE /D _UNICODE /D "CMAKE_INTDIR=\"Release\"" /EHsc /MD /GS /fp:precise /Zc:wchar_t /Zc:forScope /Zc:inline /GR /std:c++17 /Fo"flutter_wrapper_plugin.dir\Release\\" /Fd"D:\a\material-anticheat\material-anticheat\build\windows\x64\flutter\Release\flutter_wrapper_plugin.pdb" /external:W4 /Gd /TP /wd4100 /errorReport:queue "D:\a\material-anticheat\material-anticheat\windows\flutter\ephemeral\cpp_client_wrapper\core_implementations.cc" "D:\a\material-anticheat\material-anticheat\windows\flutter\ephemeral\cpp_client_wrapper\standard_codec.cc" "D:\a\material-anticheat\material-anticheat\windows\flutter\ephemeral\cpp_client_wrapper\plugin_registrar.cc"
2025-05-27T09:47:42.6823653Z [  +35 ms]   core_implementations.cc
2025-05-27T09:47:43.5392442Z [ +856 ms]   standard_codec.cc
2025-05-27T09:47:44.5697452Z [+1030 ms]   plugin_registrar.cc
2025-05-27T09:47:45.0903649Z [ +520 ms]   Generating Code...
2025-05-27T09:47:46.7478203Z [+1657 ms] Lib:
2025-05-27T09:47:46.7482152Z [        ]   C:\Program Files\Microsoft Visual Studio\2022\Enterprise\VC\Tools\MSVC\14.43.34808\bin\HostX64\x64\Lib.exe /OUT:"D:\a\material-anticheat\material-anticheat\build\windows\x64\flutter\Release\flutter_wrapper_plugin.lib" /NOLOGO /MACHINE:X64  /machine:x64 flutter_wrapper_plugin.dir\Release\core_implementations.obj
2025-05-27T09:47:46.7484300Z [        ]   flutter_wrapper_plugin.dir\Release\standard_codec.obj
2025-05-27T09:47:46.7484931Z [        ]   flutter_wrapper_plugin.dir\Release\plugin_registrar.obj
2025-05-27T09:47:46.7969118Z [  +48 ms]   flutter_wrapper_plugin.vcxproj -> D:\a\material-anticheat\material-anticheat\build\windows\x64\flutter\Release\flutter_wrapper_plugin.lib
2025-05-27T09:47:46.8052270Z [   +8 ms] FinalizeBuildStatus:
2025-05-27T09:47:46.8054007Z [        ]   Deleting file "flutter_wrapper_plugin.dir\Release\flutter_.5F69FD8F.tlog\unsuccessfulbuild".
2025-05-27T09:47:46.8056640Z [        ]   Touching "flutter_wrapper_plugin.dir\Release\flutter_.5F69FD8F.tlog\flutter_wrapper_plugin.lastbuildstate".
2025-05-27T09:47:46.8058510Z [        ] Done Building Project "D:\a\material-anticheat\material-anticheat\build\windows\x64\flutter\flutter_wrapper_plugin.vcxproj" (default targets).
2025-05-27T09:47:46.8565564Z [  +50 ms] Project "D:\a\material-anticheat\material-anticheat\build\windows\x64\ALL_BUILD.vcxproj" (3) is building "D:\a\material-anticheat\material-anticheat\build\windows\x64\runner\material_anticheat.vcxproj" (7) on node 1 (default targets).
2025-05-27T09:47:46.8570298Z [        ] Project "D:\a\material-anticheat\material-anticheat\build\windows\x64\runner\material_anticheat.vcxproj" (7) is building "D:\a\material-anticheat\material-anticheat\build\windows\x64\plugins\url_launcher_windows\url_launcher_windows_plugin.vcxproj" (8) on node 1 (default targets).
2025-05-27T09:47:46.8571745Z [        ] PrepareForBuild:
2025-05-27T09:47:46.8572100Z [        ]   Creating directory "url_launcher_windows_plugin.dir\Release\".
2025-05-27T09:47:46.8582136Z [        ]   Structured output is enabled. The formatting of compiler diagnostics will reflect the error hierarchy. See https://aka.ms/cpp/structured-output for more details.
2025-05-27T09:47:46.8583854Z [        ]   Creating directory "D:\a\material-anticheat\material-anticheat\build\windows\x64\plugins\url_launcher_windows\Release\".
2025-05-27T09:47:46.8584826Z [        ]   Creating directory "url_launcher_windows_plugin.dir\Release\url_laun.4DA82FAA.tlog\".
2025-05-27T09:47:46.8597561Z [   +1 ms] InitializeBuildStatus:
2025-05-27T09:47:46.8599034Z [        ]   Creating "url_launcher_windows_plugin.dir\Release\url_laun.4DA82FAA.tlog\unsuccessfulbuild" because "AlwaysCreate" was specified.
2025-05-27T09:47:46.8600572Z [        ]   Touching "url_launcher_windows_plugin.dir\Release\url_laun.4DA82FAA.tlog\unsuccessfulbuild".
2025-05-27T09:47:46.8869891Z [  +26 ms] CustomBuild:
2025-05-27T09:47:46.8873630Z [        ]   Building Custom Rule D:/a/material-anticheat/material-anticheat/windows/flutter/ephemeral/.plugin_symlinks/url_launcher_windows/windows/CMakeLists.txt
2025-05-27T09:47:46.9190260Z [  +31 ms] ClCompile:
2025-05-27T09:47:46.9202727Z [        ]   C:\Program Files\Microsoft Visual Studio\2022\Enterprise\VC\Tools\MSVC\14.43.34808\bin\HostX64\x64\CL.exe /c /I"D:\a\material-anticheat\material-anticheat\windows\flutter\ephemeral" /I"D:\a\material-anticheat\material-anticheat\windows\flutter\ephemeral\cpp_client_wrapper\include" /nologo /W4 /WX /diagnostics:column /O2 /Ob2 /D _WINDLL /D _UNICODE /D UNICODE /D WIN32 /D _WINDOWS /D NDEBUG /D _HAS_EXCEPTIONS=0 /D FLUTTER_PLUGIN_IMPL /D UNICODE /D _UNICODE /D "CMAKE_INTDIR=\"Release\"" /D url_launcher_windows_plugin_EXPORTS /EHsc /MD /GS /fp:precise /Zc:wchar_t /Zc:forScope /Zc:inline /GR /std:c++17 /Fo"url_launcher_windows_plugin.dir\Release\\" /Fd"url_launcher_windows_plugin.dir\Release\vc143.pdb" /external:W4 /Gd /TP /wd4100 /errorReport:queue "D:\a\material-anticheat\material-anticheat\windows\flutter\ephemeral\.plugin_symlinks\url_launcher_windows\windows\url_launcher_windows.cpp" "D:\a\material-anticheat\material-anticheat\windows\flutter\ephemeral\.plugin_symlinks\url_launcher_windows\windows\messages.g.cpp" "D:\a\material-anticheat\material-anticheat\windows\flutter\ephemeral\.plugin_symlinks\url_launcher_windows\windows\system_apis.cpp" "D:\a\material-anticheat\material-anticheat\windows\flutter\ephemeral\.plugin_symlinks\url_launcher_windows\windows\url_launcher_plugin.cpp"
2025-05-27T09:47:46.9547070Z [  +35 ms]   url_launcher_windows.cpp
2025-05-27T09:47:48.0974629Z [+1142 ms]   messages.g.cpp
2025-05-27T09:47:49.0013187Z [ +903 ms]   system_apis.cpp
2025-05-27T09:47:49.3052269Z [ +303 ms]   url_launcher_plugin.cpp
2025-05-27T09:47:50.5034982Z [+1198 ms]   Generating Code...
2025-05-27T09:47:52.0280395Z [+1524 ms] Link:
2025-05-27T09:47:52.0291488Z [        ]   C:\Program Files\Microsoft Visual Studio\2022\Enterprise\VC\Tools\MSVC\14.43.34808\bin\HostX64\x64\link.exe /ERRORREPORT:QUEUE /OUT:"D:\a\material-anticheat\material-anticheat\build\windows\x64\plugins\url_launcher_windows\Release\url_launcher_windows_plugin.dll" /INCREMENTAL:NO /NOLOGO ..\..\flutter\Release\flutter_wrapper_plugin.lib shlwapi.lib "D:\a\material-anticheat\material-anticheat\windows\flutter\ephemeral\flutter_windows.dll.lib" kernel32.lib user32.lib gdi32.lib winspool.lib shell32.lib ole32.lib oleaut32.lib uuid.lib comdlg32.lib advapi32.lib /MANIFEST /MANIFESTUAC:"level='asInvoker' uiAccess='false'" /manifest:embed /PDB:"D:/a/material-anticheat/material-anticheat/build/windows/x64/plugins/url_launcher_windows/Release/url_launcher_windows_plugin.pdb" /SUBSYSTEM:CONSOLE /TLBID:1 /DYNAMICBASE /NXCOMPAT /IMPLIB:"D:/a/material-anticheat/material-anticheat/build/windows/x64/plugins/url_launcher_windows/Release/url_launcher_windows_plugin.lib" /MACHINE:X64  /machine:x64 /DLL url_launcher_windows_plugin.dir\Release\url_launcher_windows.obj
2025-05-27T09:47:52.0298760Z [        ]   url_launcher_windows_plugin.dir\Release\messages.g.obj
2025-05-27T09:47:52.0299398Z [        ]   url_launcher_windows_plugin.dir\Release\system_apis.obj
2025-05-27T09:47:52.0300282Z [        ]   url_launcher_windows_plugin.dir\Release\url_launcher_plugin.obj
2025-05-27T09:47:52.8550256Z [ +825 ms]      Creating library D:/a/material-anticheat/material-anticheat/build/windows/x64/plugins/url_launcher_windows/Release/url_launcher_windows_plugin.lib and object D:/a/material-anticheat/material-anticheat/build/windows/x64/plugins/url_launcher_windows/Release/url_launcher_windows_plugin.exp
2025-05-27T09:47:52.9421220Z [  +87 ms]   url_launcher_windows_plugin.vcxproj -> D:\a\material-anticheat\material-anticheat\build\windows\x64\plugins\url_launcher_windows\Release\url_launcher_windows_plugin.dll
2025-05-27T09:47:52.9503229Z [   +8 ms] FinalizeBuildStatus:
2025-05-27T09:47:52.9505869Z [        ]   Deleting file "url_launcher_windows_plugin.dir\Release\url_laun.4DA82FAA.tlog\unsuccessfulbuild".
2025-05-27T09:47:52.9509337Z [        ]   Touching "url_launcher_windows_plugin.dir\Release\url_laun.4DA82FAA.tlog\url_launcher_windows_plugin.lastbuildstate".
2025-05-27T09:47:52.9510474Z [        ] Done Building Project "D:\a\material-anticheat\material-anticheat\build\windows\x64\plugins\url_launcher_windows\url_launcher_windows_plugin.vcxproj" (default targets).
2025-05-27T09:47:52.9589322Z [   +7 ms] PrepareForBuild:
2025-05-27T09:47:52.9591300Z [        ]   Creating directory "material_anticheat.dir\Release\".
2025-05-27T09:47:52.9610039Z [   +1 ms]   Structured output is enabled. The formatting of compiler diagnostics will reflect the error hierarchy. See https://aka.ms/cpp/structured-output for more details.
2025-05-27T09:47:52.9612623Z [        ]   Creating directory "D:\a\material-anticheat\material-anticheat\build\windows\x64\runner\Release\".
2025-05-27T09:47:52.9614198Z [        ]   Creating directory "material_anticheat.dir\Release\material.02F5619F.tlog\".
2025-05-27T09:47:52.9625441Z [   +1 ms] InitializeBuildStatus:
2025-05-27T09:47:52.9627896Z [        ]   Creating "material_anticheat.dir\Release\material.02F5619F.tlog\unsuccessfulbuild" because "AlwaysCreate" was specified.
2025-05-27T09:47:52.9629690Z [        ]   Touching "material_anticheat.dir\Release\material.02F5619F.tlog\unsuccessfulbuild".
2025-05-27T09:47:52.9897471Z [  +26 ms] CustomBuild:
2025-05-27T09:47:52.9899176Z [        ]   Building Custom Rule D:/a/material-anticheat/material-anticheat/windows/runner/CMakeLists.txt
2025-05-27T09:47:53.0233493Z [  +33 ms] ClCompile:
2025-05-27T09:47:53.0240159Z [        ]   C:\Program Files\Microsoft Visual Studio\2022\Enterprise\VC\Tools\MSVC\14.43.34808\bin\HostX64\x64\CL.exe /c /I"D:\a\material-anticheat\material-anticheat\windows" /I"D:\a\material-anticheat\material-anticheat\windows\flutter\ephemeral" /I"D:\a\material-anticheat\material-anticheat\windows\flutter\ephemeral\cpp_client_wrapper\include" /I"D:\a\material-anticheat\material-anticheat\windows\flutter\ephemeral\.plugin_symlinks\url_launcher_windows\windows\include" /nologo /W4 /WX /diagnostics:column /O2 /Ob2 /D _UNICODE /D UNICODE /D WIN32 /D _WINDOWS /D NDEBUG /D _HAS_EXCEPTIONS=0 /D "FLUTTER_VERSION=\"1.0.0+1\"" /D FLUTTER_VERSION_MAJOR=1 /D FLUTTER_VERSION_MINOR=0 /D FLUTTER_VERSION_PATCH=0 /D FLUTTER_VERSION_BUILD=1 /D NOMINMAX /D UNICODE /D _UNICODE /D "CMAKE_INTDIR=\"Release\"" /EHsc /MD /GS /fp:precise /Zc:wchar_t /Zc:forScope /Zc:inline /GR /std:c++17 /Fo"material_anticheat.dir\Release\\" /Fd"material_anticheat.dir\Release\vc143.pdb" /external:W4 /Gd /TP /wd4100 /errorReport:queue "D:\a\material-anticheat\material-anticheat\windows\runner\flutter_window.cpp" "D:\a\material-anticheat\material-anticheat\windows\runner\main.cpp" "D:\a\material-anticheat\material-anticheat\windows\runner\utils.cpp" "D:\a\material-anticheat\material-anticheat\windows\runner\win32_window.cpp" "D:\a\material-anticheat\material-anticheat\windows\flutter\generated_plugin_registrant.cc"
2025-05-27T09:47:53.0588214Z [  +35 ms]   flutter_window.cpp
2025-05-27T09:47:53.8005422Z [ +741 ms]   main.cpp
2025-05-27T09:47:54.4991522Z [ +698 ms]   utils.cpp
2025-05-27T09:47:55.1851154Z [ +685 ms]   win32_window.cpp
2025-05-27T09:47:55.8622242Z [ +677 ms]   generated_plugin_registrant.cc
2025-05-27T09:47:56.0672005Z [ +204 ms]   Generating Code...
2025-05-27T09:47:56.4079476Z [ +340 ms] ResourceCompile:
2025-05-27T09:47:56.4086765Z [        ]   C:\Program Files (x86)\Windows Kits\10\bin\10.0.20348.0\x64\rc.exe /D _UNICODE /D UNICODE /D WIN32 /D _WINDOWS /D NDEBUG /D _HAS_EXCEPTIONS=0 /D "FLUTTER_VERSION=\\\"1.0.0+1\\\"" /D FLUTTER_VERSION_MAJOR=1 /D FLUTTER_VERSION_MINOR=0 /D FLUTTER_VERSION_PATCH=0 /D FLUTTER_VERSION_BUILD=1 /D NOMINMAX /D UNICODE /D _UNICODE /D "CMAKE_INTDIR=\\\"Release\\\"" /l"0x0409" /I"D:\a\material-anticheat\material-anticheat\windows" /I"D:\a\material-anticheat\material-anticheat\windows\flutter\ephemeral" /I"D:\a\material-anticheat\material-anticheat\windows\flutter\ephemeral\cpp_client_wrapper\include" /I"D:\a\material-anticheat\material-anticheat\windows\flutter\ephemeral\.plugin_symlinks\url_launcher_windows\windows\include" /nologo /fo"material_anticheat.dir\Release\Runner.res" "D:\a\material-anticheat\material-anticheat\windows\runner\Runner.rc" 
2025-05-27T09:47:56.7154109Z [ +306 ms] Link:
2025-05-27T09:47:56.7173830Z [        ]   C:\Program Files\Microsoft Visual Studio\2022\Enterprise\VC\Tools\MSVC\14.43.34808\bin\HostX64\x64\link.exe /ERRORREPORT:QUEUE /OUT:"D:\a\material-anticheat\material-anticheat\build\windows\x64\runner\Release\material_anticheat.exe" /INCREMENTAL:NO /NOLOGO ..\flutter\Release\flutter_wrapper_app.lib dwmapi.lib ..\plugins\url_launcher_windows\Release\url_launcher_windows_plugin.lib "D:\a\material-anticheat\material-anticheat\windows\flutter\ephemeral\flutter_windows.dll.lib" kernel32.lib user32.lib gdi32.lib winspool.lib shell32.lib ole32.lib oleaut32.lib uuid.lib comdlg32.lib advapi32.lib /MANIFEST /MANIFESTUAC:"level='asInvoker' uiAccess='false'" /manifest:embed /manifestinput:"D:\a\material-anticheat\material-anticheat\windows\runner\runner.exe.manifest" /PDB:"D:/a/material-anticheat/material-anticheat/build/windows/x64/runner/Release/material_anticheat.pdb" /SUBSYSTEM:WINDOWS /TLBID:1 /DYNAMICBASE /NXCOMPAT /IMPLIB:"D:/a/material-anticheat/material-anticheat/build/windows/x64/runner/Release/material_anticheat.lib" /MACHINE:X64  /machine:x64 material_anticheat.dir\Release\Runner.res
2025-05-27T09:47:56.7181133Z [        ]   material_anticheat.dir\Release\flutter_window.obj
2025-05-27T09:47:56.7181623Z [        ]   material_anticheat.dir\Release\main.obj
2025-05-27T09:47:56.7182062Z [        ]   material_anticheat.dir\Release\utils.obj
2025-05-27T09:47:56.7182565Z [        ]   material_anticheat.dir\Release\win32_window.obj
2025-05-27T09:47:56.7183159Z [        ]   material_anticheat.dir\Release\generated_plugin_registrant.obj
2025-05-27T09:47:57.3222809Z [ +605 ms]   material_anticheat.vcxproj -> D:\a\material-anticheat\material-anticheat\build\windows\x64\runner\Release\material_anticheat.exe
2025-05-27T09:47:57.3311203Z [   +9 ms] FinalizeBuildStatus:
2025-05-27T09:47:57.3313026Z [        ]   Deleting file "material_anticheat.dir\Release\material.02F5619F.tlog\unsuccessfulbuild".
2025-05-27T09:47:57.3315254Z [        ]   Touching "material_anticheat.dir\Release\material.02F5619F.tlog\material_anticheat.lastbuildstate".
2025-05-27T09:47:57.3317233Z [        ] Done Building Project "D:\a\material-anticheat\material-anticheat\build\windows\x64\runner\material_anticheat.vcxproj" (default targets).
2025-05-27T09:47:57.3367029Z [   +4 ms] PrepareForBuild:
2025-05-27T09:47:57.3368980Z [        ]   Creating directory "x64\Release\ALL_BUILD\".
2025-05-27T09:47:57.3383788Z [   +1 ms]   Structured output is enabled. The formatting of compiler diagnostics will reflect the error hierarchy. See https://aka.ms/cpp/structured-output for more details.
2025-05-27T09:47:57.3385037Z [        ]   Creating directory "x64\Release\ALL_BUILD\ALL_BUILD.tlog\".
2025-05-27T09:47:57.3396096Z [   +1 ms] InitializeBuildStatus:
2025-05-27T09:47:57.3398304Z [        ]   Creating "x64\Release\ALL_BUILD\ALL_BUILD.tlog\unsuccessfulbuild" because "AlwaysCreate" was specified.
2025-05-27T09:47:57.3399728Z [        ]   Touching "x64\Release\ALL_BUILD\ALL_BUILD.tlog\unsuccessfulbuild".
2025-05-27T09:47:57.3672350Z [  +27 ms] CustomBuild:
2025-05-27T09:47:57.3674026Z [        ]   Building Custom Rule D:/a/material-anticheat/material-anticheat/windows/CMakeLists.txt
2025-05-27T09:47:57.4035247Z [  +35 ms] FinalizeBuildStatus:
2025-05-27T09:47:57.4037573Z [        ]   Deleting file "x64\Release\ALL_BUILD\ALL_BUILD.tlog\unsuccessfulbuild".
2025-05-27T09:47:57.4039740Z [        ]   Touching "x64\Release\ALL_BUILD\ALL_BUILD.tlog\ALL_BUILD.lastbuildstate".
2025-05-27T09:47:57.4049109Z [        ] Done Building Project "D:\a\material-anticheat\material-anticheat\build\windows\x64\ALL_BUILD.vcxproj" (default targets).
2025-05-27T09:47:57.4088526Z [   +3 ms] PrepareForBuild:
2025-05-27T09:47:57.4090209Z [        ]   Creating directory "x64\Release\INSTALL\".
2025-05-27T09:47:57.4106359Z [   +1 ms]   Structured output is enabled. The formatting of compiler diagnostics will reflect the error hierarchy. See https://aka.ms/cpp/structured-output for more details.
2025-05-27T09:47:57.4107702Z [        ]   Creating directory "x64\Release\INSTALL\INSTALL.tlog\".
2025-05-27T09:47:57.4118865Z [   +1 ms] InitializeBuildStatus:
2025-05-27T09:47:57.4121187Z [        ]   Creating "x64\Release\INSTALL\INSTALL.tlog\unsuccessfulbuild" because "AlwaysCreate" was specified.
2025-05-27T09:47:57.4122537Z [        ]   Touching "x64\Release\INSTALL\INSTALL.tlog\unsuccessfulbuild".
2025-05-27T09:47:57.4389795Z [  +26 ms] CustomBuild:
2025-05-27T09:47:57.4391424Z [        ]   1>
2025-05-27T09:47:57.4513335Z [  +12 ms] PostBuildEvent:
2025-05-27T09:47:57.4514370Z [        ]   setlocal
2025-05-27T09:47:57.4517087Z [        ]   "C:\Program Files\Microsoft Visual Studio\2022\Enterprise\Common7\IDE\CommonExtensions\Microsoft\CMake\CMake\bin\cmake.exe" -DBUILD_TYPE=Release -P cmake_install.cmake
2025-05-27T09:47:57.4519118Z [        ]   if %errorlevel% neq 0 goto :cmEnd
2025-05-27T09:47:57.4519750Z [        ]   :cmEnd
2025-05-27T09:47:57.4520764Z [        ]   endlocal & call :cmErrorLevel %errorlevel% & goto :cmDone
2025-05-27T09:47:57.4521911Z [        ]   :cmErrorLevel
2025-05-27T09:47:57.4523224Z [        ]   exit /b %1
2025-05-27T09:47:57.4524240Z [        ]   :cmDone
2025-05-27T09:47:57.4525538Z [        ]   if %errorlevel% neq 0 goto :VCEnd
2025-05-27T09:47:57.4526620Z [        ]   :VCEnd
2025-05-27T09:47:57.4909030Z [  +37 ms]   -- Install configuration: "Release"
2025-05-27T09:47:57.4918716Z [   +1 ms]   -- Installing: D:/a/material-anticheat/material-anticheat/build/windows/x64/runner/Release/data/icudtl.dat
2025-05-27T09:47:57.4937761Z [   +1 ms]   -- Installing: D:/a/material-anticheat/material-anticheat/build/windows/x64/runner/Release/flutter_windows.dll
2025-05-27T09:47:57.5257021Z [  +31 ms]   -- Installing: D:/a/material-anticheat/material-anticheat/build/windows/x64/runner/Release/url_launcher_windows_plugin.dll
2025-05-27T09:47:57.5264462Z [        ]   -- Up-to-date: D:/a/material-anticheat/material-anticheat/build/windows/x64/runner/Release
2025-05-27T09:47:57.5271070Z [        ]   -- Installing: D:/a/material-anticheat/material-anticheat/build/windows/x64/runner/Release/data/flutter_assets
2025-05-27T09:47:57.5276594Z [        ]   -- Installing: D:/a/material-anticheat/material-anticheat/build/windows/x64/runner/Release/data/flutter_assets/AssetManifest.bin
2025-05-27T09:47:57.5282227Z [        ]   -- Installing: D:/a/material-anticheat/material-anticheat/build/windows/x64/runner/Release/data/flutter_assets/AssetManifest.json
2025-05-27T09:47:57.5287758Z [        ]   -- Installing: D:/a/material-anticheat/material-anticheat/build/windows/x64/runner/Release/data/flutter_assets/FontManifest.json
2025-05-27T09:47:57.5292801Z [        ]   -- Installing: D:/a/material-anticheat/material-anticheat/build/windows/x64/runner/Release/data/flutter_assets/fonts
2025-05-27T09:47:57.5297391Z [        ]   -- Installing: D:/a/material-anticheat/material-anticheat/build/windows/x64/runner/Release/data/flutter_assets/fonts/MaterialIcons-Regular.otf
2025-05-27T09:47:57.5328183Z [   +2 ms]   -- Installing: D:/a/material-anticheat/material-anticheat/build/windows/x64/runner/Release/data/flutter_assets/NOTICES.Z
2025-05-27T09:47:57.5334741Z [        ]   -- Installing: D:/a/material-anticheat/material-anticheat/build/windows/x64/runner/Release/data/flutter_assets/shaders
2025-05-27T09:47:57.5339228Z [        ]   -- Installing: D:/a/material-anticheat/material-anticheat/build/windows/x64/runner/Release/data/flutter_assets/shaders/ink_sparkle.frag
2025-05-27T09:47:57.5346526Z [        ]   -- Installing: D:/a/material-anticheat/material-anticheat/build/windows/x64/runner/Release/data/app.so
2025-05-27T09:47:57.5574191Z [  +22 ms] FinalizeBuildStatus:
2025-05-27T09:47:57.5576161Z [        ]   Deleting file "x64\Release\INSTALL\INSTALL.tlog\unsuccessfulbuild".
2025-05-27T09:47:57.5577857Z [        ]   Touching "x64\Release\INSTALL\INSTALL.tlog\INSTALL.lastbuildstate".
2025-05-27T09:47:57.5590815Z [   +1 ms] Done Building Project "D:\a\material-anticheat\material-anticheat\build\windows\x64\INSTALL.vcxproj" (default targets).
2025-05-27T09:47:57.5621971Z [   +3 ms] Build succeeded.
2025-05-27T09:47:57.5622429Z [        ]     0 Warning(s)
2025-05-27T09:47:57.5622919Z [        ]     0 Error(s)
2025-05-27T09:47:57.5625672Z [        ] Time Elapsed 00:01:00.11
2025-05-27T09:47:57.5886226Z [  +25 ms] Building Windows application... (completed in 82.3s)
2025-05-27T09:47:57.5913549Z [   +2 ms] √ Built build\windows\x64\runner\Release\material_anticheat.exe
2025-05-27T09:47:57.5922891Z [   +1 ms] "flutter windows" took 83,580ms.
2025-05-27T09:47:57.5943224Z [   +2 ms] ensureAnalyticsSent: 0ms
2025-05-27T09:47:57.5944745Z [        ] Running 1 shutdown hook
2025-05-27T09:47:57.5947005Z [        ] Shutdown hooks complete
2025-05-27T09:47:57.5949933Z [        ] exiting with code 0
2025-05-27T09:47:57.6690322Z ##[group]Run echo "=== 检查构建目录 ==="
2025-05-27T09:47:57.6690757Z [36;1mecho "=== 检查构建目录 ==="[0m
2025-05-27T09:47:57.6691161Z [36;1m$buildPath = "build/windows/x64/runner/Release"[0m
2025-05-27T09:47:57.6691619Z [36;1mif (Test-Path $buildPath) {[0m
2025-05-27T09:47:57.6691987Z [36;1m  echo "✅ 构建目录存在: $buildPath"[0m
2025-05-27T09:47:57.6692334Z [36;1m  echo ""[0m
2025-05-27T09:47:57.6692594Z [36;1m  echo "=== 构建产物列表 ==="[0m
2025-05-27T09:47:57.6693150Z [36;1m  Get-ChildItem $buildPath -Recurse | Format-Table Name, Length, LastWriteTime[0m
2025-05-27T09:47:57.6693705Z [36;1m  echo ""[0m
2025-05-27T09:47:57.6693930Z [36;1m  echo "=== 可执行文件检查 ==="[0m
2025-05-27T09:47:57.6694348Z [36;1m  $exeFiles = Get-ChildItem $buildPath -Filter "*.exe" -Recurse[0m
2025-05-27T09:47:57.6694816Z [36;1m  if ($exeFiles.Count -gt 0) {[0m
2025-05-27T09:47:57.6695145Z [36;1m    echo "✅ 找到可执行文件:"[0m
2025-05-27T09:47:57.6695561Z [36;1m    $exeFiles | ForEach-Object { echo "  - $($_.FullName)" }[0m
2025-05-27T09:47:57.6695963Z [36;1m  } else {[0m
2025-05-27T09:47:57.6696205Z [36;1m    echo "❌ 未找到可执行文件"[0m
2025-05-27T09:47:57.6696462Z [36;1m  }[0m
2025-05-27T09:47:57.6696675Z [36;1m} else {[0m
2025-05-27T09:47:57.6696955Z [36;1m  echo "❌ 构建目录不存在: $buildPath"[0m
2025-05-27T09:47:57.6697260Z [36;1m  exit 1[0m
2025-05-27T09:47:57.6697477Z [36;1m}[0m
2025-05-27T09:47:57.6730118Z shell: C:\Windows\System32\WindowsPowerShell\v1.0\powershell.EXE -command ". '{0}'"
2025-05-27T09:47:57.6730758Z env:
2025-05-27T09:47:57.6731048Z   pythonLocation: C:\hostedtoolcache\windows\Python\3.11.9\x64
2025-05-27T09:47:57.6731565Z   PKG_CONFIG_PATH: C:\hostedtoolcache\windows\Python\3.11.9\x64/lib/pkgconfig
2025-05-27T09:47:57.6732040Z   Python_ROOT_DIR: C:\hostedtoolcache\windows\Python\3.11.9\x64
2025-05-27T09:47:57.6732470Z   Python2_ROOT_DIR: C:\hostedtoolcache\windows\Python\3.11.9\x64
2025-05-27T09:47:57.6732913Z   Python3_ROOT_DIR: C:\hostedtoolcache\windows\Python\3.11.9\x64
2025-05-27T09:47:57.6733350Z   FLUTTER_ROOT: C:\hostedtoolcache\windows\flutter\stable-3.24.0-x64
2025-05-27T09:47:57.6733783Z   PUB_CACHE: C:\Users\runneradmin\AppData\Local\Pub\Cache
2025-05-27T09:47:57.6734091Z ##[endgroup]
2025-05-27T09:47:57.9046889Z At D:\a\_temp\a0275e57-54ef-4e07-b884-003005449052.ps1:21 char:1
2025-05-27T09:47:57.9047513Z + }
2025-05-27T09:47:57.9047781Z + ~
2025-05-27T09:47:57.9048115Z Unexpected token '}' in expression or statement.
2025-05-27T09:47:57.9048778Z     + CategoryInfo          : ParserError: (:) [], ParseException
2025-05-27T09:47:57.9049306Z     + FullyQualifiedErrorId : UnexpectedToken
2025-05-27T09:47:57.9049655Z  
2025-05-27T09:47:57.9182028Z ##[error]Process completed with exit code 1.
2025-05-27T09:47:57.9403246Z Post job cleanup.
2025-05-27T09:47:57.9544906Z Post job cleanup.
2025-05-27T09:47:58.1791656Z [command]"C:\Program Files\Git\bin\git.exe" version
2025-05-27T09:47:58.2020982Z git version 2.49.0.windows.1
2025-05-27T09:47:58.2091180Z Temporarily overriding HOME='D:\a\_temp\81a4cafe-1f97-4984-9869-635f36f1b3d7' before making global git config changes
2025-05-27T09:47:58.2092330Z Adding repository directory to the temporary git global config as a safe directory
2025-05-27T09:47:58.2103215Z [command]"C:\Program Files\Git\bin\git.exe" config --global --add safe.directory D:\a\material-anticheat\material-anticheat
2025-05-27T09:47:58.2354334Z [command]"C:\Program Files\Git\bin\git.exe" config --local --name-only --get-regexp core\.sshCommand
2025-05-27T09:47:58.2602014Z [command]"C:\Program Files\Git\bin\git.exe" submodule foreach --recursive "sh -c \"git config --local --name-only --get-regexp 'core\.sshCommand' && git config --local --unset-all 'core.sshCommand' || :\""
2025-05-27T09:47:58.7314829Z [command]"C:\Program Files\Git\bin\git.exe" config --local --name-only --get-regexp http\.https\:\/\/github\.com\/\.extraheader
2025-05-27T09:47:58.7519728Z http.https://github.com/.extraheader
2025-05-27T09:47:58.7556571Z [command]"C:\Program Files\Git\bin\git.exe" config --local --unset-all http.https://github.com/.extraheader
2025-05-27T09:47:58.7789842Z [command]"C:\Program Files\Git\bin\git.exe" submodule foreach --recursive "sh -c \"git config --local --name-only --get-regexp 'http\.https\:\/\/github\.com\/\.extraheader' && git config --local --unset-all 'http.https://github.com/.extraheader' || :\""
2025-05-27T09:47:59.2604367Z Cleaning up orphan processes
2025-05-27T09:47:59.2836123Z Terminate orphan process: pid (5408) (vctip)
