2025-05-27T09:43:53.1527602Z ##[group]Run subosito/flutter-action@v2
2025-05-27T09:43:53.1527960Z with:
2025-05-27T09:43:53.1528152Z   flutter-version: 3.24.0
2025-05-27T09:43:53.1528395Z   channel: stable
2025-05-27T09:43:53.1528589Z   architecture: X64
2025-05-27T09:43:53.1528790Z   cache: false
2025-05-27T09:43:53.1529007Z   pub-cache-path: default
2025-05-27T09:43:53.1529240Z   dry-run: false
2025-05-27T09:43:53.1529503Z   git-source: https://github.com/flutter/flutter.git
2025-05-27T09:43:53.1529823Z env:
2025-05-27T09:43:53.1530089Z   pythonLocation: C:\hostedtoolcache\windows\Python\3.11.9\x64
2025-05-27T09:43:53.1530574Z   PKG_CONFIG_PATH: C:\hostedtoolcache\windows\Python\3.11.9\x64/lib/pkgconfig
2025-05-27T09:43:53.1531049Z   Python_ROOT_DIR: C:\hostedtoolcache\windows\Python\3.11.9\x64
2025-05-27T09:43:53.1531468Z   Python2_ROOT_DIR: C:\hostedtoolcache\windows\Python\3.11.9\x64
2025-05-27T09:43:53.1531902Z   Python3_ROOT_DIR: C:\hostedtoolcache\windows\Python\3.11.9\x64
2025-05-27T09:43:53.1532238Z ##[endgroup]
2025-05-27T09:43:53.1700929Z ##[group]Run choco install yq
2025-05-27T09:43:53.1701281Z [36;1mchoco install yq[0m
2025-05-27T09:43:53.1715531Z shell: C:\Program Files\Git\bin\bash.EXE --noprofile --norc -e -o pipefail {0}
2025-05-27T09:43:53.1716059Z env:
2025-05-27T09:43:53.1716394Z   pythonLocation: C:\hostedtoolcache\windows\Python\3.11.9\x64
2025-05-27T09:43:53.1717012Z   PKG_CONFIG_PATH: C:\hostedtoolcache\windows\Python\3.11.9\x64/lib/pkgconfig
2025-05-27T09:43:53.1717616Z   Python_ROOT_DIR: C:\hostedtoolcache\windows\Python\3.11.9\x64
2025-05-27T09:43:53.1718146Z   Python2_ROOT_DIR: C:\hostedtoolcache\windows\Python\3.11.9\x64
2025-05-27T09:43:53.1718674Z   Python3_ROOT_DIR: C:\hostedtoolcache\windows\Python\3.11.9\x64
2025-05-27T09:43:53.1719078Z ##[endgroup]
2025-05-27T09:43:55.8084501Z Chocolatey v2.4.3
2025-05-27T09:43:56.0520739Z Installing the following packages:
2025-05-27T09:43:56.0527138Z yq
2025-05-27T09:43:56.0532301Z By installing, you accept licenses for the packages.
2025-05-27T09:44:03.7318214Z Downloading package from source 'https://community.chocolatey.org/api/v2/'
2025-05-27T09:44:03.8544236Z 
2025-05-27T09:44:03.8545157Z Progress: Downloading yq 4.45.4... 28%
2025-05-27T09:44:03.8545693Z Progress: Downloading yq 4.45.4... 83%
2025-05-27T09:44:03.8546168Z Progress: Downloading yq 4.45.4... 100%
2025-05-27T09:44:04.0416523Z 
2025-05-27T09:44:04.0417057Z yq v4.45.4 [Approved]
2025-05-27T09:44:04.0608579Z yq package files install completed. Performing other installation steps.
2025-05-27T09:44:05.5926684Z Downloading yq 64 bit
2025-05-27T09:44:05.5927498Z   from 'https://github.com/mikefarah/yq/releases/download/v4.45.4/yq_windows_amd64.exe'
2025-05-27T09:44:05.7224927Z 
2025-05-27T09:44:05.7242288Z Progress: 1% - Saving 160 KB of 11.18 MB
2025-05-27T09:44:05.7259108Z Progress: 2% - Saving 313.81 KB of 11.18 MB
2025-05-27T09:44:05.7282536Z Progress: 4% - Saving 473.81 KB of 11.18 MB
2025-05-27T09:44:05.7306287Z Progress: 5% - Saving 633.81 KB of 11.18 MB
2025-05-27T09:44:05.7328213Z Progress: 6% - Saving 793.81 KB of 11.18 MB
2025-05-27T09:44:05.7414306Z Progress: 8% - Saving 953.81 KB of 11.18 MB
2025-05-27T09:44:05.7429126Z Progress: 9% - Saving 1.09 MB of 11.18 MB
2025-05-27T09:44:05.7443035Z Progress: 11% - Saving 1.24 MB of 11.18 MB
2025-05-27T09:44:05.7460174Z Progress: 12% - Saving 1.4 MB of 11.18 MB
2025-05-27T09:44:05.7474400Z Progress: 13% - Saving 1.55 MB of 11.18 MB
2025-05-27T09:44:05.7490035Z Progress: 15% - Saving 1.7 MB of 11.18 MB
2025-05-27T09:44:05.7506057Z Progress: 16% - Saving 1.86 MB of 11.18 MB
2025-05-27T09:44:05.7519931Z Progress: 18% - Saving 2.02 MB of 11.18 MB
2025-05-27T09:44:05.7535784Z Progress: 19% - Saving 2.17 MB of 11.18 MB
2025-05-27T09:44:05.7548493Z Progress: 20% - Saving 2.32 MB of 11.18 MB
2025-05-27T09:44:05.7565784Z Progress: 22% - Saving 2.48 MB of 11.18 MB
2025-05-27T09:44:05.7584320Z Progress: 23% - Saving 2.64 MB of 11.18 MB
2025-05-27T09:44:05.7603856Z Progress: 24% - Saving 2.79 MB of 11.18 MB
2025-05-27T09:44:05.7625967Z Progress: 26% - Saving 2.95 MB of 11.18 MB
2025-05-27T09:44:05.7640359Z Progress: 27% - Saving 3.11 MB of 11.18 MB
2025-05-27T09:44:05.7653104Z Progress: 29% - Saving 3.26 MB of 11.18 MB
2025-05-27T09:44:05.7667014Z Progress: 30% - Saving 3.41 MB of 11.18 MB
2025-05-27T09:44:05.7680540Z Progress: 31% - Saving 3.56 MB of 11.18 MB
2025-05-27T09:44:05.7706278Z Progress: 33% - Saving 3.72 MB of 11.18 MB
2025-05-27T09:44:05.7733595Z Progress: 34% - Saving 3.88 MB of 11.18 MB
2025-05-27T09:44:05.7744641Z Progress: 36% - Saving 4.03 MB of 11.18 MB
2025-05-27T09:44:05.7755967Z Progress: 37% - Saving 4.18 MB of 11.18 MB
2025-05-27T09:44:05.7767375Z Progress: 38% - Saving 4.34 MB of 11.18 MB
2025-05-27T09:44:05.7778295Z Progress: 40% - Saving 4.49 MB of 11.18 MB
2025-05-27T09:44:05.7797290Z Progress: 41% - Saving 4.65 MB of 11.18 MB
2025-05-27T09:44:05.7809038Z Progress: 42% - Saving 4.8 MB of 11.18 MB
2025-05-27T09:44:05.7821132Z Progress: 44% - Saving 4.96 MB of 11.18 MB
2025-05-27T09:44:05.7833981Z Progress: 45% - Saving 5.11 MB of 11.18 MB
2025-05-27T09:44:05.7846157Z Progress: 47% - Saving 5.27 MB of 11.18 MB
2025-05-27T09:44:05.7859162Z Progress: 48% - Saving 5.42 MB of 11.18 MB
2025-05-27T09:44:05.7875144Z Progress: 49% - Saving 5.58 MB of 11.18 MB
2025-05-27T09:44:05.7892069Z Progress: 51% - Saving 5.73 MB of 11.18 MB
2025-05-27T09:44:05.7910011Z Progress: 52% - Saving 5.89 MB of 11.18 MB
2025-05-27T09:44:05.7928637Z Progress: 54% - Saving 6.04 MB of 11.18 MB
2025-05-27T09:44:05.7940110Z Progress: 55% - Saving 6.2 MB of 11.18 MB
2025-05-27T09:44:05.7951444Z Progress: 56% - Saving 6.35 MB of 11.18 MB
2025-05-27T09:44:05.7962631Z Progress: 58% - Saving 6.51 MB of 11.18 MB
2025-05-27T09:44:05.7974481Z Progress: 59% - Saving 6.67 MB of 11.18 MB
2025-05-27T09:44:05.7986146Z Progress: 60% - Saving 6.82 MB of 11.18 MB
2025-05-27T09:44:05.7998574Z Progress: 62% - Saving 6.97 MB of 11.18 MB
2025-05-27T09:44:05.8010179Z Progress: 63% - Saving 7.13 MB of 11.18 MB
2025-05-27T09:44:05.8021500Z Progress: 65% - Saving 7.28 MB of 11.18 MB
2025-05-27T09:44:05.8037677Z Progress: 66% - Saving 7.44 MB of 11.18 MB
2025-05-27T09:44:05.8054253Z Progress: 67% - Saving 7.59 MB of 11.18 MB
2025-05-27T09:44:05.8069819Z Progress: 69% - Saving 7.75 MB of 11.18 MB
2025-05-27T09:44:05.8089785Z Progress: 70% - Saving 7.9 MB of 11.18 MB
2025-05-27T09:44:05.8101857Z Progress: 72% - Saving 8.06 MB of 11.18 MB
2025-05-27T09:44:05.8112593Z Progress: 73% - Saving 8.21 MB of 11.18 MB
2025-05-27T09:44:05.8124074Z Progress: 74% - Saving 8.36 MB of 11.18 MB
2025-05-27T09:44:05.8135146Z Progress: 76% - Saving 8.52 MB of 11.18 MB
2025-05-27T09:44:05.8146211Z Progress: 77% - Saving 8.68 MB of 11.18 MB
2025-05-27T09:44:05.8157108Z Progress: 79% - Saving 8.83 MB of 11.18 MB
2025-05-27T09:44:05.8168262Z Progress: 80% - Saving 8.98 MB of 11.18 MB
2025-05-27T09:44:05.8179146Z Progress: 81% - Saving 9.14 MB of 11.18 MB
2025-05-27T09:44:05.8190577Z Progress: 83% - Saving 9.3 MB of 11.18 MB
2025-05-27T09:44:05.8201495Z Progress: 84% - Saving 9.45 MB of 11.18 MB
2025-05-27T09:44:05.8218228Z Progress: 85% - Saving 9.6 MB of 11.18 MB
2025-05-27T09:44:05.8229439Z Progress: 87% - Saving 9.76 MB of 11.18 MB
2025-05-27T09:44:05.8240271Z Progress: 88% - Saving 9.92 MB of 11.18 MB
2025-05-27T09:44:05.8251495Z Progress: 89% - Saving 10.06 MB of 11.18 MB
2025-05-27T09:44:05.8262944Z Progress: 91% - Saving 10.22 MB of 11.18 MB
2025-05-27T09:44:05.8275906Z Progress: 92% - Saving 10.37 MB of 11.18 MB
2025-05-27T09:44:05.8286731Z Progress: 94% - Saving 10.53 MB of 11.18 MB
2025-05-27T09:44:05.8299184Z Progress: 95% - Saving 10.67 MB of 11.18 MB
2025-05-27T09:44:05.8310893Z Progress: 96% - Saving 10.83 MB of 11.18 MB
2025-05-27T09:44:05.8323557Z Progress: 98% - Saving 10.99 MB of 11.18 MB
2025-05-27T09:44:05.8337023Z Progress: 99% - Saving 11.14 MB of 11.18 MB
2025-05-27T09:44:05.8342430Z Progress: 100% - Completed download of C:\ProgramData\chocolatey\lib\yq\tools\yq.exe (11.18 MB).
2025-05-27T09:44:05.8362688Z Download of yq.exe (11.18 MB) completed.
2025-05-27T09:44:12.1175738Z Hashes match.
2025-05-27T09:44:12.1726046Z C:\ProgramData\chocolatey\lib\yq\tools\yq.exe
2025-05-27T09:44:14.0988522Z  ShimGen has successfully created a shim for yq.exe
2025-05-27T09:44:14.1215423Z  The install of yq was successful.
2025-05-27T09:44:14.1219751Z   Software install location not explicitly set, it could be in package or
2025-05-27T09:44:14.1220463Z   default install location of installer.
2025-05-27T09:44:14.1479852Z 
2025-05-27T09:44:14.1480347Z Chocolatey installed 1/1 packages. 
2025-05-27T09:44:14.1481430Z  See the log for details (C:\ProgramData\chocolatey\logs\chocolatey.log).
2025-05-27T09:44:14.1953309Z ##[group]Run chmod +x "$GITHUB_ACTION_PATH/setup.sh"
2025-05-27T09:44:14.1953752Z [36;1mchmod +x "$GITHUB_ACTION_PATH/setup.sh"[0m
2025-05-27T09:44:14.2044585Z shell: C:\Program Files\Git\bin\bash.EXE --noprofile --norc -e -o pipefail {0}
2025-05-27T09:44:14.2045017Z env:
2025-05-27T09:44:14.2045312Z   pythonLocation: C:\hostedtoolcache\windows\Python\3.11.9\x64
2025-05-27T09:44:14.2045828Z   PKG_CONFIG_PATH: C:\hostedtoolcache\windows\Python\3.11.9\x64/lib/pkgconfig
2025-05-27T09:44:14.2046324Z   Python_ROOT_DIR: C:\hostedtoolcache\windows\Python\3.11.9\x64
2025-05-27T09:44:14.2046800Z   Python2_ROOT_DIR: C:\hostedtoolcache\windows\Python\3.11.9\x64
2025-05-27T09:44:14.2047272Z   Python3_ROOT_DIR: C:\hostedtoolcache\windows\Python\3.11.9\x64
2025-05-27T09:44:14.2047640Z ##[endgroup]
2025-05-27T09:44:14.2751573Z ##[group]Run $GITHUB_ACTION_PATH/setup.sh -p \
2025-05-27T09:44:14.2751988Z [36;1m$GITHUB_ACTION_PATH/setup.sh -p \[0m
2025-05-27T09:44:14.2752291Z [36;1m  -n '3.24.0' \[0m
2025-05-27T09:44:14.2752516Z [36;1m  -f '' \[0m
2025-05-27T09:44:14.2752725Z [36;1m  -a 'X64' \[0m
2025-05-27T09:44:14.2752930Z [36;1m  -k '' \[0m
2025-05-27T09:44:14.2753130Z [36;1m  -c '' \[0m
2025-05-27T09:44:14.2753322Z [36;1m  -l '' \[0m
2025-05-27T09:44:14.2753529Z [36;1m  -d 'default' \[0m
2025-05-27T09:44:14.2753860Z [36;1m  -g 'https://github.com/flutter/flutter.git' \[0m
2025-05-27T09:44:14.2754208Z [36;1m  stable[0m
2025-05-27T09:44:14.2766407Z shell: C:\Program Files\Git\bin\bash.EXE --noprofile --norc -e -o pipefail {0}
2025-05-27T09:44:14.2766819Z env:
2025-05-27T09:44:14.2767121Z   pythonLocation: C:\hostedtoolcache\windows\Python\3.11.9\x64
2025-05-27T09:44:14.2767616Z   PKG_CONFIG_PATH: C:\hostedtoolcache\windows\Python\3.11.9\x64/lib/pkgconfig
2025-05-27T09:44:14.2768085Z   Python_ROOT_DIR: C:\hostedtoolcache\windows\Python\3.11.9\x64
2025-05-27T09:44:14.2768522Z   Python2_ROOT_DIR: C:\hostedtoolcache\windows\Python\3.11.9\x64
2025-05-27T09:44:14.2768940Z   Python3_ROOT_DIR: C:\hostedtoolcache\windows\Python\3.11.9\x64
2025-05-27T09:44:14.2769254Z ##[endgroup]
2025-05-27T09:44:16.7095880Z ##[group]Run $GITHUB_ACTION_PATH/setup.sh \
2025-05-27T09:44:16.7096267Z [36;1m$GITHUB_ACTION_PATH/setup.sh \[0m
2025-05-27T09:44:16.7096557Z [36;1m  -n '3.24.0' \[0m
2025-05-27T09:44:16.7096805Z [36;1m  -a 'x64' \[0m
2025-05-27T09:44:16.7097131Z [36;1m  -c 'C:\hostedtoolcache\windows\flutter\stable-3.24.0-x64' \[0m
2025-05-27T09:44:16.7097591Z [36;1m  -d 'C:\Users\runneradmin\AppData\Local\Pub\Cache' \[0m
2025-05-27T09:44:16.7097923Z [36;1m  stable[0m
2025-05-27T09:44:16.7110137Z shell: C:\Program Files\Git\bin\bash.EXE --noprofile --norc -e -o pipefail {0}
2025-05-27T09:44:16.7110572Z env:
2025-05-27T09:44:16.7110855Z   pythonLocation: C:\hostedtoolcache\windows\Python\3.11.9\x64
2025-05-27T09:44:16.7111344Z   PKG_CONFIG_PATH: C:\hostedtoolcache\windows\Python\3.11.9\x64/lib/pkgconfig
2025-05-27T09:44:16.7111828Z   Python_ROOT_DIR: C:\hostedtoolcache\windows\Python\3.11.9\x64
2025-05-27T09:44:16.7112250Z   Python2_ROOT_DIR: C:\hostedtoolcache\windows\Python\3.11.9\x64
2025-05-27T09:44:16.7112681Z   Python3_ROOT_DIR: C:\hostedtoolcache\windows\Python\3.11.9\x64
2025-05-27T09:44:16.7113016Z ##[endgroup]
2025-05-27T09:44:18.4300255Z   % Total    % Received % Xferd  Average Speed   Time    Time     Time  Current
2025-05-27T09:44:18.4301605Z                                  Dload  Upload   Total   Spent    Left  Speed
2025-05-27T09:44:18.4301887Z 
2025-05-27T09:44:18.6948989Z   0     0    0     0    0     0      0      0 --:--:-- --:--:-- --:--:--     0
2025-05-27T09:44:19.7137754Z   0  964M    0 54761    0     0   201k      0  1:21:48 --:--:--  1:21:48  201k
2025-05-27T09:44:20.7266804Z  10  964M   10 98.0M    0     0  76.3M      0  0:00:12  0:00:01  0:00:11 76.3M
2025-05-27T09:44:21.8469135Z  21  964M   21  208M    0     0  90.5M      0  0:00:10  0:00:02  0:00:08 90.5M
2025-05-27T09:44:22.6946682Z  38  964M   38  370M    0     0   108M      0  0:00:08  0:00:03  0:00:05  108M
2025-05-27T09:44:23.6947558Z  53  964M   53  517M    0     0   121M      0  0:00:07  0:00:04  0:00:03  121M
2025-05-27T09:44:24.7390263Z  75  964M   75  724M    0     0   137M      0  0:00:07  0:00:05  0:00:02  144M
2025-05-27T09:44:25.4260025Z  91  964M   91  880M    0     0   139M      0  0:00:06  0:00:06 --:--:--  155M
2025-05-27T09:44:25.4269494Z 100  964M  100  964M    0     0   137M      0  0:00:06  0:00:06 --:--:--  160M
