2025-05-27T09:34:02.4469665Z ##[group]Run subosito/flutter-action@v2
2025-05-27T09:34:02.4470015Z with:
2025-05-27T09:34:02.4470188Z   flutter-version: 3.24.0
2025-05-27T09:34:02.4470391Z   channel: stable
2025-05-27T09:34:02.4470561Z   architecture: X64
2025-05-27T09:34:02.4470737Z   cache: false
2025-05-27T09:34:02.4470936Z   pub-cache-path: default
2025-05-27T09:34:02.4471135Z   dry-run: false
2025-05-27T09:34:02.4471369Z   git-source: https://github.com/flutter/flutter.git
2025-05-27T09:34:02.4471637Z env:
2025-05-27T09:34:02.4471866Z   pythonLocation: C:\hostedtoolcache\windows\Python\3.11.9\x64
2025-05-27T09:34:02.4472283Z   PKG_CONFIG_PATH: C:\hostedtoolcache\windows\Python\3.11.9\x64/lib/pkgconfig
2025-05-27T09:34:02.4472681Z   Python_ROOT_DIR: C:\hostedtoolcache\windows\Python\3.11.9\x64
2025-05-27T09:34:02.4473033Z   Python2_ROOT_DIR: C:\hostedtoolcache\windows\Python\3.11.9\x64
2025-05-27T09:34:02.4473391Z   Python3_ROOT_DIR: C:\hostedtoolcache\windows\Python\3.11.9\x64
2025-05-27T09:34:02.4473662Z ##[endgroup]
2025-05-27T09:34:02.4682083Z ##[group]Run choco install yq
2025-05-27T09:34:02.4682377Z [36;1mchoco install yq[0m
2025-05-27T09:34:02.4697408Z shell: C:\Program Files\Git\bin\bash.EXE --noprofile --norc -e -o pipefail {0}
2025-05-27T09:34:02.4697822Z env:
2025-05-27T09:34:02.4698091Z   pythonLocation: C:\hostedtoolcache\windows\Python\3.11.9\x64
2025-05-27T09:34:02.4698547Z   PKG_CONFIG_PATH: C:\hostedtoolcache\windows\Python\3.11.9\x64/lib/pkgconfig
2025-05-27T09:34:02.4698956Z   Python_ROOT_DIR: C:\hostedtoolcache\windows\Python\3.11.9\x64
2025-05-27T09:34:02.4699321Z   Python2_ROOT_DIR: C:\hostedtoolcache\windows\Python\3.11.9\x64
2025-05-27T09:34:02.4699702Z   Python3_ROOT_DIR: C:\hostedtoolcache\windows\Python\3.11.9\x64
2025-05-27T09:34:02.4699986Z ##[endgroup]
2025-05-27T09:34:06.4339179Z Chocolatey v2.4.3
2025-05-27T09:34:06.8512778Z Installing the following packages:
2025-05-27T09:34:06.8522441Z yq
2025-05-27T09:34:06.8527788Z By installing, you accept licenses for the packages.
2025-05-27T09:34:18.4345408Z Downloading package from source 'https://community.chocolatey.org/api/v2/'
2025-05-27T09:34:18.8813002Z 
2025-05-27T09:34:18.8814361Z Progress: Downloading yq 4.45.4... 27%
2025-05-27T09:34:18.8816061Z Progress: Downloading yq 4.45.4... 83%
2025-05-27T09:34:18.8817374Z Progress: Downloading yq 4.45.4... 100%
2025-05-27T09:34:19.0904706Z 
2025-05-27T09:34:19.0905183Z yq v4.45.4 [Approved]
2025-05-27T09:34:19.1108014Z yq package files install completed. Performing other installation steps.
2025-05-27T09:34:21.7658294Z Downloading yq 64 bit
2025-05-27T09:34:21.7659167Z   from 'https://github.com/mikefarah/yq/releases/download/v4.45.4/yq_windows_amd64.exe'
2025-05-27T09:34:22.1802705Z 
2025-05-27T09:34:22.1819459Z Progress: 1% - Saving 160 KB of 11.18 MB
2025-05-27T09:34:22.1834916Z Progress: 2% - Saving 313.81 KB of 11.18 MB
2025-05-27T09:34:22.1863839Z Progress: 4% - Saving 473.81 KB of 11.18 MB
2025-05-27T09:34:22.1892309Z Progress: 5% - Saving 627.63 KB of 11.18 MB
2025-05-27T09:34:22.1913620Z Progress: 6% - Saving 781.44 KB of 11.18 MB
2025-05-27T09:34:22.1991648Z Progress: 8% - Saving 941.44 KB of 11.18 MB
2025-05-27T09:34:22.2004757Z Progress: 9% - Saving 1.08 MB of 11.18 MB
2025-05-27T09:34:22.2019416Z Progress: 11% - Saving 1.23 MB of 11.18 MB
2025-05-27T09:34:22.2036665Z Progress: 12% - Saving 1.38 MB of 11.18 MB
2025-05-27T09:34:22.2056918Z Progress: 13% - Saving 1.54 MB of 11.18 MB
2025-05-27T09:34:22.2074219Z Progress: 15% - Saving 1.7 MB of 11.18 MB
2025-05-27T09:34:22.2090598Z Progress: 16% - Saving 1.85 MB of 11.18 MB
2025-05-27T09:34:22.2110955Z Progress: 17% - Saving 2 MB of 11.18 MB
2025-05-27T09:34:22.2126344Z Progress: 19% - Saving 2.15 MB of 11.18 MB
2025-05-27T09:34:22.2145834Z Progress: 20% - Saving 2.3 MB of 11.18 MB
2025-05-27T09:34:22.2159240Z Progress: 21% - Saving 2.45 MB of 11.18 MB
2025-05-27T09:34:22.2181153Z Progress: 23% - Saving 2.6 MB of 11.18 MB
2025-05-27T09:34:22.2196222Z Progress: 24% - Saving 2.76 MB of 11.18 MB
2025-05-27T09:34:22.2212748Z Progress: 26% - Saving 2.91 MB of 11.18 MB
2025-05-27T09:34:22.2230248Z Progress: 27% - Saving 3.07 MB of 11.18 MB
2025-05-27T09:34:22.2247781Z Progress: 28% - Saving 3.22 MB of 11.18 MB
2025-05-27T09:34:22.2264489Z Progress: 30% - Saving 3.37 MB of 11.18 MB
2025-05-27T09:34:22.2280250Z Progress: 31% - Saving 3.53 MB of 11.18 MB
2025-05-27T09:34:22.2291508Z Progress: 32% - Saving 3.69 MB of 11.18 MB
2025-05-27T09:34:22.2302301Z Progress: 34% - Saving 3.84 MB of 11.18 MB
2025-05-27T09:34:22.2326597Z Progress: 35% - Saving 3.99 MB of 11.18 MB
2025-05-27T09:34:22.2343179Z Progress: 37% - Saving 4.14 MB of 11.18 MB
2025-05-27T09:34:22.2356453Z Progress: 38% - Saving 4.3 MB of 11.18 MB
2025-05-27T09:34:22.2434638Z Progress: 39% - Saving 4.45 MB of 11.18 MB
2025-05-27T09:34:22.2462593Z Progress: 41% - Saving 4.61 MB of 11.18 MB
2025-05-27T09:34:22.2476144Z Progress: 42% - Saving 4.76 MB of 11.18 MB
2025-05-27T09:34:22.2490491Z Progress: 43% - Saving 4.92 MB of 11.18 MB
2025-05-27T09:34:22.2510043Z Progress: 45% - Saving 5.07 MB of 11.18 MB
2025-05-27T09:34:22.2530222Z Progress: 46% - Saving 5.23 MB of 11.18 MB
2025-05-27T09:34:22.2551065Z Progress: 48% - Saving 5.38 MB of 11.18 MB
2025-05-27T09:34:22.2572333Z Progress: 49% - Saving 5.54 MB of 11.18 MB
2025-05-27T09:34:22.2585103Z Progress: 50% - Saving 5.69 MB of 11.18 MB
2025-05-27T09:34:22.2595683Z Progress: 52% - Saving 5.84 MB of 11.18 MB
2025-05-27T09:34:22.2607766Z Progress: 53% - Saving 6 MB of 11.18 MB
2025-05-27T09:34:22.2625560Z Progress: 54% - Saving 6.13 MB of 11.18 MB
2025-05-27T09:34:22.2644511Z Progress: 56% - Saving 6.29 MB of 11.18 MB
2025-05-27T09:34:22.2659372Z Progress: 57% - Saving 6.44 MB of 11.18 MB
2025-05-27T09:34:22.2671320Z Progress: 58% - Saving 6.59 MB of 11.18 MB
2025-05-27T09:34:22.2684577Z Progress: 60% - Saving 6.75 MB of 11.18 MB
2025-05-27T09:34:22.2696521Z Progress: 61% - Saving 6.9 MB of 11.18 MB
2025-05-27T09:34:22.2717013Z Progress: 63% - Saving 7.05 MB of 11.18 MB
2025-05-27T09:34:22.2735492Z Progress: 64% - Saving 7.21 MB of 11.18 MB
2025-05-27T09:34:22.2746673Z Progress: 65% - Saving 7.36 MB of 11.18 MB
2025-05-27T09:34:22.2758477Z Progress: 67% - Saving 7.49 MB of 11.18 MB
2025-05-27T09:34:22.2771122Z Progress: 68% - Saving 7.65 MB of 11.18 MB
2025-05-27T09:34:22.2781957Z Progress: 69% - Saving 7.8 MB of 11.18 MB
2025-05-27T09:34:22.2795123Z Progress: 71% - Saving 7.95 MB of 11.18 MB
2025-05-27T09:34:22.2810068Z Progress: 72% - Saving 8.09 MB of 11.18 MB
2025-05-27T09:34:22.2831141Z Progress: 73% - Saving 8.25 MB of 11.18 MB
2025-05-27T09:34:22.2845478Z Progress: 75% - Saving 8.4 MB of 11.18 MB
2025-05-27T09:34:22.2856509Z Progress: 76% - Saving 8.56 MB of 11.18 MB
2025-05-27T09:34:22.2867592Z Progress: 77% - Saving 8.71 MB of 11.18 MB
2025-05-27T09:34:22.2879885Z Progress: 79% - Saving 8.87 MB of 11.18 MB
2025-05-27T09:34:22.2891553Z Progress: 80% - Saving 9.02 MB of 11.18 MB
2025-05-27T09:34:22.2907783Z Progress: 82% - Saving 9.18 MB of 11.18 MB
2025-05-27T09:34:22.2922455Z Progress: 83% - Saving 9.33 MB of 11.18 MB
2025-05-27T09:34:22.2952604Z Progress: 84% - Saving 9.49 MB of 11.18 MB
2025-05-27T09:34:22.2963932Z Progress: 86% - Saving 9.64 MB of 11.18 MB
2025-05-27T09:34:22.2976920Z Progress: 87% - Saving 9.8 MB of 11.18 MB
2025-05-27T09:34:22.2990384Z Progress: 89% - Saving 9.95 MB of 11.18 MB
2025-05-27T09:34:22.3004782Z Progress: 90% - Saving 10.09 MB of 11.18 MB
2025-05-27T09:34:22.3015913Z Progress: 91% - Saving 10.24 MB of 11.18 MB
2025-05-27T09:34:22.3026989Z Progress: 92% - Saving 10.39 MB of 11.18 MB
2025-05-27T09:34:22.3038119Z Progress: 94% - Saving 10.54 MB of 11.18 MB
2025-05-27T09:34:22.3049461Z Progress: 95% - Saving 10.69 MB of 11.18 MB
2025-05-27T09:34:22.3060581Z Progress: 96% - Saving 10.83 MB of 11.18 MB
2025-05-27T09:34:22.3073775Z Progress: 98% - Saving 10.99 MB of 11.18 MB
2025-05-27T09:34:22.3086108Z Progress: 99% - Saving 11.15 MB of 11.18 MB
2025-05-27T09:34:22.3090876Z Progress: 100% - Completed download of C:\ProgramData\chocolatey\lib\yq\tools\yq.exe (11.18 MB).
2025-05-27T09:34:22.3112041Z Download of yq.exe (11.18 MB) completed.
2025-05-27T09:34:31.6738057Z Hashes match.
2025-05-27T09:34:31.8118092Z C:\ProgramData\chocolatey\lib\yq\tools\yq.exe
2025-05-27T09:34:35.0607201Z  ShimGen has successfully created a shim for yq.exe
2025-05-27T09:34:35.0842402Z  The install of yq was successful.
2025-05-27T09:34:35.0846563Z   Software install location not explicitly set, it could be in package or
2025-05-27T09:34:35.0847104Z   default install location of installer.
2025-05-27T09:34:35.1338192Z 
2025-05-27T09:34:35.1338664Z Chocolatey installed 1/1 packages. 
2025-05-27T09:34:35.1339119Z  See the log for details (C:\ProgramData\chocolatey\logs\chocolatey.log).
2025-05-27T09:34:35.1773907Z ##[group]Run chmod +x "$GITHUB_ACTION_PATH/setup.sh"
2025-05-27T09:34:35.1774245Z [36;1mchmod +x "$GITHUB_ACTION_PATH/setup.sh"[0m
2025-05-27T09:34:35.1786097Z shell: C:\Program Files\Git\bin\bash.EXE --noprofile --norc -e -o pipefail {0}
2025-05-27T09:34:35.1858794Z env:
2025-05-27T09:34:35.1859148Z   pythonLocation: C:\hostedtoolcache\windows\Python\3.11.9\x64
2025-05-27T09:34:35.1859570Z   PKG_CONFIG_PATH: C:\hostedtoolcache\windows\Python\3.11.9\x64/lib/pkgconfig
2025-05-27T09:34:35.1859965Z   Python_ROOT_DIR: C:\hostedtoolcache\windows\Python\3.11.9\x64
2025-05-27T09:34:35.1860356Z   Python2_ROOT_DIR: C:\hostedtoolcache\windows\Python\3.11.9\x64
2025-05-27T09:34:35.1860716Z   Python3_ROOT_DIR: C:\hostedtoolcache\windows\Python\3.11.9\x64
2025-05-27T09:34:35.1860992Z ##[endgroup]
2025-05-27T09:34:35.2706036Z ##[group]Run $GITHUB_ACTION_PATH/setup.sh -p \
2025-05-27T09:34:35.2706390Z [36;1m$GITHUB_ACTION_PATH/setup.sh -p \[0m
2025-05-27T09:34:35.2706629Z [36;1m  -n '3.24.0' \[0m
2025-05-27T09:34:35.2706808Z [36;1m  -f '' \[0m
2025-05-27T09:34:35.2706975Z [36;1m  -a 'X64' \[0m
2025-05-27T09:34:35.2707138Z [36;1m  -k '' \[0m
2025-05-27T09:34:35.2707299Z [36;1m  -c '' \[0m
2025-05-27T09:34:35.2707448Z [36;1m  -l '' \[0m
2025-05-27T09:34:35.2707635Z [36;1m  -d 'default' \[0m
2025-05-27T09:34:35.2707889Z [36;1m  -g 'https://github.com/flutter/flutter.git' \[0m
2025-05-27T09:34:35.2708156Z [36;1m  stable[0m
2025-05-27T09:34:35.2720777Z shell: C:\Program Files\Git\bin\bash.EXE --noprofile --norc -e -o pipefail {0}
2025-05-27T09:34:35.2721163Z env:
2025-05-27T09:34:35.2721397Z   pythonLocation: C:\hostedtoolcache\windows\Python\3.11.9\x64
2025-05-27T09:34:35.2721811Z   PKG_CONFIG_PATH: C:\hostedtoolcache\windows\Python\3.11.9\x64/lib/pkgconfig
2025-05-27T09:34:35.2722210Z   Python_ROOT_DIR: C:\hostedtoolcache\windows\Python\3.11.9\x64
2025-05-27T09:34:35.2722573Z   Python2_ROOT_DIR: C:\hostedtoolcache\windows\Python\3.11.9\x64
2025-05-27T09:34:35.2722929Z   Python3_ROOT_DIR: C:\hostedtoolcache\windows\Python\3.11.9\x64
2025-05-27T09:34:35.2723221Z ##[endgroup]
2025-05-27T09:34:38.4404427Z ##[group]Run $GITHUB_ACTION_PATH/setup.sh \
2025-05-27T09:34:38.4404725Z [36;1m$GITHUB_ACTION_PATH/setup.sh \[0m
2025-05-27T09:34:38.4404968Z [36;1m  -n '3.24.0' \[0m
2025-05-27T09:34:38.4405145Z [36;1m  -a 'x64' \[0m
2025-05-27T09:34:38.4405400Z [36;1m  -c 'C:\hostedtoolcache\windows\flutter\stable-3.24.0-x64' \[0m
2025-05-27T09:34:38.4405757Z [36;1m  -d 'C:\Users\runneradmin\AppData\Local\Pub\Cache' \[0m
2025-05-27T09:34:38.4406189Z [36;1m  stable[0m
2025-05-27T09:34:38.4417634Z shell: C:\Program Files\Git\bin\bash.EXE --noprofile --norc -e -o pipefail {0}
2025-05-27T09:34:38.4417997Z env:
2025-05-27T09:34:38.4418230Z   pythonLocation: C:\hostedtoolcache\windows\Python\3.11.9\x64
2025-05-27T09:34:38.4418640Z   PKG_CONFIG_PATH: C:\hostedtoolcache\windows\Python\3.11.9\x64/lib/pkgconfig
2025-05-27T09:34:38.4419022Z   Python_ROOT_DIR: C:\hostedtoolcache\windows\Python\3.11.9\x64
2025-05-27T09:34:38.4419378Z   Python2_ROOT_DIR: C:\hostedtoolcache\windows\Python\3.11.9\x64
2025-05-27T09:34:38.4419731Z   Python3_ROOT_DIR: C:\hostedtoolcache\windows\Python\3.11.9\x64
2025-05-27T09:34:38.4420004Z ##[endgroup]
2025-05-27T09:34:40.1950311Z   % Total    % Received % Xferd  Average Speed   Time    Time     Time  Current
2025-05-27T09:34:40.1950810Z                                  Dload  Upload   Total   Spent    Left  Speed
2025-05-27T09:34:40.1951027Z 
2025-05-27T09:34:40.3345961Z   0     0    0     0    0     0      0      0 --:--:-- --:--:-- --:--:--     0
2025-05-27T09:34:41.3339834Z   0  964M    0 89204    0     0   620k      0  0:26:32 --:--:--  0:26:32  622k
2025-05-27T09:34:42.3345573Z  22  964M   22  217M    0     0   191M      0  0:00:05  0:00:01  0:00:04  191M
2025-05-27T09:34:43.3341777Z  45  964M   45  441M    0     0   206M      0  0:00:04  0:00:02  0:00:02  206M
2025-05-27T09:34:44.3339897Z  68  964M   68  656M    0     0   209M      0  0:00:04  0:00:03  0:00:01  209M
2025-05-27T09:34:44.6934204Z  91  964M   91  884M    0     0   213M      0  0:00:04  0:00:04 --:--:--  213M
2025-05-27T09:34:44.6942663Z 100  964M  100  964M    0     0   214M      0  0:00:04  0:00:04 --:--:--  221M
