2025-05-27T09:33:04.1146410Z Current runner version: '2.324.0'
2025-05-27T09:33:04.1169662Z ##[group]Operating System
2025-05-27T09:33:04.1170451Z Microsoft Windows Server 2022
2025-05-27T09:33:04.1170993Z 10.0.20348
2025-05-27T09:33:04.1171432Z Datacenter
2025-05-27T09:33:04.1171864Z ##[endgroup]
2025-05-27T09:33:04.1172285Z ##[group]Runner Image
2025-05-27T09:33:04.1172827Z Image: windows-2022
2025-05-27T09:33:04.1173265Z Version: 20250511.1.0
2025-05-27T09:33:04.1174246Z Included Software: https://github.com/actions/runner-images/blob/win22/20250511.1/images/windows/Windows2022-Readme.md
2025-05-27T09:33:04.1175567Z Image Release: https://github.com/actions/runner-images/releases/tag/win22%2F20250511.1
2025-05-27T09:33:04.1176370Z ##[endgroup]
2025-05-27T09:33:04.1176854Z ##[group]Runner Image Provisioner
2025-05-27T09:33:04.1177368Z 2.0.437.1
2025-05-27T09:33:04.1177786Z ##[endgroup]
2025-05-27T09:33:04.1178788Z ##[group]GITHUB_TOKEN Permissions
2025-05-27T09:33:04.1180898Z Contents: read
2025-05-27T09:33:04.1181553Z Metadata: read
2025-05-27T09:33:04.1181984Z Packages: read
2025-05-27T09:33:04.1182457Z ##[endgroup]
2025-05-27T09:33:04.1184513Z Secret source: Actions
2025-05-27T09:33:04.1185187Z Prepare workflow directory
2025-05-27T09:33:04.1489387Z Prepare all required actions
2025-05-27T09:33:04.1526362Z Getting action download info
2025-05-27T09:33:04.6454776Z ##[group]Download immutable action package 'actions/checkout@v4'
2025-05-27T09:33:04.6456218Z Version: 4.2.2
2025-05-27T09:33:04.6457346Z Digest: sha256:ccb2698953eaebd21c7bf6268a94f9c26518a7e38e27e0b83c1fe1ad049819b1
2025-05-27T09:33:04.6458634Z Source commit SHA: 11bd71901bbe5b1630ceea73d27597364c9af683
2025-05-27T09:33:04.6459398Z ##[endgroup]
2025-05-27T09:33:04.8401519Z ##[group]Download immutable action package 'actions/setup-python@v4'
2025-05-27T09:33:04.8402320Z Version: 4.9.1
2025-05-27T09:33:04.8403054Z Digest: sha256:f03e505388af670b5a108629e0ba26befc08d5c62b41f46146a45fe29ae509a5
2025-05-27T09:33:04.8404022Z Source commit SHA: 7f4fc3e22c37d6ff65e88745f38bd3157c663f7c
2025-05-27T09:33:04.8404730Z ##[endgroup]
2025-05-27T09:33:05.2449039Z Download action repository 'subosito/flutter-action@v2' (SHA:e938fdf56512cc96ef2f93601a5a40bde3801046)
2025-05-27T09:33:05.7518801Z ##[group]Download immutable action package 'actions/upload-artifact@v4'
2025-05-27T09:33:05.7519882Z Version: 4.6.2
2025-05-27T09:33:05.7520853Z Digest: sha256:290722aa3281d5caf23d0acdc3dbeb3424786a1a01a9cc97e72f147225e37c38
2025-05-27T09:33:05.7522086Z Source commit SHA: ea165f8d65b6e75b540449e92b4886f43607fa02
2025-05-27T09:33:05.7523013Z ##[endgroup]
2025-05-27T09:33:06.2796097Z Getting action download info
2025-05-27T09:33:06.4470248Z ##[group]Download immutable action package 'actions/cache@v4'
2025-05-27T09:33:06.4471521Z Version: 4.2.3
2025-05-27T09:33:06.4472767Z Digest: sha256:c8a3bb963e1f1826d8fcc8d1354f0dd29d8ac1db1d4f6f20247055ae11b81ed9
2025-05-27T09:33:06.4474434Z Source commit SHA: 5a3ec84eff668545956fd18022155c47e93e2684
2025-05-27T09:33:06.4475593Z ##[endgroup]
2025-05-27T09:33:06.8014444Z Complete job name: build-windows
2025-05-27T09:33:06.9117971Z ##[group]Run actions/checkout@v4
2025-05-27T09:33:06.9119414Z with:
2025-05-27T09:33:06.9120108Z   repository: zyq2002/material-anticheat
2025-05-27T09:33:06.9121294Z   token: ***
2025-05-27T09:33:06.9121942Z   ssh-strict: true
2025-05-27T09:33:06.9122609Z   ssh-user: git
2025-05-27T09:33:06.9123319Z   persist-credentials: true
2025-05-27T09:33:06.9124100Z   clean: true
2025-05-27T09:33:06.9124792Z   sparse-checkout-cone-mode: true
2025-05-27T09:33:06.9125616Z   fetch-depth: 1
2025-05-27T09:33:06.9126282Z   fetch-tags: false
2025-05-27T09:33:06.9126964Z   show-progress: true
2025-05-27T09:33:06.9127666Z   lfs: false
2025-05-27T09:33:06.9128304Z   submodules: false
2025-05-27T09:33:06.9128997Z   set-safe-directory: true
2025-05-27T09:33:06.9129961Z ##[endgroup]
2025-05-27T09:33:07.3784053Z Syncing repository: zyq2002/material-anticheat
2025-05-27T09:33:07.3786502Z ##[group]Getting Git version info
2025-05-27T09:33:07.3790135Z Working directory is 'D:\a\material-anticheat\material-anticheat'
2025-05-27T09:33:07.5521898Z [command]"C:\Program Files\Git\bin\git.exe" version
2025-05-27T09:33:07.5958051Z git version 2.49.0.windows.1
2025-05-27T09:33:07.6089475Z ##[endgroup]
2025-05-27T09:33:07.6112470Z Temporarily overriding HOME='D:\a\_temp\1e1ce156-6627-42fa-8379-467f5e3cca90' before making global git config changes
2025-05-27T09:33:07.6115217Z Adding repository directory to the temporary git global config as a safe directory
2025-05-27T09:33:07.6128207Z [command]"C:\Program Files\Git\bin\git.exe" config --global --add safe.directory D:\a\material-anticheat\material-anticheat
2025-05-27T09:33:07.6617414Z Deleting the contents of 'D:\a\material-anticheat\material-anticheat'
2025-05-27T09:33:07.6623767Z ##[group]Initializing the repository
2025-05-27T09:33:07.6634744Z [command]"C:\Program Files\Git\bin\git.exe" init D:\a\material-anticheat\material-anticheat
2025-05-27T09:33:07.7617698Z Initialized empty Git repository in D:/a/material-anticheat/material-anticheat/.git/
2025-05-27T09:33:07.7658843Z [command]"C:\Program Files\Git\bin\git.exe" remote add origin https://github.com/zyq2002/material-anticheat
2025-05-27T09:33:07.8157854Z ##[endgroup]
2025-05-27T09:33:07.8160601Z ##[group]Disabling automatic garbage collection
2025-05-27T09:33:07.8167303Z [command]"C:\Program Files\Git\bin\git.exe" config --local gc.auto 0
2025-05-27T09:33:07.8405857Z ##[endgroup]
2025-05-27T09:33:07.8407017Z ##[group]Setting up auth
2025-05-27T09:33:07.8419859Z [command]"C:\Program Files\Git\bin\git.exe" config --local --name-only --get-regexp core\.sshCommand
2025-05-27T09:33:07.8661121Z [command]"C:\Program Files\Git\bin\git.exe" submodule foreach --recursive "sh -c \"git config --local --name-only --get-regexp 'core\.sshCommand' && git config --local --unset-all 'core.sshCommand' || :\""
2025-05-27T09:33:09.0120904Z [command]"C:\Program Files\Git\bin\git.exe" config --local --name-only --get-regexp http\.https\:\/\/github\.com\/\.extraheader
2025-05-27T09:33:09.0372109Z [command]"C:\Program Files\Git\bin\git.exe" submodule foreach --recursive "sh -c \"git config --local --name-only --get-regexp 'http\.https\:\/\/github\.com\/\.extraheader' && git config --local --unset-all 'http.https://github.com/.extraheader' || :\""
2025-05-27T09:33:09.5205591Z [command]"C:\Program Files\Git\bin\git.exe" config --local http.https://github.com/.extraheader "AUTHORIZATION: basic ***"
2025-05-27T09:33:09.5473943Z ##[endgroup]
2025-05-27T09:33:09.5474573Z ##[group]Fetching the repository
2025-05-27T09:33:09.5488734Z [command]"C:\Program Files\Git\bin\git.exe" -c protocol.version=2 fetch --no-tags --prune --no-recurse-submodules --depth=1 origin +9730306c4b5585d45501b69bd5b5f73c5e0038ae:refs/remotes/origin/main
2025-05-27T09:33:10.7544926Z From https://github.com/zyq2002/material-anticheat
2025-05-27T09:33:10.7545801Z  * [new ref]         9730306c4b5585d45501b69bd5b5f73c5e0038ae -> origin/main
2025-05-27T09:33:10.7732369Z ##[endgroup]
2025-05-27T09:33:10.7735448Z ##[group]Determining the checkout info
2025-05-27T09:33:10.7736139Z ##[endgroup]
2025-05-27T09:33:10.7747532Z [command]"C:\Program Files\Git\bin\git.exe" sparse-checkout disable
2025-05-27T09:33:10.8177624Z [command]"C:\Program Files\Git\bin\git.exe" config --local --unset-all extensions.worktreeConfig
2025-05-27T09:33:10.8414837Z ##[group]Checking out the ref
2025-05-27T09:33:10.8425239Z [command]"C:\Program Files\Git\bin\git.exe" checkout --progress --force -B main refs/remotes/origin/main
2025-05-27T09:33:10.9257089Z branch 'main' set up to track 'origin/main'.
2025-05-27T09:33:10.9260846Z Switched to a new branch 'main'
2025-05-27T09:33:10.9291311Z ##[endgroup]
2025-05-27T09:33:10.9599358Z [command]"C:\Program Files\Git\bin\git.exe" log -1 --format=%H
2025-05-27T09:33:10.9814066Z 9730306c4b5585d45501b69bd5b5f73c5e0038ae
2025-05-27T09:33:11.0312641Z ##[group]Run actions/setup-python@v4
2025-05-27T09:33:11.0313015Z with:
2025-05-27T09:33:11.0314015Z   python-version: 3.11
2025-05-27T09:33:11.0314238Z   check-latest: false
2025-05-27T09:33:11.0314675Z   token: ***
2025-05-27T09:33:11.0314869Z   update-environment: true
2025-05-27T09:33:11.0315085Z   allow-prereleases: false
2025-05-27T09:33:11.0315279Z ##[endgroup]
2025-05-27T09:33:11.2660683Z ##[group]Installed versions
2025-05-27T09:33:11.3082969Z Successfully set up CPython (3.11.9)
2025-05-27T09:33:11.3084125Z ##[endgroup]
2025-05-27T09:33:11.3361944Z ##[group]Run python -m pip install --upgrade pip
2025-05-27T09:33:11.3362401Z [36;1mpython -m pip install --upgrade pip[0m
2025-05-27T09:33:11.3362754Z [36;1mif (Test-Path "python_scripts/requirements.txt") {[0m
2025-05-27T09:33:11.3363105Z [36;1m  pip install -r python_scripts/requirements.txt[0m
2025-05-27T09:33:11.3363373Z [36;1m} else {[0m
2025-05-27T09:33:11.3363654Z [36;1m  echo "警告: python_scripts/requirements.txt 不存在，跳过Python依赖安装"[0m
2025-05-27T09:33:11.3363962Z [36;1m}[0m
2025-05-27T09:33:11.3649404Z shell: C:\Windows\System32\WindowsPowerShell\v1.0\powershell.EXE -command ". '{0}'"
2025-05-27T09:33:11.3649867Z env:
2025-05-27T09:33:11.3650130Z   pythonLocation: C:\hostedtoolcache\windows\Python\3.11.9\x64
2025-05-27T09:33:11.3650542Z   PKG_CONFIG_PATH: C:\hostedtoolcache\windows\Python\3.11.9\x64/lib/pkgconfig
2025-05-27T09:33:11.3650946Z   Python_ROOT_DIR: C:\hostedtoolcache\windows\Python\3.11.9\x64
2025-05-27T09:33:11.3651375Z   Python2_ROOT_DIR: C:\hostedtoolcache\windows\Python\3.11.9\x64
2025-05-27T09:33:11.3651724Z   Python3_ROOT_DIR: C:\hostedtoolcache\windows\Python\3.11.9\x64
2025-05-27T09:33:11.3652008Z ##[endgroup]
2025-05-27T09:33:22.4532722Z Requirement already satisfied: pip in c:\hostedtoolcache\windows\python\3.11.9\x64\lib\site-packages (25.1.1)
2025-05-27T09:33:24.3307364Z Collecting opencv-python==4.8.1.78 (from -r python_scripts/requirements.txt (line 1))
2025-05-27T09:33:24.3433342Z   Downloading opencv_python-4.8.1.78-cp37-abi3-win_amd64.whl.metadata (20 kB)
2025-05-27T09:33:24.5555943Z Collecting numpy==1.24.3 (from -r python_scripts/requirements.txt (line 2))
2025-05-27T09:33:24.5660517Z   Downloading numpy-1.24.3-cp311-cp311-win_amd64.whl.metadata (5.6 kB)
2025-05-27T09:33:24.7330044Z Collecting matplotlib==3.9.4 (from -r python_scripts/requirements.txt (line 3))
2025-05-27T09:33:24.7389231Z   Downloading matplotlib-3.9.4-cp311-cp311-win_amd64.whl.metadata (11 kB)
2025-05-27T09:33:24.8443334Z Collecting scikit-image==0.24.0 (from -r python_scripts/requirements.txt (line 4))
2025-05-27T09:33:24.8496132Z   Downloading scikit_image-0.24.0-cp311-cp311-win_amd64.whl.metadata (14 kB)
2025-05-27T09:33:25.0223008Z Collecting scipy==1.13.1 (from -r python_scripts/requirements.txt (line 5))
2025-05-27T09:33:25.0274352Z   Downloading scipy-1.13.1-cp311-cp311-win_amd64.whl.metadata (60 kB)
2025-05-27T09:33:25.1074516Z Collecting networkx==3.2.1 (from -r python_scripts/requirements.txt (line 6))
2025-05-27T09:33:25.1114879Z   Downloading networkx-3.2.1-py3-none-any.whl.metadata (5.2 kB)
2025-05-27T09:33:25.3088476Z Collecting pillow==11.2.1 (from -r python_scripts/requirements.txt (line 7))
2025-05-27T09:33:25.3143616Z   Downloading pillow-11.2.1-cp311-cp311-win_amd64.whl.metadata (9.1 kB)
2025-05-27T09:33:25.3873199Z Collecting tifffile==2024.8.30 (from -r python_scripts/requirements.txt (line 8))
2025-05-27T09:33:25.3914575Z   Downloading tifffile-2024.8.30-py3-none-any.whl.metadata (31 kB)
2025-05-27T09:33:25.5404467Z Collecting contourpy>=1.0.1 (from matplotlib==3.9.4->-r python_scripts/requirements.txt (line 3))
2025-05-27T09:33:25.5456473Z   Downloading contourpy-1.3.2-cp311-cp311-win_amd64.whl.metadata (5.5 kB)
2025-05-27T09:33:25.5983657Z Collecting cycler>=0.10 (from matplotlib==3.9.4->-r python_scripts/requirements.txt (line 3))
2025-05-27T09:33:25.6025874Z   Downloading cycler-0.12.1-py3-none-any.whl.metadata (3.8 kB)
2025-05-27T09:33:25.7776426Z Collecting fonttools>=4.22.0 (from matplotlib==3.9.4->-r python_scripts/requirements.txt (line 3))
2025-05-27T09:33:25.7824760Z   Downloading fonttools-4.58.0-cp311-cp311-win_amd64.whl.metadata (106 kB)
2025-05-27T09:33:25.9275472Z Collecting kiwisolver>=1.3.1 (from matplotlib==3.9.4->-r python_scripts/requirements.txt (line 3))
2025-05-27T09:33:25.9327247Z   Downloading kiwisolver-1.4.8-cp311-cp311-win_amd64.whl.metadata (6.3 kB)
2025-05-27T09:33:26.0179667Z Collecting packaging>=20.0 (from matplotlib==3.9.4->-r python_scripts/requirements.txt (line 3))
2025-05-27T09:33:26.0219074Z   Downloading packaging-25.0-py3-none-any.whl.metadata (3.3 kB)
2025-05-27T09:33:26.0877651Z Collecting pyparsing>=2.3.1 (from matplotlib==3.9.4->-r python_scripts/requirements.txt (line 3))
2025-05-27T09:33:26.0917752Z   Downloading pyparsing-3.2.3-py3-none-any.whl.metadata (5.0 kB)
2025-05-27T09:33:26.1486022Z Collecting python-dateutil>=2.7 (from matplotlib==3.9.4->-r python_scripts/requirements.txt (line 3))
2025-05-27T09:33:26.1528713Z   Downloading python_dateutil-2.9.0.post0-py2.py3-none-any.whl.metadata (8.4 kB)
2025-05-27T09:33:26.2328269Z Collecting imageio>=2.33 (from scikit-image==0.24.0->-r python_scripts/requirements.txt (line 4))
2025-05-27T09:33:26.2367622Z   Downloading imageio-2.37.0-py3-none-any.whl.metadata (5.2 kB)
2025-05-27T09:33:26.3436113Z Collecting lazy-loader>=0.4 (from scikit-image==0.24.0->-r python_scripts/requirements.txt (line 4))
2025-05-27T09:33:26.3478268Z   Downloading lazy_loader-0.4-py3-none-any.whl.metadata (7.6 kB)
2025-05-27T09:33:26.4366129Z Collecting six>=1.5 (from python-dateutil>=2.7->matplotlib==3.9.4->-r python_scripts/requirements.txt (line 3))
2025-05-27T09:33:26.4408584Z   Downloading six-1.17.0-py2.py3-none-any.whl.metadata (1.7 kB)
2025-05-27T09:33:26.4744380Z Downloading opencv_python-4.8.1.78-cp37-abi3-win_amd64.whl (38.1 MB)
2025-05-27T09:33:26.9170761Z    ---------------------------------------- 38.1/38.1 MB 86.3 MB/s eta 0:00:00
2025-05-27T09:33:26.9214644Z Downloading numpy-1.24.3-cp311-cp311-win_amd64.whl (14.8 MB)
2025-05-27T09:33:27.5129008Z    ---------------------------------------- 14.8/14.8 MB 23.9 MB/s eta 0:00:00
2025-05-27T09:33:27.5178282Z Downloading matplotlib-3.9.4-cp311-cp311-win_amd64.whl (7.8 MB)
2025-05-27T09:33:27.5995411Z    ---------------------------------------- 7.8/7.8 MB 97.1 MB/s eta 0:00:00
2025-05-27T09:33:27.6040712Z Downloading scikit_image-0.24.0-cp311-cp311-win_amd64.whl (12.8 MB)
2025-05-27T09:33:27.7397292Z    ---------------------------------------- 12.8/12.8 MB 100.7 MB/s eta 0:00:00
2025-05-27T09:33:27.7447643Z Downloading scipy-1.13.1-cp311-cp311-win_amd64.whl (46.2 MB)
2025-05-27T09:33:28.6928422Z    ---------------------------------------- 46.2/46.2 MB 49.0 MB/s eta 0:00:00
2025-05-27T09:33:28.6990951Z Downloading networkx-3.2.1-py3-none-any.whl (1.6 MB)
2025-05-27T09:33:28.7534743Z    ---------------------------------------- 1.6/1.6 MB 29.5 MB/s eta 0:00:00
2025-05-27T09:33:28.7591706Z Downloading pillow-11.2.1-cp311-cp311-win_amd64.whl (2.7 MB)
2025-05-27T09:33:28.8309339Z    ---------------------------------------- 2.7/2.7 MB 31.0 MB/s eta 0:00:00
2025-05-27T09:33:28.8365969Z Downloading tifffile-2024.8.30-py3-none-any.whl (227 kB)
2025-05-27T09:33:28.8751435Z Downloading contourpy-1.3.2-cp311-cp311-win_amd64.whl (222 kB)
2025-05-27T09:33:28.9374493Z Downloading cycler-0.12.1-py3-none-any.whl (8.3 kB)
2025-05-27T09:33:28.9777020Z Downloading fonttools-4.58.0-cp311-cp311-win_amd64.whl (2.2 MB)
2025-05-27T09:33:29.0231853Z    ---------------------------------------- 2.2/2.2 MB 42.0 MB/s eta 0:00:00
2025-05-27T09:33:29.0281222Z Downloading imageio-2.37.0-py3-none-any.whl (315 kB)
2025-05-27T09:33:29.0578197Z Downloading kiwisolver-1.4.8-cp311-cp311-win_amd64.whl (71 kB)
2025-05-27T09:33:29.1312294Z Downloading lazy_loader-0.4-py3-none-any.whl (12 kB)
2025-05-27T09:33:29.2374008Z Downloading packaging-25.0-py3-none-any.whl (66 kB)
2025-05-27T09:33:29.2719401Z Downloading pyparsing-3.2.3-py3-none-any.whl (111 kB)
2025-05-27T09:33:29.3005351Z Downloading python_dateutil-2.9.0.post0-py2.py3-none-any.whl (229 kB)
2025-05-27T09:33:29.3285856Z Downloading six-1.17.0-py2.py3-none-any.whl (11 kB)
2025-05-27T09:33:29.6801179Z Installing collected packages: six, pyparsing, pillow, packaging, numpy, networkx, kiwisolver, fonttools, cycler, tifffile, scipy, python-dateutil, opencv-python, lazy-loader, imageio, contourpy, scikit-image, matplotlib
2025-05-27T09:34:02.1139050Z 
2025-05-27T09:34:02.1164676Z Successfully installed contourpy-1.3.2 cycler-0.12.1 fonttools-4.58.0 imageio-2.37.0 kiwisolver-1.4.8 lazy-loader-0.4 matplotlib-3.9.4 networkx-3.2.1 numpy-1.24.3 opencv-python-4.8.1.78 packaging-25.0 pillow-11.2.1 pyparsing-3.2.3 python-dateutil-2.9.0.post0 scikit-image-0.24.0 scipy-1.13.1 six-1.17.0 tifffile-2024.8.30
2025-05-27T09:34:02.4469689Z ##[group]Run subosito/flutter-action@v2
2025-05-27T09:34:02.4470019Z with:
2025-05-27T09:34:02.4470191Z   flutter-version: 3.24.0
2025-05-27T09:34:02.4470393Z   channel: stable
2025-05-27T09:34:02.4470563Z   architecture: X64
2025-05-27T09:34:02.4470739Z   cache: false
2025-05-27T09:34:02.4470938Z   pub-cache-path: default
2025-05-27T09:34:02.4471137Z   dry-run: false
2025-05-27T09:34:02.4471371Z   git-source: https://github.com/flutter/flutter.git
2025-05-27T09:34:02.4471639Z env:
2025-05-27T09:34:02.4471869Z   pythonLocation: C:\hostedtoolcache\windows\Python\3.11.9\x64
2025-05-27T09:34:02.4472287Z   PKG_CONFIG_PATH: C:\hostedtoolcache\windows\Python\3.11.9\x64/lib/pkgconfig
2025-05-27T09:34:02.4472684Z   Python_ROOT_DIR: C:\hostedtoolcache\windows\Python\3.11.9\x64
2025-05-27T09:34:02.4473035Z   Python2_ROOT_DIR: C:\hostedtoolcache\windows\Python\3.11.9\x64
2025-05-27T09:34:02.4473394Z   Python3_ROOT_DIR: C:\hostedtoolcache\windows\Python\3.11.9\x64
2025-05-27T09:34:02.4473721Z ##[endgroup]
2025-05-27T09:34:02.4682112Z ##[group]Run choco install yq
2025-05-27T09:34:02.4682380Z [36;1mchoco install yq[0m
2025-05-27T09:34:02.4697432Z shell: C:\Program Files\Git\bin\bash.EXE --noprofile --norc -e -o pipefail {0}
2025-05-27T09:34:02.4697825Z env:
2025-05-27T09:34:02.4698094Z   pythonLocation: C:\hostedtoolcache\windows\Python\3.11.9\x64
2025-05-27T09:34:02.4698551Z   PKG_CONFIG_PATH: C:\hostedtoolcache\windows\Python\3.11.9\x64/lib/pkgconfig
2025-05-27T09:34:02.4698959Z   Python_ROOT_DIR: C:\hostedtoolcache\windows\Python\3.11.9\x64
2025-05-27T09:34:02.4699323Z   Python2_ROOT_DIR: C:\hostedtoolcache\windows\Python\3.11.9\x64
2025-05-27T09:34:02.4699704Z   Python3_ROOT_DIR: C:\hostedtoolcache\windows\Python\3.11.9\x64
2025-05-27T09:34:02.4699988Z ##[endgroup]
2025-05-27T09:34:06.4339243Z Chocolatey v2.4.3
2025-05-27T09:34:06.8512829Z Installing the following packages:
2025-05-27T09:34:06.8522460Z yq
2025-05-27T09:34:06.8527827Z By installing, you accept licenses for the packages.
2025-05-27T09:34:18.4345457Z Downloading package from source 'https://community.chocolatey.org/api/v2/'
2025-05-27T09:34:18.8813052Z 
2025-05-27T09:34:18.8814374Z Progress: Downloading yq 4.45.4... 27%
2025-05-27T09:34:18.8816074Z Progress: Downloading yq 4.45.4... 83%
2025-05-27T09:34:18.8817384Z Progress: Downloading yq 4.45.4... 100%
2025-05-27T09:34:19.0904765Z 
2025-05-27T09:34:19.0905187Z yq v4.45.4 [Approved]
2025-05-27T09:34:19.1108058Z yq package files install completed. Performing other installation steps.
2025-05-27T09:34:21.7658340Z Downloading yq 64 bit
2025-05-27T09:34:21.7659176Z   from 'https://github.com/mikefarah/yq/releases/download/v4.45.4/yq_windows_amd64.exe'
2025-05-27T09:34:22.1802756Z 
2025-05-27T09:34:22.1819474Z Progress: 1% - Saving 160 KB of 11.18 MB
2025-05-27T09:34:22.1834933Z Progress: 2% - Saving 313.81 KB of 11.18 MB
2025-05-27T09:34:22.1863854Z Progress: 4% - Saving 473.81 KB of 11.18 MB
2025-05-27T09:34:22.1892362Z Progress: 5% - Saving 627.63 KB of 11.18 MB
2025-05-27T09:34:22.1913634Z Progress: 6% - Saving 781.44 KB of 11.18 MB
2025-05-27T09:34:22.1991677Z Progress: 8% - Saving 941.44 KB of 11.18 MB
2025-05-27T09:34:22.2004775Z Progress: 9% - Saving 1.08 MB of 11.18 MB
2025-05-27T09:34:22.2019436Z Progress: 11% - Saving 1.23 MB of 11.18 MB
2025-05-27T09:34:22.2036682Z Progress: 12% - Saving 1.38 MB of 11.18 MB
2025-05-27T09:34:22.2056933Z Progress: 13% - Saving 1.54 MB of 11.18 MB
2025-05-27T09:34:22.2074236Z Progress: 15% - Saving 1.7 MB of 11.18 MB
2025-05-27T09:34:22.2090635Z Progress: 16% - Saving 1.85 MB of 11.18 MB
2025-05-27T09:34:22.2110972Z Progress: 17% - Saving 2 MB of 11.18 MB
2025-05-27T09:34:22.2126358Z Progress: 19% - Saving 2.15 MB of 11.18 MB
2025-05-27T09:34:22.2145847Z Progress: 20% - Saving 2.3 MB of 11.18 MB
2025-05-27T09:34:22.2159253Z Progress: 21% - Saving 2.45 MB of 11.18 MB
2025-05-27T09:34:22.2181167Z Progress: 23% - Saving 2.6 MB of 11.18 MB
2025-05-27T09:34:22.2198777Z Progress: 24% - Saving 2.76 MB of 11.18 MB
2025-05-27T09:34:22.2212765Z Progress: 26% - Saving 2.91 MB of 11.18 MB
2025-05-27T09:34:22.2230262Z Progress: 27% - Saving 3.07 MB of 11.18 MB
2025-05-27T09:34:22.2247806Z Progress: 28% - Saving 3.22 MB of 11.18 MB
2025-05-27T09:34:22.2264509Z Progress: 30% - Saving 3.37 MB of 11.18 MB
2025-05-27T09:34:22.2280265Z Progress: 31% - Saving 3.53 MB of 11.18 MB
2025-05-27T09:34:22.2291517Z Progress: 32% - Saving 3.69 MB of 11.18 MB
2025-05-27T09:34:22.2302309Z Progress: 34% - Saving 3.84 MB of 11.18 MB
2025-05-27T09:34:22.2326607Z Progress: 35% - Saving 3.99 MB of 11.18 MB
2025-05-27T09:34:22.2343192Z Progress: 37% - Saving 4.14 MB of 11.18 MB
2025-05-27T09:34:22.2356462Z Progress: 38% - Saving 4.3 MB of 11.18 MB
2025-05-27T09:34:22.2434664Z Progress: 39% - Saving 4.45 MB of 11.18 MB
2025-05-27T09:34:22.2462610Z Progress: 41% - Saving 4.61 MB of 11.18 MB
2025-05-27T09:34:22.2476154Z Progress: 42% - Saving 4.76 MB of 11.18 MB
2025-05-27T09:34:22.2490526Z Progress: 43% - Saving 4.92 MB of 11.18 MB
2025-05-27T09:34:22.2510067Z Progress: 45% - Saving 5.07 MB of 11.18 MB
2025-05-27T09:34:22.2530236Z Progress: 46% - Saving 5.23 MB of 11.18 MB
2025-05-27T09:34:22.2551075Z Progress: 48% - Saving 5.38 MB of 11.18 MB
2025-05-27T09:34:22.2572343Z Progress: 49% - Saving 5.54 MB of 11.18 MB
2025-05-27T09:34:22.2585113Z Progress: 50% - Saving 5.69 MB of 11.18 MB
2025-05-27T09:34:22.2595691Z Progress: 52% - Saving 5.84 MB of 11.18 MB
2025-05-27T09:34:22.2607776Z Progress: 53% - Saving 6 MB of 11.18 MB
2025-05-27T09:34:22.2625570Z Progress: 54% - Saving 6.13 MB of 11.18 MB
2025-05-27T09:34:22.2644520Z Progress: 56% - Saving 6.29 MB of 11.18 MB
2025-05-27T09:34:22.2659381Z Progress: 57% - Saving 6.44 MB of 11.18 MB
2025-05-27T09:34:22.2671331Z Progress: 58% - Saving 6.59 MB of 11.18 MB
2025-05-27T09:34:22.2684583Z Progress: 60% - Saving 6.75 MB of 11.18 MB
2025-05-27T09:34:22.2696531Z Progress: 61% - Saving 6.9 MB of 11.18 MB
2025-05-27T09:34:22.2717058Z Progress: 63% - Saving 7.05 MB of 11.18 MB
2025-05-27T09:34:22.2735500Z Progress: 64% - Saving 7.21 MB of 11.18 MB
2025-05-27T09:34:22.2746680Z Progress: 65% - Saving 7.36 MB of 11.18 MB
2025-05-27T09:34:22.2758485Z Progress: 67% - Saving 7.49 MB of 11.18 MB
2025-05-27T09:34:22.2771128Z Progress: 68% - Saving 7.65 MB of 11.18 MB
2025-05-27T09:34:22.2781965Z Progress: 69% - Saving 7.8 MB of 11.18 MB
2025-05-27T09:34:22.2795131Z Progress: 71% - Saving 7.95 MB of 11.18 MB
2025-05-27T09:34:22.2810077Z Progress: 72% - Saving 8.09 MB of 11.18 MB
2025-05-27T09:34:22.2831155Z Progress: 73% - Saving 8.25 MB of 11.18 MB
2025-05-27T09:34:22.2845486Z Progress: 75% - Saving 8.4 MB of 11.18 MB
2025-05-27T09:34:22.2856521Z Progress: 76% - Saving 8.56 MB of 11.18 MB
2025-05-27T09:34:22.2867602Z Progress: 77% - Saving 8.71 MB of 11.18 MB
2025-05-27T09:34:22.2879895Z Progress: 79% - Saving 8.87 MB of 11.18 MB
2025-05-27T09:34:22.2891562Z Progress: 80% - Saving 9.02 MB of 11.18 MB
2025-05-27T09:34:22.2907824Z Progress: 82% - Saving 9.18 MB of 11.18 MB
2025-05-27T09:34:22.2922467Z Progress: 83% - Saving 9.33 MB of 11.18 MB
2025-05-27T09:34:22.2952618Z Progress: 84% - Saving 9.49 MB of 11.18 MB
2025-05-27T09:34:22.2963940Z Progress: 86% - Saving 9.64 MB of 11.18 MB
2025-05-27T09:34:22.2976935Z Progress: 87% - Saving 9.8 MB of 11.18 MB
2025-05-27T09:34:22.2990392Z Progress: 89% - Saving 9.95 MB of 11.18 MB
2025-05-27T09:34:22.3004805Z Progress: 90% - Saving 10.09 MB of 11.18 MB
2025-05-27T09:34:22.3015921Z Progress: 91% - Saving 10.24 MB of 11.18 MB
2025-05-27T09:34:22.3027009Z Progress: 92% - Saving 10.39 MB of 11.18 MB
2025-05-27T09:34:22.3038128Z Progress: 94% - Saving 10.54 MB of 11.18 MB
2025-05-27T09:34:22.3049471Z Progress: 95% - Saving 10.69 MB of 11.18 MB
2025-05-27T09:34:22.3060590Z Progress: 96% - Saving 10.83 MB of 11.18 MB
2025-05-27T09:34:22.3073797Z Progress: 98% - Saving 10.99 MB of 11.18 MB
2025-05-27T09:34:22.3086119Z Progress: 99% - Saving 11.15 MB of 11.18 MB
2025-05-27T09:34:22.3091720Z Progress: 100% - Completed download of C:\ProgramData\chocolatey\lib\yq\tools\yq.exe (11.18 MB).
2025-05-27T09:34:22.3112055Z Download of yq.exe (11.18 MB) completed.
2025-05-27T09:34:31.6738101Z Hashes match.
2025-05-27T09:34:31.8118136Z C:\ProgramData\chocolatey\lib\yq\tools\yq.exe
2025-05-27T09:34:35.0607245Z  ShimGen has successfully created a shim for yq.exe
2025-05-27T09:34:35.0842445Z  The install of yq was successful.
2025-05-27T09:34:35.0846572Z   Software install location not explicitly set, it could be in package or
2025-05-27T09:34:35.0847108Z   default install location of installer.
2025-05-27T09:34:35.1338236Z 
2025-05-27T09:34:35.1338670Z Chocolatey installed 1/1 packages. 
2025-05-27T09:34:35.1339122Z  See the log for details (C:\ProgramData\chocolatey\logs\chocolatey.log).
2025-05-27T09:34:35.1773928Z ##[group]Run chmod +x "$GITHUB_ACTION_PATH/setup.sh"
2025-05-27T09:34:35.1774248Z [36;1mchmod +x "$GITHUB_ACTION_PATH/setup.sh"[0m
2025-05-27T09:34:35.1786126Z shell: C:\Program Files\Git\bin\bash.EXE --noprofile --norc -e -o pipefail {0}
2025-05-27T09:34:35.1858834Z env:
2025-05-27T09:34:35.1859151Z   pythonLocation: C:\hostedtoolcache\windows\Python\3.11.9\x64
2025-05-27T09:34:35.1859573Z   PKG_CONFIG_PATH: C:\hostedtoolcache\windows\Python\3.11.9\x64/lib/pkgconfig
2025-05-27T09:34:35.1859967Z   Python_ROOT_DIR: C:\hostedtoolcache\windows\Python\3.11.9\x64
2025-05-27T09:34:35.1860359Z   Python2_ROOT_DIR: C:\hostedtoolcache\windows\Python\3.11.9\x64
2025-05-27T09:34:35.1860718Z   Python3_ROOT_DIR: C:\hostedtoolcache\windows\Python\3.11.9\x64
2025-05-27T09:34:35.1860994Z ##[endgroup]
2025-05-27T09:34:35.2706051Z ##[group]Run $GITHUB_ACTION_PATH/setup.sh -p \
2025-05-27T09:34:35.2706394Z [36;1m$GITHUB_ACTION_PATH/setup.sh -p \[0m
2025-05-27T09:34:35.2706631Z [36;1m  -n '3.24.0' \[0m
2025-05-27T09:34:35.2706811Z [36;1m  -f '' \[0m
2025-05-27T09:34:35.2706978Z [36;1m  -a 'X64' \[0m
2025-05-27T09:34:35.2707141Z [36;1m  -k '' \[0m
2025-05-27T09:34:35.2707303Z [36;1m  -c '' \[0m
2025-05-27T09:34:35.2707468Z [36;1m  -l '' \[0m
2025-05-27T09:34:35.2707637Z [36;1m  -d 'default' \[0m
2025-05-27T09:34:35.2707891Z [36;1m  -g 'https://github.com/flutter/flutter.git' \[0m
2025-05-27T09:34:35.2708158Z [36;1m  stable[0m
2025-05-27T09:34:35.2720793Z shell: C:\Program Files\Git\bin\bash.EXE --noprofile --norc -e -o pipefail {0}
2025-05-27T09:34:35.2721165Z env:
2025-05-27T09:34:35.2721399Z   pythonLocation: C:\hostedtoolcache\windows\Python\3.11.9\x64
2025-05-27T09:34:35.2721813Z   PKG_CONFIG_PATH: C:\hostedtoolcache\windows\Python\3.11.9\x64/lib/pkgconfig
2025-05-27T09:34:35.2722212Z   Python_ROOT_DIR: C:\hostedtoolcache\windows\Python\3.11.9\x64
2025-05-27T09:34:35.2722575Z   Python2_ROOT_DIR: C:\hostedtoolcache\windows\Python\3.11.9\x64
2025-05-27T09:34:35.2722932Z   Python3_ROOT_DIR: C:\hostedtoolcache\windows\Python\3.11.9\x64
2025-05-27T09:34:35.2723224Z ##[endgroup]
2025-05-27T09:34:38.4404443Z ##[group]Run $GITHUB_ACTION_PATH/setup.sh \
2025-05-27T09:34:38.4404738Z [36;1m$GITHUB_ACTION_PATH/setup.sh \[0m
2025-05-27T09:34:38.4404971Z [36;1m  -n '3.24.0' \[0m
2025-05-27T09:34:38.4405147Z [36;1m  -a 'x64' \[0m
2025-05-27T09:34:38.4405402Z [36;1m  -c 'C:\hostedtoolcache\windows\flutter\stable-3.24.0-x64' \[0m
2025-05-27T09:34:38.4405759Z [36;1m  -d 'C:\Users\runneradmin\AppData\Local\Pub\Cache' \[0m
2025-05-27T09:34:38.4406191Z [36;1m  stable[0m
2025-05-27T09:34:38.4417650Z shell: C:\Program Files\Git\bin\bash.EXE --noprofile --norc -e -o pipefail {0}
2025-05-27T09:34:38.4418000Z env:
2025-05-27T09:34:38.4418233Z   pythonLocation: C:\hostedtoolcache\windows\Python\3.11.9\x64
2025-05-27T09:34:38.4418642Z   PKG_CONFIG_PATH: C:\hostedtoolcache\windows\Python\3.11.9\x64/lib/pkgconfig
2025-05-27T09:34:38.4419025Z   Python_ROOT_DIR: C:\hostedtoolcache\windows\Python\3.11.9\x64
2025-05-27T09:34:38.4419381Z   Python2_ROOT_DIR: C:\hostedtoolcache\windows\Python\3.11.9\x64
2025-05-27T09:34:38.4419733Z   Python3_ROOT_DIR: C:\hostedtoolcache\windows\Python\3.11.9\x64
2025-05-27T09:34:38.4420150Z ##[endgroup]
2025-05-27T09:34:40.1950354Z   % Total    % Received % Xferd  Average Speed   Time    Time     Time  Current
2025-05-27T09:34:40.1950813Z                                  Dload  Upload   Total   Spent    Left  Speed
2025-05-27T09:34:40.1951030Z 
2025-05-27T09:34:40.3346005Z   0     0    0     0    0     0      0      0 --:--:-- --:--:-- --:--:--     0
2025-05-27T09:34:41.3339900Z   0  964M    0 89204    0     0   620k      0  0:26:32 --:--:--  0:26:32  622k
2025-05-27T09:34:42.3345619Z  22  964M   22  217M    0     0   191M      0  0:00:05  0:00:01  0:00:04  191M
2025-05-27T09:34:43.3341821Z  45  964M   45  441M    0     0   206M      0  0:00:04  0:00:02  0:00:02  206M
2025-05-27T09:34:44.3339939Z  68  964M   68  656M    0     0   209M      0  0:00:04  0:00:03  0:00:01  209M
2025-05-27T09:34:44.6934250Z  91  964M   91  884M    0     0   213M      0  0:00:04  0:00:04 --:--:--  213M
2025-05-27T09:34:44.6942728Z 100  964M  100  964M    0     0   214M      0  0:00:04  0:00:04 --:--:--  221M
2025-05-27T09:36:09.5342002Z ##[group]Run echo "=== 当前工作目录 ==="
2025-05-27T09:36:09.5342358Z [36;1mecho "=== 当前工作目录 ==="[0m
2025-05-27T09:36:09.5342577Z [36;1mpwd[0m
2025-05-27T09:36:09.5342735Z [36;1mecho ""[0m
2025-05-27T09:36:09.5342913Z [36;1mecho "=== 目录内容 ==="[0m
2025-05-27T09:36:09.5343220Z [36;1mGet-ChildItem | Format-Table Name, Length, LastWriteTime[0m
2025-05-27T09:36:09.5343528Z [36;1mecho ""[0m
2025-05-27T09:36:09.5343698Z [36;1mecho "=== 检查关键文件 ==="[0m
2025-05-27T09:36:09.5343927Z [36;1mif (Test-Path "pubspec.yaml") { [0m
2025-05-27T09:36:09.5344187Z [36;1m  echo "✅ pubspec.yaml 存在" [0m
2025-05-27T09:36:09.5344402Z [36;1m} else { [0m
2025-05-27T09:36:09.5344591Z [36;1m  echo "❌ pubspec.yaml 不存在" [0m
2025-05-27T09:36:09.5344803Z [36;1m  exit 1[0m
2025-05-27T09:36:09.5344965Z [36;1m}[0m
2025-05-27T09:36:09.5345110Z [36;1mecho ""[0m
2025-05-27T09:36:09.5345282Z [36;1mecho "=== Flutter 版本信息 ==="[0m
2025-05-27T09:36:09.5345545Z [36;1mflutter --version[0m
2025-05-27T09:36:09.5377296Z shell: C:\Windows\System32\WindowsPowerShell\v1.0\powershell.EXE -command ". '{0}'"
2025-05-27T09:36:09.5377680Z env:
2025-05-27T09:36:09.5377914Z   pythonLocation: C:\hostedtoolcache\windows\Python\3.11.9\x64
2025-05-27T09:36:09.5378325Z   PKG_CONFIG_PATH: C:\hostedtoolcache\windows\Python\3.11.9\x64/lib/pkgconfig
2025-05-27T09:36:09.5378740Z   Python_ROOT_DIR: C:\hostedtoolcache\windows\Python\3.11.9\x64
2025-05-27T09:36:09.5379111Z   Python2_ROOT_DIR: C:\hostedtoolcache\windows\Python\3.11.9\x64
2025-05-27T09:36:09.5379471Z   Python3_ROOT_DIR: C:\hostedtoolcache\windows\Python\3.11.9\x64
2025-05-27T09:36:09.5379850Z   FLUTTER_ROOT: C:\hostedtoolcache\windows\flutter\stable-3.24.0-x64
2025-05-27T09:36:09.5380199Z   PUB_CACHE: C:\Users\runneradmin\AppData\Local\Pub\Cache
2025-05-27T09:36:09.5380459Z ##[endgroup]
2025-05-27T09:36:09.7947188Z === å½
2025-05-27T09:36:09.7947790Z å‰å·¥ä½œç›®å½•
2025-05-27T09:36:09.7948197Z ===
2025-05-27T09:36:09.7948421Z pwd
2025-05-27T09:36:09.7948705Z echo "
2025-05-27T09:36:09.7951453Z echo ===
2025-05-27T09:36:09.7951922Z ç›®å½•å†…å®¹
2025-05-27T09:36:09.7952129Z ===
2025-05-27T09:36:09.7952382Z Get-ChildItem | Format-Table Name, Length, LastWriteTime
2025-05-27T09:36:09.7952671Z echo "
2025-05-27T09:36:09.7952827Z echo ===
2025-05-27T09:36:09.7953366Z æ£€æŸ¥å…³é®æ–‡ä»¶ ===
2025-05-27T09:36:09.8441646Z âœ… pubspec.yaml å­˜åœ¨
2025-05-27T09:36:09.8442815Z 
2025-05-27T09:36:09.8445175Z === Flutter ç‰ˆæœ¬ä¿¡æ¯ ===
2025-05-27T09:36:10.8236203Z Flutter 3.24.0 • channel stable • https://github.com/flutter/flutter.git
2025-05-27T09:36:10.8236885Z Framework • revision 80c2e84975 (10 months ago) • 2024-07-30 23:06:49 +0700
2025-05-27T09:36:10.8237341Z Engine • revision b8800d88be
2025-05-27T09:36:10.8237674Z Tools • Dart 3.5.0 • DevTools 2.37.2
2025-05-27T09:36:10.8641048Z ##[group]Run flutter config --enable-windows-desktop
2025-05-27T09:36:10.8641475Z [36;1mflutter config --enable-windows-desktop[0m
2025-05-27T09:36:10.8674844Z shell: C:\Program Files\PowerShell\7\pwsh.EXE -command ". '{0}'"
2025-05-27T09:36:10.8675161Z env:
2025-05-27T09:36:10.8675407Z   pythonLocation: C:\hostedtoolcache\windows\Python\3.11.9\x64
2025-05-27T09:36:10.8675814Z   PKG_CONFIG_PATH: C:\hostedtoolcache\windows\Python\3.11.9\x64/lib/pkgconfig
2025-05-27T09:36:10.8676241Z   Python_ROOT_DIR: C:\hostedtoolcache\windows\Python\3.11.9\x64
2025-05-27T09:36:10.8676596Z   Python2_ROOT_DIR: C:\hostedtoolcache\windows\Python\3.11.9\x64
2025-05-27T09:36:10.8676954Z   Python3_ROOT_DIR: C:\hostedtoolcache\windows\Python\3.11.9\x64
2025-05-27T09:36:10.8677319Z   FLUTTER_ROOT: C:\hostedtoolcache\windows\flutter\stable-3.24.0-x64
2025-05-27T09:36:10.8677660Z   PUB_CACHE: C:\Users\runneradmin\AppData\Local\Pub\Cache
2025-05-27T09:36:10.8677921Z ##[endgroup]
2025-05-27T09:36:11.3578137Z 
2025-05-27T09:36:11.3605642Z   ╔════════════════════════════════════════════════════════════════════════════╗
2025-05-27T09:36:11.3606523Z   ║                 Welcome to Flutter! - https://flutter.dev                  ║
2025-05-27T09:36:11.3607220Z   ║                                                                            ║
2025-05-27T09:36:11.3607934Z   ║ The Flutter tool uses Google Analytics to anonymously report feature usage ║
2025-05-27T09:36:11.3609172Z   ║ statistics and basic crash reports. This data is used to help improve      ║
2025-05-27T09:36:11.3609711Z   ║ Flutter tools over time.                                                   ║
2025-05-27T09:36:11.3610131Z   ║                                                                            ║
2025-05-27T09:36:11.3610546Z   ║ Flutter tool analytics are not sent on the very first run. To disable      ║
2025-05-27T09:36:11.3611051Z   ║ reporting, type 'flutter config --no-analytics'. To display the current    ║
2025-05-27T09:36:11.3611555Z   ║ setting, type 'flutter config'. If you opt out of analytics, an opt-out    ║
2025-05-27T09:36:11.3612032Z   ║ event will be sent, and then no further information will be sent by the    ║
2025-05-27T09:36:11.3612436Z   ║ Flutter tool.                                                              ║
2025-05-27T09:36:11.3612769Z   ║                                                                            ║
2025-05-27T09:36:11.3613149Z   ║ By downloading the Flutter SDK, you agree to the Google Terms of Service.  ║
2025-05-27T09:36:11.3613650Z   ║ The Google Privacy Policy describes how data is handled in this service.   ║
2025-05-27T09:36:11.3614094Z   ║                                                                            ║
2025-05-27T09:36:11.3614484Z   ║ Moreover, Flutter includes the Dart SDK, which may send usage metrics and  ║
2025-05-27T09:36:11.3614935Z   ║ crash reports to Google.                                                   ║
2025-05-27T09:36:11.3615286Z   ║                                                                            ║
2025-05-27T09:36:11.3615655Z   ║ Read about data we send with crash reports:                                ║
2025-05-27T09:36:11.3616129Z   ║ https://flutter.dev/to/crash-reporting                                     ║
2025-05-27T09:36:11.3616513Z   ║                                                                            ║
2025-05-27T09:36:11.3616884Z   ║ See Google's privacy policy:                                               ║
2025-05-27T09:36:11.3619497Z   ║ https://policies.google.com/privacy                                        ║
2025-05-27T09:36:11.3620149Z   ║                                                                            ║
2025-05-27T09:36:11.3620815Z   ║ To disable animations in this tool, use                                    ║
2025-05-27T09:36:11.3621589Z   ║ 'flutter config --no-cli-animations'.                                      ║
2025-05-27T09:36:11.3627015Z   ╚════════════════════════════════════════════════════════════════════════════╝
2025-05-27T09:36:11.3627538Z 
2025-05-27T09:36:11.4047286Z Setting "enable-windows-desktop" value to "true".
2025-05-27T09:36:11.4049446Z 
2025-05-27T09:36:11.4050060Z You may need to restart any open editors for them to read new settings.
2025-05-27T09:36:11.6944738Z ##[group]Run echo "=== 清理项目 ==="
2025-05-27T09:36:11.6945082Z [36;1mecho "=== 清理项目 ==="[0m
2025-05-27T09:36:11.6945297Z [36;1mflutter clean[0m
2025-05-27T09:36:11.6945512Z [36;1mecho ""[0m
2025-05-27T09:36:11.6945690Z [36;1mecho "=== 获取依赖 ==="[0m
2025-05-27T09:36:11.6945884Z [36;1mflutter pub get[0m
2025-05-27T09:36:11.6979206Z shell: C:\Program Files\PowerShell\7\pwsh.EXE -command ". '{0}'"
2025-05-27T09:36:11.6979520Z env:
2025-05-27T09:36:11.6979765Z   pythonLocation: C:\hostedtoolcache\windows\Python\3.11.9\x64
2025-05-27T09:36:11.6980186Z   PKG_CONFIG_PATH: C:\hostedtoolcache\windows\Python\3.11.9\x64/lib/pkgconfig
2025-05-27T09:36:11.6980595Z   Python_ROOT_DIR: C:\hostedtoolcache\windows\Python\3.11.9\x64
2025-05-27T09:36:11.6980991Z   Python2_ROOT_DIR: C:\hostedtoolcache\windows\Python\3.11.9\x64
2025-05-27T09:36:11.6981376Z   Python3_ROOT_DIR: C:\hostedtoolcache\windows\Python\3.11.9\x64
2025-05-27T09:36:11.6981796Z   FLUTTER_ROOT: C:\hostedtoolcache\windows\flutter\stable-3.24.0-x64
2025-05-27T09:36:11.6982151Z   PUB_CACHE: C:\Users\runneradmin\AppData\Local\Pub\Cache
2025-05-27T09:36:11.6982426Z ##[endgroup]
2025-05-27T09:36:12.1319692Z === 清理项目 ===
2025-05-27T09:36:25.4778165Z 
2025-05-27T09:36:25.4781105Z === 获取依赖 ===
2025-05-27T09:36:25.9441389Z Resolving dependencies...
2025-05-27T09:36:27.5027412Z Downloading packages...
2025-05-27T09:36:43.4125748Z < _fe_analyzer_shared 72.0.0 (was 76.0.0) (82.0.0 available)
2025-05-27T09:36:43.4126374Z < _macros 0.3.2 from sdk dart (was 0.3.3 from sdk dart)
2025-05-27T09:36:43.4126879Z ! analyzer 6.7.0 (overridden) (7.4.5 available)
2025-05-27T09:36:43.4127342Z < async 2.11.0 (was 2.13.0) (2.13.0 available)
2025-05-27T09:36:43.4127800Z < boolean_selector 2.1.1 (was 2.1.2) (2.1.2 available)
2025-05-27T09:36:43.4128286Z < build 2.4.1 (was 2.4.2) (2.4.2 available)
2025-05-27T09:36:43.4128713Z < build_config 1.1.1 (was 1.1.2) (1.1.2 available)
2025-05-27T09:36:43.4129227Z < build_daemon 4.0.2 (was 4.0.4) (4.0.4 available)
2025-05-27T09:36:43.4129717Z < build_resolvers 2.4.2 (was 2.4.4) (2.4.4 available)
2025-05-27T09:36:43.4130206Z < build_runner 2.4.13 (was 2.4.15) (2.4.15 available)
2025-05-27T09:36:43.4130731Z < build_runner_core 7.3.2 (was 8.0.0) (8.0.0 available)
2025-05-27T09:36:43.4131208Z   built_value 8.9.5 (8.10.0 available)
2025-05-27T09:36:43.4131639Z < characters 1.3.0 (was 1.4.0) (1.4.0 available)
2025-05-27T09:36:43.4132075Z < clock 1.1.1 (was 1.1.2) (1.1.2 available)
2025-05-27T09:36:43.4132518Z < collection 1.18.0 (was 1.19.1) (1.19.1 available)
2025-05-27T09:36:43.4132981Z < dart_style 2.3.8 (was 3.1.0) (3.1.0 available)
2025-05-27T09:36:43.4133346Z < fake_async 1.3.1 (was 1.3.3) (1.3.3 available)
2025-05-27T09:36:43.4134065Z < ffi 2.1.3 (was 2.1.4) (2.1.4 available)
2025-05-27T09:36:43.4134513Z   file_picker 6.2.1 (10.1.9 available)
2025-05-27T09:36:43.4134933Z   flutter_hooks 0.20.5 (0.21.2 available)
2025-05-27T09:36:43.4135344Z   flutter_lints 3.0.2 (5.0.0 available)
2025-05-27T09:36:43.4135930Z < flutter_plugin_android_lifecycle 2.0.26 (was 2.0.28) (2.0.28 available)
2025-05-27T09:36:43.4136544Z < freezed 2.5.7 (was 2.5.8) (3.0.6 available)
2025-05-27T09:36:43.4137280Z   freezed_annotation 2.4.4 (3.0.0 available)
2025-05-27T09:36:43.4137742Z < http_parser 4.0.2 (was 4.1.2) (4.1.2 available)
2025-05-27T09:36:43.4138174Z   intl 0.19.0 (0.20.2 available)
2025-05-27T09:36:43.4138580Z < js 0.7.1 (was 0.7.2) (0.7.2 available)
2025-05-27T09:36:43.4139050Z < json_serializable 6.9.0 (was 6.9.5) (6.9.5 available)
2025-05-27T09:36:43.4139583Z < leak_tracker 10.0.5 (was 10.0.9) (11.0.1 available)
2025-05-27T09:36:43.4140156Z < leak_tracker_flutter_testing 3.0.5 (was 3.0.9) (3.0.10 available)
2025-05-27T09:36:43.4140710Z   leak_tracker_testing 3.0.1 (3.0.2 available)
2025-05-27T09:36:43.4141128Z   lints 3.0.0 (6.0.0 available)
2025-05-27T09:36:43.4141569Z < macros 0.1.2-main.4 (was 0.1.3-main.0) (0.1.3-main.0 available)
2025-05-27T09:36:43.4144474Z < matcher 0.12.16+1 (was 0.12.17) (0.12.17 available)
2025-05-27T09:36:43.4145101Z   material_color_utilities 0.11.1 (0.12.0 available)
2025-05-27T09:36:43.4145620Z < meta 1.15.0 (was 1.16.0) (1.17.0 available)
2025-05-27T09:36:43.4146073Z < path 1.9.0 (was 1.9.1) (1.9.1 available)
2025-05-27T09:36:43.4146585Z < path_provider_android 2.2.15 (was 2.2.17) (2.2.17 available)
2025-05-27T09:36:43.4147146Z < pubspec_parse 1.4.0 (was 1.5.0) (1.5.0 available)
2025-05-27T09:36:43.4147653Z < riverpod_analyzer_utils 0.5.8 (was 0.5.9) (0.5.10 available)
2025-05-27T09:36:43.4148242Z < riverpod_generator 2.6.3 (was 2.6.4) (2.6.5 available)
2025-05-27T09:36:43.4148846Z < shared_preferences_android 2.4.7 (was 2.4.10) (2.4.10 available)
2025-05-27T09:36:43.4149386Z < shelf 1.4.1 (was 1.4.2) (1.4.2 available)
2025-05-27T09:36:43.4149821Z < shelf_web_socket 2.0.1 (was 3.0.0) (3.0.0 available)
2025-05-27T09:36:43.4150370Z > sky_engine 0.0.99 from sdk flutter (was 0.0.0 from sdk flutter)
2025-05-27T09:36:43.4150936Z < source_gen 1.5.0 (was 2.0.0) (2.0.0 available)
2025-05-27T09:36:43.4151398Z < source_span 1.10.0 (was 1.10.1) (1.10.1 available)
2025-05-27T09:36:43.4151891Z < stack_trace 1.11.1 (was 1.12.1) (1.12.1 available)
2025-05-27T09:36:43.4152388Z < stream_channel 2.1.2 (was 2.1.4) (2.1.4 available)
2025-05-27T09:36:43.4152872Z < string_scanner 1.2.0 (was 1.4.1) (1.4.1 available)
2025-05-27T09:36:43.4153357Z < term_glyph 1.2.1 (was 1.2.2) (1.2.2 available)
2025-05-27T09:36:43.4181673Z < test_api 0.7.2 (was 0.7.4) (0.7.6 available)
2025-05-27T09:36:43.4182288Z < url_launcher_android 6.3.14 (was 6.3.16) (6.3.16 available)
2025-05-27T09:36:43.4182895Z < url_launcher_web 2.3.3 (was 2.4.1) (2.4.1 available)
2025-05-27T09:36:43.4183385Z   vector_math 2.1.4 (2.2.0 available)
2025-05-27T09:36:43.4183826Z < vm_service 14.2.4 (was 15.0.0) (15.0.1 available)
2025-05-27T09:36:43.4184285Z < win32 5.10.1 (was 5.13.0) (5.13.0 available)
2025-05-27T09:36:43.4184757Z These packages are no longer being depended on:
2025-05-27T09:36:43.4185214Z - http 1.4.0
2025-05-27T09:36:43.4185508Z Changed 47 dependencies!
2025-05-27T09:36:43.4186048Z 55 packages have newer versions incompatible with dependency constraints.
2025-05-27T09:36:43.4186738Z Try `flutter pub outdated` for more information.
2025-05-27T09:36:44.0529833Z ##[group]Run flutter analyze
2025-05-27T09:36:44.0530173Z [36;1mflutter analyze[0m
2025-05-27T09:36:44.0563528Z shell: C:\Program Files\PowerShell\7\pwsh.EXE -command ". '{0}'"
2025-05-27T09:36:44.0563843Z env:
2025-05-27T09:36:44.0564102Z   pythonLocation: C:\hostedtoolcache\windows\Python\3.11.9\x64
2025-05-27T09:36:44.0564521Z   PKG_CONFIG_PATH: C:\hostedtoolcache\windows\Python\3.11.9\x64/lib/pkgconfig
2025-05-27T09:36:44.0564914Z   Python_ROOT_DIR: C:\hostedtoolcache\windows\Python\3.11.9\x64
2025-05-27T09:36:44.0565274Z   Python2_ROOT_DIR: C:\hostedtoolcache\windows\Python\3.11.9\x64
2025-05-27T09:36:44.0565630Z   Python3_ROOT_DIR: C:\hostedtoolcache\windows\Python\3.11.9\x64
2025-05-27T09:36:44.0566000Z   FLUTTER_ROOT: C:\hostedtoolcache\windows\flutter\stable-3.24.0-x64
2025-05-27T09:36:44.0566353Z   PUB_CACHE: C:\Users\runneradmin\AppData\Local\Pub\Cache
2025-05-27T09:36:44.0566617Z ##[endgroup]
2025-05-27T09:36:58.1692330Z Analyzing material-anticheat...                                 
2025-05-27T09:36:58.1711022Z 
2025-05-27T09:36:58.1724469Z warning - The method doesn't override an inherited method - lib\models\similarity_result.freezed.dart:271:24 - override_on_non_overriding_member
2025-05-27T09:36:58.1726375Z warning - The method doesn't override an inherited method - lib\models\similarity_result.freezed.dart:527:24 - override_on_non_overriding_member
2025-05-27T09:36:58.1728502Z warning - Unused import: 'package:shared_preferences/shared_preferences.dart' - lib\screens\weighbridge_duplicate_detection_screen.dart:6:8 - unused_import
2025-05-27T09:36:58.1730900Z    info - Use 'const' with the constructor to improve performance - lib\screens\weighbridge_duplicate_detection_screen.dart:16:29 - prefer_const_constructors
2025-05-27T09:36:58.1733038Z    info - Don't invoke 'print' in production code - lib\screens\weighbridge_image_gallery_screen.dart:921:9 - avoid_print
2025-05-27T09:36:58.1735605Z    info - Don't use 'BuildContext's across async gaps - lib\screens\weighbridge_image_gallery_screen.dart:1117:24 - use_build_context_synchronously
2025-05-27T09:36:58.1738054Z    info - Don't use 'BuildContext's across async gaps - lib\screens\weighbridge_image_gallery_screen.dart:1120:30 - use_build_context_synchronously
2025-05-27T09:36:58.1741156Z    info - Don't use 'BuildContext's across async gaps - lib\screens\weighbridge_image_gallery_screen.dart:1131:28 - use_build_context_synchronously
2025-05-27T09:36:58.1742513Z warning - The member 'Provider<ApiService>.internal' can only be used within its package - lib\services\api_service.g.dart:13:28 - invalid_use_of_internal_member
2025-05-27T09:36:58.1744223Z    info - 'ProviderRef' is deprecated and shouldn't be used. will be removed in 3.0.0. Use Ref instead - lib\services\api_service.g.dart:22:25 - deprecated_member_use
2025-05-27T09:36:58.1746054Z warning - The member 'AutoDisposeNotifierProvider<CrawlerService, CrawlerState>.internal' can only be used within its package - lib\services\crawler_service.g.dart:14:5 - invalid_use_of_internal_member
2025-05-27T09:36:58.1747833Z    info - Use 'const' with the constructor to improve performance - lib\services\weighbridge_duplicate_detection_service.dart:134:13 - prefer_const_constructors
2025-05-27T09:36:58.1750483Z    info - Use 'const' with the constructor to improve performance - lib\services\weighbridge_duplicate_detection_service.dart:146:15 - prefer_const_constructors
2025-05-27T09:36:58.1752502Z    info - Use 'const' with the constructor to improve performance - lib\services\weighbridge_duplicate_detection_service.dart:158:13 - prefer_const_constructors
2025-05-27T09:36:58.1754220Z   error - Undefined name 'ProviderFor' used as an annotation - lib\services\weighbridge_duplicate_detection_service.g.dart:13:1 - undefined_annotation
2025-05-27T09:36:58.1758090Z   error - Undefined name 'WeighbridgeDuplicateDetectionService' - lib\services\weighbridge_duplicate_detection_service.g.dart:13:14 - undefined_identifier
2025-05-27T09:36:58.1775417Z   error - The name 'AutoDisposeAsyncNotifierProvider' isn't a class - lib\services\weighbridge_duplicate_detection_service.g.dart:14:54 - creation_with_non_type
2025-05-27T09:36:58.1777877Z   error - The name 'WeighbridgeDuplicateDetectionService' isn't a type, so it can't be used as a type argument - lib\services\weighbridge_duplicate_detection_service.g.dart:15:5 - non_type_as_type_argument
2025-05-27T09:36:58.1780539Z   error - The name 'WeighbridgeDuplicateDetectionResult' isn't a type, so it can't be used as a type argument - lib\services\weighbridge_duplicate_detection_service.g.dart:15:48 - non_type_as_type_argument
2025-05-27T09:36:58.1782467Z   error - Undefined name 'WeighbridgeDuplicateDetectionService' - lib\services\weighbridge_duplicate_detection_service.g.dart:16:3 - undefined_identifier
2025-05-27T09:36:58.1784388Z   error - The getter 'new' isn't defined for the type 'InvalidType' - lib\services\weighbridge_duplicate_detection_service.g.dart:16:40 - undefined_getter
2025-05-27T09:36:58.1786230Z    info - The declaration '_$WeighbridgeDuplicateDetectionService' isn't referenced - lib\services\weighbridge_duplicate_detection_service.g.dart:25:9 - unused_element
2025-05-27T09:36:58.1787746Z   error - Undefined class 'AutoDisposeAsyncNotifier' - lib\services\weighbridge_duplicate_detection_service.g.dart:26:7 - undefined_class
2025-05-27T09:36:58.1789364Z   error - The name 'WeighbridgeDuplicateDetectionResult' isn't a type, so it can't be used as a type argument - lib\services\weighbridge_duplicate_detection_service.g.dart:26:37 - non_type_as_type_argument
2025-05-27T09:36:58.1790889Z warning - The value of the field '_logService' isn't used - lib\services\weighbridge_image_similarity_service.dart:45:15 - unused_field
2025-05-27T09:36:58.1792221Z   error - Undefined name 'ProviderFor' used as an annotation - lib\services\weighbridge_image_similarity_service.g.dart:13:1 - undefined_annotation
2025-05-27T09:36:58.1793829Z   error - Undefined name 'WeighbridgeImageSimilarityService' - lib\services\weighbridge_image_similarity_service.g.dart:13:14 - undefined_identifier
2025-05-27T09:36:58.1795433Z   error - The name 'AutoDisposeAsyncNotifierProvider' isn't a class - lib\services\weighbridge_image_similarity_service.g.dart:14:51 - creation_with_non_type
2025-05-27T09:36:58.1797205Z   error - The name 'WeighbridgeImageSimilarityService' isn't a type, so it can't be used as a type argument - lib\services\weighbridge_image_similarity_service.g.dart:15:5 - non_type_as_type_argument
2025-05-27T09:36:58.1799165Z   error - The name 'WeighbridgeImageSimilarityResult' isn't a type, so it can't be used as a type argument - lib\services\weighbridge_image_similarity_service.g.dart:15:45 - non_type_as_type_argument
2025-05-27T09:36:58.1800497Z   error - Undefined name 'WeighbridgeImageSimilarityService' - lib\services\weighbridge_image_similarity_service.g.dart:16:3 - undefined_identifier
2025-05-27T09:36:58.1801683Z   error - The getter 'new' isn't defined for the type 'InvalidType' - lib\services\weighbridge_image_similarity_service.g.dart:16:37 - undefined_getter
2025-05-27T09:36:58.1802850Z    info - The declaration '_$WeighbridgeImageSimilarityService' isn't referenced - lib\services\weighbridge_image_similarity_service.g.dart:25:9 - unused_element
2025-05-27T09:36:58.1803883Z   error - Undefined class 'AutoDisposeAsyncNotifier' - lib\services\weighbridge_image_similarity_service.g.dart:26:7 - undefined_class
2025-05-27T09:36:58.1804943Z   error - The name 'WeighbridgeImageSimilarityResult' isn't a type, so it can't be used as a type argument - lib\services\weighbridge_image_similarity_service.g.dart:26:37 - non_type_as_type_argument
2025-05-27T09:36:58.1806216Z   error - Undefined name 'ProviderFor' used as an annotation - lib\services\weighbridge_image_similarity_service.g.dart:32:1 - undefined_annotation
2025-05-27T09:36:58.1807082Z   error - Undefined name 'weighbridgeSuspiciousImages' - lib\services\weighbridge_image_similarity_service.g.dart:32:14 - undefined_identifier
2025-05-27T09:36:58.1808595Z   error - The name 'AutoDisposeProvider' isn't a class - lib\services\weighbridge_image_similarity_service.g.dart:33:45 - creation_with_non_type
2025-05-27T09:36:58.1809499Z   error - The name 'AsyncValue' isn't a type, so it can't be used as a type argument - lib\services\weighbridge_image_similarity_service.g.dart:33:65 - non_type_as_type_argument
2025-05-27T09:36:58.1810491Z   error - The name 'WeighbridgeImageSimilarityResult' isn't a type, so it can't be used as a type argument - lib\services\weighbridge_image_similarity_service.g.dart:33:81 - non_type_as_type_argument
2025-05-27T09:36:58.1811467Z   error - Undefined name 'weighbridgeSuspiciousImages' - lib\services\weighbridge_image_similarity_service.g.dart:34:3 - undefined_identifier
2025-05-27T09:36:58.1812290Z   error - Undefined class 'AutoDisposeProviderRef' - lib\services\weighbridge_image_similarity_service.g.dart:43:42 - undefined_class
2025-05-27T09:36:58.1813134Z   error - The name 'AsyncValue' isn't a type, so it can't be used as a type argument - lib\services\weighbridge_image_similarity_service.g.dart:43:65 - non_type_as_type_argument
2025-05-27T09:36:58.1814221Z   error - The name 'WeighbridgeImageSimilarityResult' isn't a type, so it can't be used as a type argument - lib\services\weighbridge_image_similarity_service.g.dart:43:81 - non_type_as_type_argument
2025-05-27T09:36:58.1815714Z 
2025-05-27T09:36:58.1972634Z 44 issues found. (ran in 12.7s)
2025-05-27T09:36:58.2985333Z ##[error]Process completed with exit code 1.
2025-05-27T09:36:58.3114957Z ##[group]Run echo "=== 开始构建 Windows 应用 ==="
2025-05-27T09:36:58.3115421Z [36;1mecho "=== 开始构建 Windows 应用 ==="[0m
2025-05-27T09:36:58.3115794Z [36;1mflutter build windows --release --verbose[0m
2025-05-27T09:36:58.3149335Z shell: C:\Program Files\PowerShell\7\pwsh.EXE -command ". '{0}'"
2025-05-27T09:36:58.3149659Z env:
2025-05-27T09:36:58.3149910Z   pythonLocation: C:\hostedtoolcache\windows\Python\3.11.9\x64
2025-05-27T09:36:58.3150346Z   PKG_CONFIG_PATH: C:\hostedtoolcache\windows\Python\3.11.9\x64/lib/pkgconfig
2025-05-27T09:36:58.3150739Z   Python_ROOT_DIR: C:\hostedtoolcache\windows\Python\3.11.9\x64
2025-05-27T09:36:58.3151090Z   Python2_ROOT_DIR: C:\hostedtoolcache\windows\Python\3.11.9\x64
2025-05-27T09:36:58.3151448Z   Python3_ROOT_DIR: C:\hostedtoolcache\windows\Python\3.11.9\x64
2025-05-27T09:36:58.3151801Z   FLUTTER_ROOT: C:\hostedtoolcache\windows\flutter\stable-3.24.0-x64
2025-05-27T09:36:58.3152192Z   PUB_CACHE: C:\Users\runneradmin\AppData\Local\Pub\Cache
2025-05-27T09:36:58.3152451Z ##[endgroup]
2025-05-27T09:36:58.5992289Z === 开始构建 Windows 应用 ===
2025-05-27T09:36:58.7748018Z [  +51 ms] Artifact Instance of 'AndroidGenSnapshotArtifacts' is not required, skipping update.
2025-05-27T09:36:58.7750244Z [   +4 ms] Artifact Instance of 'AndroidInternalBuildArtifacts' is not required, skipping update.
2025-05-27T09:36:58.7752280Z [        ] Artifact Instance of 'IOSEngineArtifacts' is not required, skipping update.
2025-05-27T09:36:58.7754012Z [        ] Artifact Instance of 'FlutterWebSdk' is not required, skipping update.
2025-05-27T09:36:58.7755990Z [        ] Artifact Instance of 'LegacyCanvasKitRemover' is not required, skipping update.
2025-05-27T09:36:58.7782837Z [   +2 ms] Artifact Instance of 'WindowsEngineArtifacts' is not required, skipping update.
2025-05-27T09:36:58.7785387Z [        ] Artifact Instance of 'MacOSEngineArtifacts' is not required, skipping update.
2025-05-27T09:36:58.7787601Z [        ] Artifact Instance of 'LinuxEngineArtifacts' is not required, skipping update.
2025-05-27T09:36:58.7789802Z [        ] Artifact Instance of 'LinuxFuchsiaSDKArtifacts' is not required, skipping update.
2025-05-27T09:36:58.7791880Z [        ] Artifact Instance of 'MacOSFuchsiaSDKArtifacts' is not required, skipping update.
2025-05-27T09:36:58.7794159Z [        ] Artifact Instance of 'FlutterRunnerSDKArtifacts' is not required, skipping update.
2025-05-27T09:36:58.7797075Z [        ] Artifact Instance of 'FlutterRunnerDebugSymbols' is not required, skipping update.
2025-05-27T09:36:58.8246884Z [  +44 ms] Artifact Instance of 'MaterialFonts' is not required, skipping update.
2025-05-27T09:36:58.8248623Z [        ] Artifact Instance of 'GradleWrapper' is not required, skipping update.
2025-05-27T09:36:58.8251006Z [        ] Artifact Instance of 'AndroidGenSnapshotArtifacts' is not required, skipping update.
2025-05-27T09:36:58.8253321Z [        ] Artifact Instance of 'AndroidInternalBuildArtifacts' is not required, skipping update.
2025-05-27T09:36:58.8255577Z [        ] Artifact Instance of 'IOSEngineArtifacts' is not required, skipping update.
2025-05-27T09:36:58.8257684Z [        ] Artifact Instance of 'FlutterWebSdk' is not required, skipping update.
2025-05-27T09:36:58.8259972Z [        ] Artifact Instance of 'LegacyCanvasKitRemover' is not required, skipping update.
2025-05-27T09:36:58.8261982Z [        ] Artifact Instance of 'FlutterSdk' is not required, skipping update.
2025-05-27T09:36:58.8285313Z [   +2 ms] Artifact Instance of 'MacOSEngineArtifacts' is not required, skipping update.
2025-05-27T09:36:58.8286320Z [        ] Artifact Instance of 'LinuxEngineArtifacts' is not required, skipping update.
2025-05-27T09:36:58.8287520Z [        ] Artifact Instance of 'LinuxFuchsiaSDKArtifacts' is not required, skipping update.
2025-05-27T09:36:58.8288383Z [        ] Artifact Instance of 'MacOSFuchsiaSDKArtifacts' is not required, skipping update.
2025-05-27T09:36:58.8292485Z [        ] Artifact Instance of 'FlutterRunnerSDKArtifacts' is not required, skipping update.
2025-05-27T09:36:58.8293303Z [        ] Artifact Instance of 'FlutterRunnerDebugSymbols' is not required, skipping update.
2025-05-27T09:36:58.8293887Z [        ] Artifact Instance of 'IosUsbArtifacts' is not required, skipping update.
2025-05-27T09:36:58.8294458Z [        ] Artifact Instance of 'IosUsbArtifacts' is not required, skipping update.
2025-05-27T09:36:58.8294958Z [        ] Artifact Instance of 'IosUsbArtifacts' is not required, skipping update.
2025-05-27T09:36:58.8295529Z [        ] Artifact Instance of 'IosUsbArtifacts' is not required, skipping update.
2025-05-27T09:36:58.8297098Z [        ] Artifact Instance of 'IosUsbArtifacts' is not required, skipping update.
2025-05-27T09:36:58.8298473Z [        ] Artifact Instance of 'FontSubsetArtifacts' is not required, skipping update.
2025-05-27T09:36:58.8299803Z [        ] Artifact Instance of 'PubDependencies' is not required, skipping update.
2025-05-27T09:36:58.8834076Z [  +53 ms] Skipping pub get: version match.
2025-05-27T09:36:58.9592520Z [  +75 ms] Found plugin file_picker at C:\Users\runneradmin\AppData\Local\Pub\Cache\hosted\pub.dev\file_picker-6.2.1\
2025-05-27T09:36:58.9683484Z [   +9 ms] Found plugin flutter_plugin_android_lifecycle at C:\Users\runneradmin\AppData\Local\Pub\Cache\hosted\pub.dev\flutter_plugin_android_lifecycle-2.0.26\
2025-05-27T09:36:59.0045844Z [  +36 ms] Found plugin path_provider at C:\Users\runneradmin\AppData\Local\Pub\Cache\hosted\pub.dev\path_provider-2.1.5\
2025-05-27T09:36:59.0065086Z [   +2 ms] Found plugin path_provider_android at C:\Users\runneradmin\AppData\Local\Pub\Cache\hosted\pub.dev\path_provider_android-2.2.15\
2025-05-27T09:36:59.0084000Z [   +1 ms] Found plugin path_provider_foundation at C:\Users\runneradmin\AppData\Local\Pub\Cache\hosted\pub.dev\path_provider_foundation-2.4.1\
2025-05-27T09:36:59.0106028Z [   +2 ms] Found plugin path_provider_linux at C:\Users\runneradmin\AppData\Local\Pub\Cache\hosted\pub.dev\path_provider_linux-2.2.1\
2025-05-27T09:36:59.0137404Z [   +3 ms] Found plugin path_provider_windows at C:\Users\runneradmin\AppData\Local\Pub\Cache\hosted\pub.dev\path_provider_windows-2.3.0\
2025-05-27T09:36:59.0268145Z [  +13 ms] Found plugin shared_preferences at C:\Users\runneradmin\AppData\Local\Pub\Cache\hosted\pub.dev\shared_preferences-2.5.3\
2025-05-27T09:36:59.0283579Z [   +1 ms] Found plugin shared_preferences_android at C:\Users\runneradmin\AppData\Local\Pub\Cache\hosted\pub.dev\shared_preferences_android-2.4.7\
2025-05-27T09:36:59.0298958Z [   +1 ms] Found plugin shared_preferences_foundation at C:\Users\runneradmin\AppData\Local\Pub\Cache\hosted\pub.dev\shared_preferences_foundation-2.5.4\
2025-05-27T09:36:59.0314156Z [   +1 ms] Found plugin shared_preferences_linux at C:\Users\runneradmin\AppData\Local\Pub\Cache\hosted\pub.dev\shared_preferences_linux-2.4.1\
2025-05-27T09:36:59.0349169Z [   +3 ms] Found plugin shared_preferences_web at C:\Users\runneradmin\AppData\Local\Pub\Cache\hosted\pub.dev\shared_preferences_web-2.4.3\
2025-05-27T09:36:59.0368612Z [   +1 ms] Found plugin shared_preferences_windows at C:\Users\runneradmin\AppData\Local\Pub\Cache\hosted\pub.dev\shared_preferences_windows-2.4.1\
2025-05-27T09:36:59.0544270Z [  +17 ms] Found plugin url_launcher at C:\Users\runneradmin\AppData\Local\Pub\Cache\hosted\pub.dev\url_launcher-6.3.1\
2025-05-27T09:36:59.0561398Z [   +1 ms] Found plugin url_launcher_android at C:\Users\runneradmin\AppData\Local\Pub\Cache\hosted\pub.dev\url_launcher_android-6.3.14\
2025-05-27T09:36:59.0580072Z [   +1 ms] Found plugin url_launcher_ios at C:\Users\runneradmin\AppData\Local\Pub\Cache\hosted\pub.dev\url_launcher_ios-6.3.3\
2025-05-27T09:36:59.0596024Z [   +1 ms] Found plugin url_launcher_linux at C:\Users\runneradmin\AppData\Local\Pub\Cache\hosted\pub.dev\url_launcher_linux-3.2.1\
2025-05-27T09:36:59.0627253Z [   +3 ms] Found plugin url_launcher_macos at C:\Users\runneradmin\AppData\Local\Pub\Cache\hosted\pub.dev\url_launcher_macos-3.2.2\
2025-05-27T09:36:59.0659437Z [   +3 ms] Found plugin url_launcher_web at C:\Users\runneradmin\AppData\Local\Pub\Cache\hosted\pub.dev\url_launcher_web-2.3.3\
2025-05-27T09:36:59.0676205Z [   +1 ms] Found plugin url_launcher_windows at C:\Users\runneradmin\AppData\Local\Pub\Cache\hosted\pub.dev\url_launcher_windows-3.1.4\
2025-05-27T09:36:59.1372999Z [  +69 ms] Found plugin file_picker at C:\Users\runneradmin\AppData\Local\Pub\Cache\hosted\pub.dev\file_picker-6.2.1\
2025-05-27T09:36:59.1412584Z [   +3 ms] Found plugin flutter_plugin_android_lifecycle at C:\Users\runneradmin\AppData\Local\Pub\Cache\hosted\pub.dev\flutter_plugin_android_lifecycle-2.0.26\
2025-05-27T09:36:59.1639750Z [  +22 ms] Found plugin path_provider at C:\Users\runneradmin\AppData\Local\Pub\Cache\hosted\pub.dev\path_provider-2.1.5\
2025-05-27T09:36:59.1650406Z [   +1 ms] Found plugin path_provider_android at C:\Users\runneradmin\AppData\Local\Pub\Cache\hosted\pub.dev\path_provider_android-2.2.15\
2025-05-27T09:36:59.1660578Z [   +1 ms] Found plugin path_provider_foundation at C:\Users\runneradmin\AppData\Local\Pub\Cache\hosted\pub.dev\path_provider_foundation-2.4.1\
2025-05-27T09:36:59.1672896Z [   +1 ms] Found plugin path_provider_linux at C:\Users\runneradmin\AppData\Local\Pub\Cache\hosted\pub.dev\path_provider_linux-2.2.1\
2025-05-27T09:36:59.1693426Z [   +2 ms] Found plugin path_provider_windows at C:\Users\runneradmin\AppData\Local\Pub\Cache\hosted\pub.dev\path_provider_windows-2.3.0\
2025-05-27T09:36:59.1791226Z [   +9 ms] Found plugin shared_preferences at C:\Users\runneradmin\AppData\Local\Pub\Cache\hosted\pub.dev\shared_preferences-2.5.3\
2025-05-27T09:36:59.1802358Z [   +1 ms] Found plugin shared_preferences_android at C:\Users\runneradmin\AppData\Local\Pub\Cache\hosted\pub.dev\shared_preferences_android-2.4.7\
2025-05-27T09:36:59.1814237Z [   +1 ms] Found plugin shared_preferences_foundation at C:\Users\runneradmin\AppData\Local\Pub\Cache\hosted\pub.dev\shared_preferences_foundation-2.5.4\
2025-05-27T09:36:59.1827492Z [   +1 ms] Found plugin shared_preferences_linux at C:\Users\runneradmin\AppData\Local\Pub\Cache\hosted\pub.dev\shared_preferences_linux-2.4.1\
2025-05-27T09:36:59.1851253Z [   +2 ms] Found plugin shared_preferences_web at C:\Users\runneradmin\AppData\Local\Pub\Cache\hosted\pub.dev\shared_preferences_web-2.4.3\
2025-05-27T09:36:59.1863967Z [   +1 ms] Found plugin shared_preferences_windows at C:\Users\runneradmin\AppData\Local\Pub\Cache\hosted\pub.dev\shared_preferences_windows-2.4.1\
2025-05-27T09:36:59.2029822Z [  +16 ms] Found plugin url_launcher at C:\Users\runneradmin\AppData\Local\Pub\Cache\hosted\pub.dev\url_launcher-6.3.1\
2025-05-27T09:36:59.2041374Z [   +1 ms] Found plugin url_launcher_android at C:\Users\runneradmin\AppData\Local\Pub\Cache\hosted\pub.dev\url_launcher_android-6.3.14\
2025-05-27T09:36:59.2052290Z [   +1 ms] Found plugin url_launcher_ios at C:\Users\runneradmin\AppData\Local\Pub\Cache\hosted\pub.dev\url_launcher_ios-6.3.3\
2025-05-27T09:36:59.2063606Z [   +1 ms] Found plugin url_launcher_linux at C:\Users\runneradmin\AppData\Local\Pub\Cache\hosted\pub.dev\url_launcher_linux-3.2.1\
2025-05-27T09:36:59.2076392Z [   +1 ms] Found plugin url_launcher_macos at C:\Users\runneradmin\AppData\Local\Pub\Cache\hosted\pub.dev\url_launcher_macos-3.2.2\
2025-05-27T09:36:59.2099492Z [   +2 ms] Found plugin url_launcher_web at C:\Users\runneradmin\AppData\Local\Pub\Cache\hosted\pub.dev\url_launcher_web-2.3.3\
2025-05-27T09:36:59.2113974Z [   +1 ms] Found plugin url_launcher_windows at C:\Users\runneradmin\AppData\Local\Pub\Cache\hosted\pub.dev\url_launcher_windows-3.1.4\
2025-05-27T09:36:59.2707834Z [  +59 ms] Found plugin file_picker at C:\Users\runneradmin\AppData\Local\Pub\Cache\hosted\pub.dev\file_picker-6.2.1\
2025-05-27T09:36:59.2741386Z [   +3 ms] Found plugin flutter_plugin_android_lifecycle at C:\Users\runneradmin\AppData\Local\Pub\Cache\hosted\pub.dev\flutter_plugin_android_lifecycle-2.0.26\
2025-05-27T09:36:59.2944390Z [  +20 ms] Found plugin path_provider at C:\Users\runneradmin\AppData\Local\Pub\Cache\hosted\pub.dev\path_provider-2.1.5\
2025-05-27T09:36:59.2960395Z [   +1 ms] Found plugin path_provider_android at C:\Users\runneradmin\AppData\Local\Pub\Cache\hosted\pub.dev\path_provider_android-2.2.15\
2025-05-27T09:36:59.2972213Z [   +1 ms] Found plugin path_provider_foundation at C:\Users\runneradmin\AppData\Local\Pub\Cache\hosted\pub.dev\path_provider_foundation-2.4.1\
2025-05-27T09:36:59.2984115Z [   +1 ms] Found plugin path_provider_linux at C:\Users\runneradmin\AppData\Local\Pub\Cache\hosted\pub.dev\path_provider_linux-2.2.1\
2025-05-27T09:36:59.3003991Z [   +1 ms] Found plugin path_provider_windows at C:\Users\runneradmin\AppData\Local\Pub\Cache\hosted\pub.dev\path_provider_windows-2.3.0\
2025-05-27T09:36:59.3085113Z [   +8 ms] Found plugin shared_preferences at C:\Users\runneradmin\AppData\Local\Pub\Cache\hosted\pub.dev\shared_preferences-2.5.3\
2025-05-27T09:36:59.3096090Z [   +1 ms] Found plugin shared_preferences_android at C:\Users\runneradmin\AppData\Local\Pub\Cache\hosted\pub.dev\shared_preferences_android-2.4.7\
2025-05-27T09:36:59.3106806Z [   +1 ms] Found plugin shared_preferences_foundation at C:\Users\runneradmin\AppData\Local\Pub\Cache\hosted\pub.dev\shared_preferences_foundation-2.5.4\
2025-05-27T09:36:59.3117225Z [   +1 ms] Found plugin shared_preferences_linux at C:\Users\runneradmin\AppData\Local\Pub\Cache\hosted\pub.dev\shared_preferences_linux-2.4.1\
2025-05-27T09:36:59.3134824Z [   +1 ms] Found plugin shared_preferences_web at C:\Users\runneradmin\AppData\Local\Pub\Cache\hosted\pub.dev\shared_preferences_web-2.4.3\
2025-05-27T09:36:59.3144934Z [   +1 ms] Found plugin shared_preferences_windows at C:\Users\runneradmin\AppData\Local\Pub\Cache\hosted\pub.dev\shared_preferences_windows-2.4.1\
2025-05-27T09:36:59.3282788Z [  +13 ms] Found plugin url_launcher at C:\Users\runneradmin\AppData\Local\Pub\Cache\hosted\pub.dev\url_launcher-6.3.1\
2025-05-27T09:36:59.3294879Z [   +1 ms] Found plugin url_launcher_android at C:\Users\runneradmin\AppData\Local\Pub\Cache\hosted\pub.dev\url_launcher_android-6.3.14\
2025-05-27T09:36:59.3304305Z [        ] Found plugin url_launcher_ios at C:\Users\runneradmin\AppData\Local\Pub\Cache\hosted\pub.dev\url_launcher_ios-6.3.3\
2025-05-27T09:36:59.3315822Z [   +1 ms] Found plugin url_launcher_linux at C:\Users\runneradmin\AppData\Local\Pub\Cache\hosted\pub.dev\url_launcher_linux-3.2.1\
2025-05-27T09:36:59.3327087Z [   +1 ms] Found plugin url_launcher_macos at C:\Users\runneradmin\AppData\Local\Pub\Cache\hosted\pub.dev\url_launcher_macos-3.2.2\
2025-05-27T09:36:59.3346379Z [   +1 ms] Found plugin url_launcher_web at C:\Users\runneradmin\AppData\Local\Pub\Cache\hosted\pub.dev\url_launcher_web-2.3.3\
2025-05-27T09:36:59.3356954Z [   +1 ms] Found plugin url_launcher_windows at C:\Users\runneradmin\AppData\Local\Pub\Cache\hosted\pub.dev\url_launcher_windows-3.1.4\
2025-05-27T09:36:59.4045213Z [  +68 ms] executing: C:\Program Files (x86)\Microsoft Visual Studio\Installer\vswhere.exe -format json -products * -utf8 -latest -version 16 -requires Microsoft.VisualStudio.Workload.NativeDesktop Microsoft.VisualStudio.Component.VC.Tools.x86.x64 Microsoft.VisualStudio.Component.VC.CMake.Project
2025-05-27T09:37:00.2299915Z [ +825 ms] Exit code 0 from: C:\Program Files (x86)\Microsoft Visual Studio\Installer\vswhere.exe -format json -products * -utf8 -latest -version 16 -requires Microsoft.VisualStudio.Workload.NativeDesktop Microsoft.VisualStudio.Component.VC.Tools.x86.x64 Microsoft.VisualStudio.Component.VC.CMake.Project
2025-05-27T09:37:00.2302075Z [        ] [
2025-05-27T09:37:00.2303603Z              {
2025-05-27T09:37:00.2303801Z                "instanceId": "91fe6584",
2025-05-27T09:37:00.2304046Z                "installDate": "2025-05-11T21:44:15Z",
2025-05-27T09:37:00.2304338Z                "installationName": "VisualStudio/17.13.2+35825.156",
2025-05-27T09:37:00.2304739Z                "installationPath": "C:\\Program Files\\Microsoft Visual Studio\\2022\\Enterprise",
2025-05-27T09:37:00.2305108Z                "installationVersion": "17.13.35825.156",
2025-05-27T09:37:00.2305575Z                "productId": "Microsoft.VisualStudio.Product.Enterprise",
2025-05-27T09:37:00.2306057Z                "productPath": "C:\\Program Files\\Microsoft Visual Studio\\2022\\Enterprise\\Common7\\IDE\\devenv.exe",
2025-05-27T09:37:00.2306460Z                "state": 4294967295,
2025-05-27T09:37:00.2306675Z                "isComplete": true,
2025-05-27T09:37:00.2306891Z                "isLaunchable": true,
2025-05-27T09:37:00.2307116Z                "isPrerelease": false,
2025-05-27T09:37:00.2307358Z                "isRebootRequired": false,
2025-05-27T09:37:00.2307630Z                "displayName": "Visual Studio Enterprise 2022",
2025-05-27T09:37:00.2307975Z                "description": "Scalable, end-to-end solution for teams of any size",
2025-05-27T09:37:00.2308314Z                "channelId": "VisualStudio.17.Release",
2025-05-27T09:37:00.2308620Z                "channelUri": "https://aka.ms/vs/17/release/channel",
2025-05-27T09:37:00.2309241Z                "enginePath": "C:\\Program Files (x86)\\Microsoft Visual Studio\\Installer\\resources\\app\\ServiceHub\\Services\\Microsoft.VisualStudio.Setup.Service",
2025-05-27T09:37:00.2309927Z                "installChannelUri": "https://aka.ms/vs/17/release/658092423_1519083591/channel",
2025-05-27T09:37:00.2310310Z                "installedChannelId": "VisualStudio.17.Release",
2025-05-27T09:37:00.2310652Z                "installedChannelUri": "https://aka.ms/vs/17/release/channel",
2025-05-27T09:37:00.2311169Z                "releaseNotes": "https://docs.microsoft.com/en-us/visualstudio/releases/2022/release-notes-v17.13#17.13.2",
2025-05-27T09:37:00.2311768Z                "resolvedInstallationPath": "C:\\Program Files\\Microsoft Visual Studio\\2022\\Enterprise",
2025-05-27T09:37:00.2312250Z                "thirdPartyNotices": "https://go.microsoft.com/fwlink/?LinkId=661288",
2025-05-27T09:37:00.2312590Z                "updateDate": "2025-05-11T21:44:15.4258402Z",
2025-05-27T09:37:00.2312826Z                "catalog": {
2025-05-27T09:37:00.2313021Z                  "buildBranch": "d17.13",
2025-05-27T09:37:00.2313249Z                  "buildVersion": "17.13.35825.156",
2025-05-27T09:37:00.2313483Z                  "id": "VisualStudio/17.13.2+35825.156",
2025-05-27T09:37:00.2313719Z                  "localBuild": "build-lab",
2025-05-27T09:37:00.2313951Z                  "manifestName": "VisualStudio",
2025-05-27T09:37:00.2314185Z                  "manifestType": "installer",
2025-05-27T09:37:00.2314436Z                  "productDisplayVersion": "17.13.2",
2025-05-27T09:37:00.2314667Z                  "productLine": "Dev17",
2025-05-27T09:37:00.2314894Z                  "productLineVersion": "2022",
2025-05-27T09:37:00.2315118Z                  "productMilestone": "RTW",
2025-05-27T09:37:00.2315370Z                  "productMilestoneIsPreRelease": "False",
2025-05-27T09:37:00.2315623Z                  "productName": "Visual Studio",
2025-05-27T09:37:00.2315860Z                  "productPatchVersion": "2",
2025-05-27T09:37:00.2316122Z                  "productPreReleaseMilestoneSuffix": "1.0",
2025-05-27T09:37:00.2316404Z                  "productSemanticVersion": "17.13.2+35825.156",
2025-05-27T09:37:00.2316670Z                  "requiredEngineVersion": "3.13.2069.59209"
2025-05-27T09:37:00.2316890Z                },
2025-05-27T09:37:00.2317061Z                "properties": {
2025-05-27T09:37:00.2317254Z                  "campaignId": "",
2025-05-27T09:37:00.2317540Z                  "channelManifestId": "VisualStudio.17.Release/17.13.2+35825.156",
2025-05-27T09:37:00.2317977Z                  "includeRecommended": "1",
2025-05-27T09:37:00.2318197Z                  "nickname": "",
2025-05-27T09:37:00.2318554Z                  "setupEngineFilePath": "C:\\Program Files (x86)\\Microsoft Visual Studio\\Installer\\setup.exe"
2025-05-27T09:37:00.2318916Z                }
2025-05-27T09:37:00.2319063Z              }
2025-05-27T09:37:00.2319206Z            ]
2025-05-27T09:37:00.2443849Z [  +14 ms] Building Windows application...
2025-05-27T09:37:00.2473327Z [   +2 ms] executing: C:\Program Files\Microsoft Visual Studio\2022\Enterprise\Common7\IDE\CommonExtensions\Microsoft\CMake\CMake\bin\cmake.exe -S D:\a\material-anticheat\material-anticheat\windows -B D:\a\material-anticheat\material-anticheat\build\windows\x64 -G Visual Studio 17 2022 -A x64 -DFLUTTER_TARGET_PLATFORM=windows-x64
2025-05-27T09:37:12.8431621Z [+12595 ms] -- The CXX compiler identification is MSVC 19.43.34808.0
2025-05-27T09:37:13.1647688Z [ +321 ms] -- Detecting CXX compiler ABI info
2025-05-27T09:37:15.0060600Z [+1841 ms] -- Detecting CXX compiler ABI info - done
2025-05-27T09:37:15.0359454Z [  +29 ms] -- Check for working CXX compiler: C:/Program Files/Microsoft Visual Studio/2022/Enterprise/VC/Tools/MSVC/14.43.34808/bin/Hostx64/x64/cl.exe - skipped
2025-05-27T09:37:15.0372418Z [   +1 ms] -- Detecting CXX compile features
2025-05-27T09:37:15.0386042Z [   +1 ms] -- Detecting CXX compile features - done
2025-05-27T09:37:15.0756809Z [  +36 ms] -- Configuring done (13.0s)
2025-05-27T09:37:15.1545698Z [  +78 ms] -- Generating done (0.1s)
2025-05-27T09:37:15.1551642Z [        ] -- Build files have been written to: D:/a/material-anticheat/material-anticheat/build/windows/x64
2025-05-27T09:37:15.2015094Z [  +46 ms] executing: C:\Program Files\Microsoft Visual Studio\2022\Enterprise\Common7\IDE\CommonExtensions\Microsoft\CMake\CMake\bin\cmake.exe --build D:\a\material-anticheat\material-anticheat\build\windows\x64 --config Release --target INSTALL --verbose
2025-05-27T09:37:15.2583282Z [  +56 ms] Change Dir: 'D:/a/material-anticheat/material-anticheat/build/windows/x64'
2025-05-27T09:37:15.2585748Z [        ] Run Build Command(s): "C:/Program Files/Microsoft Visual Studio/2022/Enterprise/MSBuild/Current/Bin/amd64/MSBuild.exe" INSTALL.vcxproj /p:Configuration=Release /p:Platform=x64 /p:VisualStudioVersion=17.0 /v:n
2025-05-27T09:37:15.3179316Z [  +59 ms] MSBuild version 17.13.15+18b3035f6 for .NET Framework
2025-05-27T09:37:15.3530413Z [  +35 ms] Build started 5/27/2025 9:37:15 AM.
2025-05-27T09:37:15.5611199Z [ +208 ms] Project "D:\a\material-anticheat\material-anticheat\build\windows\x64\INSTALL.vcxproj" on node 1 (default targets).
2025-05-27T09:37:15.5614322Z [        ] Project "D:\a\material-anticheat\material-anticheat\build\windows\x64\INSTALL.vcxproj" (1) is building "D:\a\material-anticheat\material-anticheat\build\windows\x64\ZERO_CHECK.vcxproj" (2) on node 1 (default targets).
2025-05-27T09:37:15.5615887Z [        ] PrepareForBuild:
2025-05-27T09:37:15.5616306Z [        ]   Creating directory "x64\Release\ZERO_CHECK\".
2025-05-27T09:37:15.5667543Z [   +5 ms]   Structured output is enabled. The formatting of compiler diagnostics will reflect the error hierarchy. See https://aka.ms/cpp/structured-output for more details.
2025-05-27T09:37:15.5668839Z [        ]   Creating directory "x64\Release\ZERO_CHECK\ZERO_CHECK.tlog\".
2025-05-27T09:37:15.5694020Z [   +2 ms] InitializeBuildStatus:
2025-05-27T09:37:15.5696364Z [        ]   Creating "x64\Release\ZERO_CHECK\ZERO_CHECK.tlog\unsuccessfulbuild" because "AlwaysCreate" was specified.
2025-05-27T09:37:15.5697363Z [        ]   Touching "x64\Release\ZERO_CHECK\ZERO_CHECK.tlog\unsuccessfulbuild".
2025-05-27T09:37:15.7063228Z [ +136 ms] CustomBuild:
2025-05-27T09:37:15.7065675Z [        ]   1>Checking Build System
2025-05-27T09:37:15.7718273Z [  +65 ms] FinalizeBuildStatus:
2025-05-27T09:37:15.7721128Z [        ]   Deleting file "x64\Release\ZERO_CHECK\ZERO_CHECK.tlog\unsuccessfulbuild".
2025-05-27T09:37:15.7722662Z [        ]   Touching "x64\Release\ZERO_CHECK\ZERO_CHECK.tlog\ZERO_CHECK.lastbuildstate".
2025-05-27T09:37:15.7735984Z [   +1 ms] Done Building Project "D:\a\material-anticheat\material-anticheat\build\windows\x64\ZERO_CHECK.vcxproj" (default targets).
2025-05-27T09:37:15.8696187Z [  +95 ms] Project "D:\a\material-anticheat\material-anticheat\build\windows\x64\INSTALL.vcxproj" (1) is building "D:\a\material-anticheat\material-anticheat\build\windows\x64\ALL_BUILD.vcxproj" (3) on node 1 (default targets).
2025-05-27T09:37:15.8698889Z [        ] Project "D:\a\material-anticheat\material-anticheat\build\windows\x64\ALL_BUILD.vcxproj" (3) is building "D:\a\material-anticheat\material-anticheat\build\windows\x64\flutter\flutter_wrapper_app.vcxproj" (4) on node 1 (default targets).
2025-05-27T09:37:15.8701553Z [        ] Project "D:\a\material-anticheat\material-anticheat\build\windows\x64\flutter\flutter_wrapper_app.vcxproj" (4) is building "D:\a\material-anticheat\material-anticheat\build\windows\x64\flutter\flutter_assemble.vcxproj" (5) on node 1 (default targets).
2025-05-27T09:37:15.8703217Z [        ] PrepareForBuild:
2025-05-27T09:37:15.8703675Z [        ]   Creating directory "x64\Release\flutter_assemble\".
2025-05-27T09:37:15.8711497Z [   +1 ms]   Structured output is enabled. The formatting of compiler diagnostics will reflect the error hierarchy. See https://aka.ms/cpp/structured-output for more details.
2025-05-27T09:37:15.8712857Z [        ]   Creating directory "x64\Release\flutter_assemble\flutter_assemble.tlog\".
2025-05-27T09:37:15.8726258Z [   +1 ms] InitializeBuildStatus:
2025-05-27T09:37:15.8728455Z [        ]   Creating "x64\Release\flutter_assemble\flutter_assemble.tlog\unsuccessfulbuild" because "AlwaysCreate" was specified.
2025-05-27T09:37:15.8729580Z [        ]   Touching "x64\Release\flutter_assemble\flutter_assemble.tlog\unsuccessfulbuild".
2025-05-27T09:37:15.8737631Z [        ] ComputeCustomBuildOutput:
2025-05-27T09:37:15.8739495Z [        ]   Creating directory "D:\a\material-anticheat\material-anticheat\windows\flutter\ephemeral\cpp_client_wrapper\".
2025-05-27T09:37:15.8750575Z [   +1 ms] CustomBuild:
2025-05-27T09:37:15.8753990Z [        ]   "The build of 'D:\a\material-anticheat\material-anticheat\build\windows\x64\CMakeFiles\5116d33fa54645aee4cc0dd2bf38f93d\flutter_assemble.rule' depends on 'D:\A\MATERIAL-ANTICHEAT\MATERIAL-ANTICHEAT\WINDOWS\FLUTTER\EPHEMERAL\FLUTTER_WINDOWS.DLL' which is produced by the build of 'D:\a\material-anticheat\material-anticheat\build\windows\x64\CMakeFiles\ade246b61e87ebac2e9509f81a237b53\flutter_windows.dll.rule'. The items cannot be built in parallel."
2025-05-27T09:37:15.9285915Z [  +52 ms]   Generating D:/a/material-anticheat/material-anticheat/windows/flutter/ephemeral/flutter_windows.dll, D:/a/material-anticheat/material-anticheat/windows/flutter/ephemeral/flutter_export.h, D:/a/material-anticheat/material-anticheat/windows/flutter/ephemeral/flutter_windows.h, D:/a/material-anticheat/material-anticheat/windows/flutter/ephemeral/flutter_messenger.h, D:/a/material-anticheat/material-anticheat/windows/flutter/ephemeral/flutter_plugin_registrar.h, D:/a/material-anticheat/material-anticheat/windows/flutter/ephemeral/flutter_texture_registrar.h, D:/a/material-anticheat/material-anticheat/windows/flutter/ephemeral/cpp_client_wrapper/core_implementations.cc, D:/a/material-anticheat/material-anticheat/windows/flutter/ephemeral/cpp_client_wrapper/standard_codec.cc, D:/a/material-anticheat/material-anticheat/windows/flutter/ephemeral/cpp_client_wrapper/plugin_registrar.cc, D:/a/material-anticheat/material-anticheat/windows/flutter/ephemeral/cpp_client_wrapper/flutter_engine.cc, D:/a/material-anticheat/material-anticheat/windows/flutter/ephemeral/cpp_client_wrapper/flutter_view_controller.cc, _phony_
2025-05-27T09:37:16.7409179Z [ +812 ms]   [  +49 ms] Artifact Instance of 'AndroidGenSnapshotArtifacts' is not required, skipping update.
2025-05-27T09:37:16.7411055Z [        ]   [   +4 ms] Artifact Instance of 'AndroidInternalBuildArtifacts' is not required, skipping update.
2025-05-27T09:37:16.7412604Z [        ]   [        ] Artifact Instance of 'IOSEngineArtifacts' is not required, skipping update.
2025-05-27T09:37:16.7414020Z [        ]   [        ] Artifact Instance of 'FlutterWebSdk' is not required, skipping update.
2025-05-27T09:37:16.7415020Z [        ]   [        ] Artifact Instance of 'LegacyCanvasKitRemover' is not required, skipping update.
2025-05-27T09:37:16.7416366Z [        ]   [   +2 ms] Artifact Instance of 'WindowsEngineArtifacts' is not required, skipping update.
2025-05-27T09:37:16.7417507Z [        ]   [        ] Artifact Instance of 'MacOSEngineArtifacts' is not required, skipping update.
2025-05-27T09:37:16.7418305Z [        ]   [        ] Artifact Instance of 'LinuxEngineArtifacts' is not required, skipping update.
2025-05-27T09:37:16.7419128Z [        ]   [        ] Artifact Instance of 'LinuxFuchsiaSDKArtifacts' is not required, skipping update.
2025-05-27T09:37:16.7420681Z [        ]   [        ] Artifact Instance of 'MacOSFuchsiaSDKArtifacts' is not required, skipping update.
2025-05-27T09:37:16.7421824Z [        ]   [        ] Artifact Instance of 'FlutterRunnerSDKArtifacts' is not required, skipping update.
2025-05-27T09:37:16.7423096Z [        ]   [        ] Artifact Instance of 'FlutterRunnerDebugSymbols' is not required, skipping update.
2025-05-27T09:37:16.8280059Z [  +82 ms]   [  +90 ms] Artifact Instance of 'MaterialFonts' is not required, skipping update.
2025-05-27T09:37:16.8282191Z [        ]   [        ] Artifact Instance of 'GradleWrapper' is not required, skipping update.
2025-05-27T09:37:16.8283702Z [   +1 ms]   [   +1 ms] Artifact Instance of 'AndroidGenSnapshotArtifacts' is not required, skipping update.
2025-05-27T09:37:16.8284819Z [        ]   [        ] Artifact Instance of 'AndroidInternalBuildArtifacts' is not required, skipping update.
2025-05-27T09:37:16.8285799Z [        ]   [        ] Artifact Instance of 'IOSEngineArtifacts' is not required, skipping update.
2025-05-27T09:37:16.8286663Z [        ]   [        ] Artifact Instance of 'FlutterWebSdk' is not required, skipping update.
2025-05-27T09:37:16.8287548Z [        ]   [        ] Artifact Instance of 'LegacyCanvasKitRemover' is not required, skipping update.
2025-05-27T09:37:16.8288390Z [        ]   [        ] Artifact Instance of 'FlutterSdk' is not required, skipping update.
2025-05-27T09:37:16.8300622Z [   +1 ms]   [   +2 ms] Artifact Instance of 'MacOSEngineArtifacts' is not required, skipping update.
2025-05-27T09:37:16.8307572Z [        ]   [        ] Artifact Instance of 'LinuxEngineArtifacts' is not required, skipping update.
2025-05-27T09:37:16.8311964Z [        ]   [        ] Artifact Instance of 'LinuxFuchsiaSDKArtifacts' is not required, skipping update.
2025-05-27T09:37:16.8317043Z [        ]   [        ] Artifact Instance of 'MacOSFuchsiaSDKArtifacts' is not required, skipping update.
2025-05-27T09:37:16.8319061Z [        ]   [        ] Artifact Instance of 'FlutterRunnerSDKArtifacts' is not required, skipping update.
2025-05-27T09:37:16.8320135Z [        ]   [        ] Artifact Instance of 'FlutterRunnerDebugSymbols' is not required, skipping update.
2025-05-27T09:37:16.8320927Z [        ]   [        ] Artifact Instance of 'IosUsbArtifacts' is not required, skipping update.
2025-05-27T09:37:16.8321380Z [        ]   [        ] Artifact Instance of 'IosUsbArtifacts' is not required, skipping update.
2025-05-27T09:37:16.8321985Z [        ]   [        ] Artifact Instance of 'IosUsbArtifacts' is not required, skipping update.
2025-05-27T09:37:16.8322706Z [        ]   [        ] Artifact Instance of 'IosUsbArtifacts' is not required, skipping update.
2025-05-27T09:37:16.8323142Z [        ]   [        ] Artifact Instance of 'IosUsbArtifacts' is not required, skipping update.
2025-05-27T09:37:16.8323644Z [        ]   [        ] Artifact Instance of 'FontSubsetArtifacts' is not required, skipping update.
2025-05-27T09:37:16.8324403Z [        ]   [        ] Artifact Instance of 'PubDependencies' is not required, skipping update.
2025-05-27T09:37:16.8494546Z [  +16 ms]   [  +16 ms] Initializing file store
2025-05-27T09:37:16.8703137Z [  +20 ms]   [  +20 ms] Skipping target: gen_localizations
2025-05-27T09:37:16.8804646Z [  +10 ms]   [  +10 ms] gen_dart_plugin_registrant: Starting due to {InvalidatedReasonKind.inputChanged: The following inputs have updated contents: D:\a\material-anticheat\material-anticheat\.dart_tool\package_config_subset}
2025-05-27T09:37:16.8843597Z [   +3 ms]   [   +4 ms] unpack_windows: Starting due to {}
2025-05-27T09:37:17.0194704Z [ +135 ms]   [ +134 ms] unpack_windows: Complete
2025-05-27T09:37:19.3967548Z [+2377 ms]   [+2377 ms] Found plugin file_picker at C:\Users\runneradmin\AppData\Local\Pub\Cache\hosted\pub.dev\file_picker-6.2.1\
2025-05-27T09:37:19.4048004Z [   +8 ms]   [   +8 ms] Found plugin flutter_plugin_android_lifecycle at C:\Users\runneradmin\AppData\Local\Pub\Cache\hosted\pub.dev\flutter_plugin_android_lifecycle-2.0.26\
2025-05-27T09:37:19.4367655Z [  +31 ms]   [  +31 ms] Found plugin path_provider at C:\Users\runneradmin\AppData\Local\Pub\Cache\hosted\pub.dev\path_provider-2.1.5\
2025-05-27T09:37:19.4377836Z [   +1 ms]   [   +1 ms] Found plugin path_provider_android at C:\Users\runneradmin\AppData\Local\Pub\Cache\hosted\pub.dev\path_provider_android-2.2.15\
2025-05-27T09:37:19.4393429Z [   +1 ms]   [   +1 ms] Found plugin path_provider_foundation at C:\Users\runneradmin\AppData\Local\Pub\Cache\hosted\pub.dev\path_provider_foundation-2.4.1\
2025-05-27T09:37:19.4414856Z [   +2 ms]   [   +2 ms] Found plugin path_provider_linux at C:\Users\runneradmin\AppData\Local\Pub\Cache\hosted\pub.dev\path_provider_linux-2.2.1\
2025-05-27T09:37:19.4445026Z [   +3 ms]   [   +3 ms] Found plugin path_provider_windows at C:\Users\runneradmin\AppData\Local\Pub\Cache\hosted\pub.dev\path_provider_windows-2.3.0\
2025-05-27T09:37:19.4574455Z [  +12 ms]   [  +12 ms] Found plugin shared_preferences at C:\Users\runneradmin\AppData\Local\Pub\Cache\hosted\pub.dev\shared_preferences-2.5.3\
2025-05-27T09:37:19.4586591Z [   +1 ms]   [   +1 ms] Found plugin shared_preferences_android at C:\Users\runneradmin\AppData\Local\Pub\Cache\hosted\pub.dev\shared_preferences_android-2.4.7\
2025-05-27T09:37:19.4602822Z [   +1 ms]   [   +1 ms] Found plugin shared_preferences_foundation at C:\Users\runneradmin\AppData\Local\Pub\Cache\hosted\pub.dev\shared_preferences_foundation-2.5.4\
2025-05-27T09:37:19.4621207Z [   +1 ms]   [   +1 ms] Found plugin shared_preferences_linux at C:\Users\runneradmin\AppData\Local\Pub\Cache\hosted\pub.dev\shared_preferences_linux-2.4.1\
2025-05-27T09:37:19.4687393Z [   +6 ms]   [   +6 ms] Found plugin shared_preferences_web at C:\Users\runneradmin\AppData\Local\Pub\Cache\hosted\pub.dev\shared_preferences_web-2.4.3\
2025-05-27T09:37:19.4706734Z [   +1 ms]   [   +2 ms] Found plugin shared_preferences_windows at C:\Users\runneradmin\AppData\Local\Pub\Cache\hosted\pub.dev\shared_preferences_windows-2.4.1\
2025-05-27T09:37:19.4876084Z [  +16 ms]   [  +16 ms] Found plugin url_launcher at C:\Users\runneradmin\AppData\Local\Pub\Cache\hosted\pub.dev\url_launcher-6.3.1\
2025-05-27T09:37:19.4902023Z [   +2 ms]   [   +2 ms] Found plugin url_launcher_android at C:\Users\runneradmin\AppData\Local\Pub\Cache\hosted\pub.dev\url_launcher_android-6.3.14\
2025-05-27T09:37:19.4919323Z [   +1 ms]   [   +1 ms] Found plugin url_launcher_ios at C:\Users\runneradmin\AppData\Local\Pub\Cache\hosted\pub.dev\url_launcher_ios-6.3.3\
2025-05-27T09:37:19.4939477Z [   +2 ms]   [   +1 ms] Found plugin url_launcher_linux at C:\Users\runneradmin\AppData\Local\Pub\Cache\hosted\pub.dev\url_launcher_linux-3.2.1\
2025-05-27T09:37:19.4953487Z [   +1 ms]   [   +1 ms] Found plugin url_launcher_macos at C:\Users\runneradmin\AppData\Local\Pub\Cache\hosted\pub.dev\url_launcher_macos-3.2.2\
2025-05-27T09:37:19.4979760Z [   +2 ms]   [   +2 ms] Found plugin url_launcher_web at C:\Users\runneradmin\AppData\Local\Pub\Cache\hosted\pub.dev\url_launcher_web-2.3.3\
2025-05-27T09:37:19.4992050Z [   +1 ms]   [   +1 ms] Found plugin url_launcher_windows at C:\Users\runneradmin\AppData\Local\Pub\Cache\hosted\pub.dev\url_launcher_windows-3.1.4\
2025-05-27T09:37:19.5428416Z [  +43 ms]   [  +42 ms] gen_dart_plugin_registrant: Complete
2025-05-27T09:37:19.5442667Z [   +1 ms]   [   +2 ms] kernel_snapshot_program: Starting due to {}
2025-05-27T09:37:19.5536484Z [   +8 ms]   [   +8 ms] C:\hostedtoolcache\windows\flutter\stable-3.24.0-x64\bin\cache\dart-sdk\bin\dartaotruntime.exe --disable-dart-dev C:\hostedtoolcache\windows\flutter\stable-3.24.0-x64\bin\cache\dart-sdk\bin\snapshots\frontend_server_aot.dart.snapshot --sdk-root C:\hostedtoolcache\windows\flutter\stable-3.24.0-x64\bin\cache\artifacts\engine\common\flutter_patched_sdk_product/ --target=flutter --no-print-incremental-dependencies -Ddart.vm.profile=false -Ddart.vm.product=true --delete-tostring-package-uri=dart:ui --delete-tostring-package-uri=package:flutter --aot --tfa --target-os windows --packages D:\a\material-anticheat\material-anticheat\.dart_tool\package_config.json --output-dill D:\a\material-anticheat\material-anticheat\.dart_tool\flutter_build\3a2bcdce013086c5bb6308d62d3028ec\program.dill --depfile D:\a\material-anticheat\material-anticheat\.dart_tool\flutter_build\3a2bcdce013086c5bb6308d62d3028ec\kernel_snapshot_program.d --source file:///D:/a/material-anticheat/material-anticheat/.dart_tool/flutter_build/dart_plugin_registrant.dart --source package:flutter/src/dart_plugin_registrant.dart -Dflutter.dart_plugin_registrant=file:///D:/a/material-anticheat/material-anticheat/.dart_tool/flutter_build/dart_plugin_registrant.dart --verbosity=error package:material_anticheat/main.dart
2025-05-27T09:37:35.4589464Z [+15905 ms]   [+15905 ms] kernel_snapshot_program: Complete
2025-05-27T09:37:36.0744439Z [ +615 ms]   [ +615 ms] native_assets: Starting due to {}
2025-05-27T09:37:36.1203095Z [  +45 ms]   [  +45 ms] No packages with native assets. Skipping native assets compilation.
2025-05-27T09:37:36.1203845Z [        ]   [        ] Writing native_assets.yaml.
2025-05-27T09:37:36.1326755Z [  +12 ms]   [  +12 ms] Writing D:\a\material-anticheat\material-anticheat\.dart_tool\flutter_build\3a2bcdce013086c5bb6308d62d3028ec\native_assets.yaml done.
2025-05-27T09:37:36.1336959Z [   +1 ms]   [   +1 ms] native_assets: Complete
2025-05-27T09:37:36.1365269Z [   +2 ms]   [   +2 ms] kernel_snapshot_native_assets: Starting due to {InvalidatedReasonKind.inputChanged: The following inputs have updated contents: D:\a\material-anticheat\material-anticheat\.dart_tool\flutter_build\3a2bcdce013086c5bb6308d62d3028ec\native_assets.yaml,D:\a\material-anticheat\material-anticheat\.dart_tool\package_config_subset,C:\hostedtoolcache\windows\flutter\stable-3.24.0-x64\packages\flutter_tools\lib\src\build_system\targets\common.dart,C:\hostedtoolcache\windows\flutter\stable-3.24.0-x64\bin\internal\engine.version,C:\hostedtoolcache\windows\flutter\stable-3.24.0-x64\bin\internal\engine.version,C:\hostedtoolcache\windows\flutter\stable-3.24.0-x64\bin\internal\engine.version,C:\hostedtoolcache\windows\flutter\stable-3.24.0-x64\bin\internal\engine.version}
2025-05-27T09:37:36.1383282Z [   +2 ms]   [   +2 ms] kernel_snapshot_native_assets: Complete
2025-05-27T09:37:36.1399445Z [   +1 ms]   [   +1 ms] kernel_snapshot: Starting due to {InvalidatedReasonKind.inputChanged: The following inputs have updated contents: D:\a\material-anticheat\material-anticheat\.dart_tool\flutter_build\3a2bcdce013086c5bb6308d62d3028ec\program.dill,D:\a\material-anticheat\material-anticheat\.dart_tool\flutter_build\3a2bcdce013086c5bb6308d62d3028ec\native_assets.dill}
2025-05-27T09:37:36.1561847Z [  +16 ms]   [  +15 ms] kernel_snapshot: Complete
2025-05-27T09:37:36.3175977Z [ +161 ms]   [ +160 ms] aot_elf_release: Starting due to {InvalidatedReasonKind.inputChanged: The following inputs have updated contents: C:\hostedtoolcache\windows\flutter\stable-3.24.0-x64\packages\flutter_tools\lib\src\build_system\targets\common.dart,C:\hostedtoolcache\windows\flutter\stable-3.24.0-x64\bin\internal\engine.version,C:\hostedtoolcache\windows\flutter\stable-3.24.0-x64\bin\internal\engine.version,C:\hostedtoolcache\windows\flutter\stable-3.24.0-x64\bin\internal\engine.version,D:\a\material-anticheat\material-anticheat\.dart_tool\flutter_build\3a2bcdce013086c5bb6308d62d3028ec\app.dill}
2025-05-27T09:37:36.3207648Z [   +3 ms]   [   +4 ms] targetingApplePlatform = false
2025-05-27T09:37:36.3209897Z [        ]   [        ] extractAppleDebugSymbols = true
2025-05-27T09:37:36.3211988Z [        ]   [        ] Will strip AOT snapshot during build.
2025-05-27T09:37:36.3233243Z [   +1 ms]   [   +2 ms] executing: C:\hostedtoolcache\windows\flutter\stable-3.24.0-x64\bin\cache\artifacts\engine\windows-x64-release\gen_snapshot --deterministic --snapshot_kind=app-aot-elf --elf=D:\a\material-anticheat\material-anticheat\.dart_tool\flutter_build\3a2bcdce013086c5bb6308d62d3028ec\app.so --strip D:\a\material-anticheat\material-anticheat\.dart_tool\flutter_build\3a2bcdce013086c5bb6308d62d3028ec\app.dill
2025-05-27T09:37:49.4849436Z [+13161 ms]   [+13161 ms] aot_elf_release: Complete
2025-05-27T09:37:49.5194616Z [  +34 ms]   [  +34 ms] windows_aot_bundle: Starting due to {InvalidatedReasonKind.inputChanged: The following inputs have updated contents: D:\a\material-anticheat\material-anticheat\.dart_tool\flutter_build\3a2bcdce013086c5bb6308d62d3028ec\app.so}
2025-05-27T09:37:49.5227281Z [   +3 ms]   [   +3 ms] windows_aot_bundle: Complete
2025-05-27T09:37:49.5570599Z [  +34 ms]   [  +33 ms] release_bundle_windows-x64_assets: Starting due to {}
2025-05-27T09:37:49.6909218Z [ +133 ms]   [ +133 ms] shaderc command: [C:\hostedtoolcache\windows\flutter\stable-3.24.0-x64\bin\cache\artifacts\engine\windows-x64\impellerc.exe, --sksl, --runtime-stage-gles, --runtime-stage-vulkan, --iplr, --sl=D:\a\material-anticheat\material-anticheat\build\flutter_assets\shaders/ink_sparkle.frag, --spirv=D:\a\material-anticheat\material-anticheat\build\flutter_assets\shaders/ink_sparkle.frag.spirv, --input=C:\hostedtoolcache\windows\flutter\stable-3.24.0-x64\packages\flutter\lib\src\material\shaders\ink_sparkle.frag, --input-type=frag, --include=C:\hostedtoolcache\windows\flutter\stable-3.24.0-x64\packages\flutter\lib\src\material\shaders, --include=C:\hostedtoolcache\windows\flutter\stable-3.24.0-x64\bin\cache\artifacts\engine\windows-x64\shader_lib]
2025-05-27T09:37:50.2868278Z [ +596 ms]   [ +596 ms] release_bundle_windows-x64_assets: Complete
2025-05-27T09:37:50.3290202Z [  +42 ms]   [  +42 ms] Persisting file store
2025-05-27T09:37:50.3441031Z [  +15 ms]   [  +15 ms] Done persisting file store
2025-05-27T09:37:50.3555930Z [  +11 ms]   [  +11 ms] build succeeded.
2025-05-27T09:37:50.3661394Z [  +10 ms]   [  +10 ms] "flutter assemble" took 33,659ms.
2025-05-27T09:37:50.3679510Z [   +1 ms]   [   +2 ms] ensureAnalyticsSent: 0ms
2025-05-27T09:37:50.3680633Z [        ]   [        ] Running 1 shutdown hook
2025-05-27T09:37:50.3682988Z [        ]   [        ] Shutdown hooks complete
2025-05-27T09:37:50.3685662Z [        ]   [        ] exiting with code 0
2025-05-27T09:37:50.4101422Z [  +41 ms]   Building Custom Rule D:/a/material-anticheat/material-anticheat/windows/flutter/CMakeLists.txt
2025-05-27T09:37:50.4547887Z [  +44 ms] FinalizeBuildStatus:
2025-05-27T09:37:50.4549988Z [        ]   Deleting file "x64\Release\flutter_assemble\flutter_assemble.tlog\unsuccessfulbuild".
2025-05-27T09:37:50.4551858Z [        ]   Touching "x64\Release\flutter_assemble\flutter_assemble.tlog\flutter_assemble.lastbuildstate".
2025-05-27T09:37:50.4561835Z [        ] Done Building Project "D:\a\material-anticheat\material-anticheat\build\windows\x64\flutter\flutter_assemble.vcxproj" (default targets).
2025-05-27T09:37:50.4601722Z [   +3 ms] PrepareForBuild:
2025-05-27T09:37:50.4604155Z [        ]   Creating directory "flutter_wrapper_app.dir\Release\".
2025-05-27T09:37:50.4620373Z [   +1 ms]   Structured output is enabled. The formatting of compiler diagnostics will reflect the error hierarchy. See https://aka.ms/cpp/structured-output for more details.
2025-05-27T09:37:50.4623706Z [        ]   Creating directory "D:\a\material-anticheat\material-anticheat\build\windows\x64\flutter\Release\".
2025-05-27T09:37:50.4632617Z [   +1 ms]   Creating directory "flutter_wrapper_app.dir\Release\flutter_.EB7F3120.tlog\".
2025-05-27T09:37:50.4639650Z [        ] InitializeBuildStatus:
2025-05-27T09:37:50.4642553Z [        ]   Creating "flutter_wrapper_app.dir\Release\flutter_.EB7F3120.tlog\unsuccessfulbuild" because "AlwaysCreate" was specified.
2025-05-27T09:37:50.4644500Z [        ]   Touching "flutter_wrapper_app.dir\Release\flutter_.EB7F3120.tlog\unsuccessfulbuild".
2025-05-27T09:37:50.4911633Z [  +26 ms] CustomBuild:
2025-05-27T09:37:50.4913804Z [        ]   Building Custom Rule D:/a/material-anticheat/material-anticheat/windows/flutter/CMakeLists.txt
2025-05-27T09:37:50.5707417Z [  +79 ms] ClCompile:
2025-05-27T09:37:50.5717038Z [        ]   C:\Program Files\Microsoft Visual Studio\2022\Enterprise\VC\Tools\MSVC\14.43.34808\bin\HostX64\x64\CL.exe /c /I"D:\a\material-anticheat\material-anticheat\windows\flutter\ephemeral\cpp_client_wrapper\include" /I"D:\a\material-anticheat\material-anticheat\windows\flutter\ephemeral" /nologo /W4 /WX /diagnostics:column /O2 /Ob2 /D _UNICODE /D UNICODE /D WIN32 /D _WINDOWS /D NDEBUG /D _HAS_EXCEPTIONS=0 /D UNICODE /D _UNICODE /D "CMAKE_INTDIR=\"Release\"" /EHsc /MD /GS /fp:precise /Zc:wchar_t /Zc:forScope /Zc:inline /GR /std:c++17 /Fo"flutter_wrapper_app.dir\Release\\" /Fd"D:\a\material-anticheat\material-anticheat\build\windows\x64\flutter\Release\flutter_wrapper_app.pdb" /external:W4 /Gd /TP /wd4100 /errorReport:queue "D:\a\material-anticheat\material-anticheat\windows\flutter\ephemeral\cpp_client_wrapper\core_implementations.cc" "D:\a\material-anticheat\material-anticheat\windows\flutter\ephemeral\cpp_client_wrapper\standard_codec.cc" "D:\a\material-anticheat\material-anticheat\windows\flutter\ephemeral\cpp_client_wrapper\flutter_engine.cc" "D:\a\material-anticheat\material-anticheat\windows\flutter\ephemeral\cpp_client_wrapper\flutter_view_controller.cc"
2025-05-27T09:37:50.6136195Z [  +42 ms]   core_implementations.cc
2025-05-27T09:37:53.2358359Z [+2622 ms]   standard_codec.cc
2025-05-27T09:37:54.2721196Z [+1036 ms]   flutter_engine.cc
2025-05-27T09:38:01.3817502Z [+7109 ms]   flutter_view_controller.cc
2025-05-27T09:38:02.2405601Z [ +858 ms]   Generating Code...
2025-05-27T09:38:04.1410858Z [+1900 ms] Lib:
2025-05-27T09:38:04.1413908Z [        ]   C:\Program Files\Microsoft Visual Studio\2022\Enterprise\VC\Tools\MSVC\14.43.34808\bin\HostX64\x64\Lib.exe /OUT:"D:\a\material-anticheat\material-anticheat\build\windows\x64\flutter\Release\flutter_wrapper_app.lib" /NOLOGO /MACHINE:X64  /machine:x64 flutter_wrapper_app.dir\Release\core_implementations.obj
2025-05-27T09:38:04.1415238Z [        ]   flutter_wrapper_app.dir\Release\standard_codec.obj
2025-05-27T09:38:04.1415691Z [        ]   flutter_wrapper_app.dir\Release\flutter_engine.obj
2025-05-27T09:38:04.1417225Z [        ]   flutter_wrapper_app.dir\Release\flutter_view_controller.obj
2025-05-27T09:38:04.2940840Z [ +152 ms]   flutter_wrapper_app.vcxproj -> D:\a\material-anticheat\material-anticheat\build\windows\x64\flutter\Release\flutter_wrapper_app.lib
2025-05-27T09:38:04.3080551Z [  +14 ms] FinalizeBuildStatus:
2025-05-27T09:38:04.3084317Z [        ]   Deleting file "flutter_wrapper_app.dir\Release\flutter_.EB7F3120.tlog\unsuccessfulbuild".
2025-05-27T09:38:04.3086909Z [        ]   Touching "flutter_wrapper_app.dir\Release\flutter_.EB7F3120.tlog\flutter_wrapper_app.lastbuildstate".
2025-05-27T09:38:04.3089956Z [        ] Done Building Project "D:\a\material-anticheat\material-anticheat\build\windows\x64\flutter\flutter_wrapper_app.vcxproj" (default targets).
2025-05-27T09:38:04.3417105Z [  +32 ms] Project "D:\a\material-anticheat\material-anticheat\build\windows\x64\ALL_BUILD.vcxproj" (3) is building "D:\a\material-anticheat\material-anticheat\build\windows\x64\flutter\flutter_wrapper_plugin.vcxproj" (6) on node 1 (default targets).
2025-05-27T09:38:04.3418756Z [        ] PrepareForBuild:
2025-05-27T09:38:04.3419611Z [        ]   Creating directory "flutter_wrapper_plugin.dir\Release\".
2025-05-27T09:38:04.3433104Z [   +1 ms]   Structured output is enabled. The formatting of compiler diagnostics will reflect the error hierarchy. See https://aka.ms/cpp/structured-output for more details.
2025-05-27T09:38:04.3434556Z [        ]   Creating directory "flutter_wrapper_plugin.dir\Release\flutter_.5F69FD8F.tlog\".
2025-05-27T09:38:04.3448195Z [   +1 ms] InitializeBuildStatus:
2025-05-27T09:38:04.3451123Z [        ]   Creating "flutter_wrapper_plugin.dir\Release\flutter_.5F69FD8F.tlog\unsuccessfulbuild" because "AlwaysCreate" was specified.
2025-05-27T09:38:04.3452385Z [        ]   Touching "flutter_wrapper_plugin.dir\Release\flutter_.5F69FD8F.tlog\unsuccessfulbuild".
2025-05-27T09:38:04.3745437Z [  +29 ms] CustomBuild:
2025-05-27T09:38:04.3748156Z [        ]   Building Custom Rule D:/a/material-anticheat/material-anticheat/windows/flutter/CMakeLists.txt
2025-05-27T09:38:04.4070546Z [  +32 ms] ClCompile:
2025-05-27T09:38:04.4074880Z [        ]   C:\Program Files\Microsoft Visual Studio\2022\Enterprise\VC\Tools\MSVC\14.43.34808\bin\HostX64\x64\CL.exe /c /I"D:\a\material-anticheat\material-anticheat\windows\flutter\ephemeral\cpp_client_wrapper\include" /I"D:\a\material-anticheat\material-anticheat\windows\flutter\ephemeral" /nologo /W4 /WX /diagnostics:column /O2 /Ob2 /D _UNICODE /D UNICODE /D WIN32 /D _WINDOWS /D NDEBUG /D _HAS_EXCEPTIONS=0 /D UNICODE /D _UNICODE /D "CMAKE_INTDIR=\"Release\"" /EHsc /MD /GS /fp:precise /Zc:wchar_t /Zc:forScope /Zc:inline /GR /std:c++17 /Fo"flutter_wrapper_plugin.dir\Release\\" /Fd"D:\a\material-anticheat\material-anticheat\build\windows\x64\flutter\Release\flutter_wrapper_plugin.pdb" /external:W4 /Gd /TP /wd4100 /errorReport:queue "D:\a\material-anticheat\material-anticheat\windows\flutter\ephemeral\cpp_client_wrapper\core_implementations.cc" "D:\a\material-anticheat\material-anticheat\windows\flutter\ephemeral\cpp_client_wrapper\standard_codec.cc" "D:\a\material-anticheat\material-anticheat\windows\flutter\ephemeral\cpp_client_wrapper\plugin_registrar.cc"
2025-05-27T09:38:04.4423502Z [  +34 ms]   core_implementations.cc
2025-05-27T09:38:05.3183064Z [ +875 ms]   standard_codec.cc
2025-05-27T09:38:06.3231760Z [+1004 ms]   plugin_registrar.cc
2025-05-27T09:38:06.8528629Z [ +529 ms]   Generating Code...
2025-05-27T09:38:08.5032199Z [+1650 ms] Lib:
2025-05-27T09:38:08.5035011Z [        ]   C:\Program Files\Microsoft Visual Studio\2022\Enterprise\VC\Tools\MSVC\14.43.34808\bin\HostX64\x64\Lib.exe /OUT:"D:\a\material-anticheat\material-anticheat\build\windows\x64\flutter\Release\flutter_wrapper_plugin.lib" /NOLOGO /MACHINE:X64  /machine:x64 flutter_wrapper_plugin.dir\Release\core_implementations.obj
2025-05-27T09:38:08.5037521Z [        ]   flutter_wrapper_plugin.dir\Release\standard_codec.obj
2025-05-27T09:38:08.5038178Z [        ]   flutter_wrapper_plugin.dir\Release\plugin_registrar.obj
2025-05-27T09:38:08.5533208Z [  +49 ms]   flutter_wrapper_plugin.vcxproj -> D:\a\material-anticheat\material-anticheat\build\windows\x64\flutter\Release\flutter_wrapper_plugin.lib
2025-05-27T09:38:08.5617504Z [   +8 ms] FinalizeBuildStatus:
2025-05-27T09:38:08.5621372Z [        ]   Deleting file "flutter_wrapper_plugin.dir\Release\flutter_.5F69FD8F.tlog\unsuccessfulbuild".
2025-05-27T09:38:08.5622839Z [        ]   Touching "flutter_wrapper_plugin.dir\Release\flutter_.5F69FD8F.tlog\flutter_wrapper_plugin.lastbuildstate".
2025-05-27T09:38:08.5624957Z [        ] Done Building Project "D:\a\material-anticheat\material-anticheat\build\windows\x64\flutter\flutter_wrapper_plugin.vcxproj" (default targets).
2025-05-27T09:38:08.6145100Z [  +51 ms] Project "D:\a\material-anticheat\material-anticheat\build\windows\x64\ALL_BUILD.vcxproj" (3) is building "D:\a\material-anticheat\material-anticheat\build\windows\x64\runner\material_anticheat.vcxproj" (7) on node 1 (default targets).
2025-05-27T09:38:08.6147771Z [        ] Project "D:\a\material-anticheat\material-anticheat\build\windows\x64\runner\material_anticheat.vcxproj" (7) is building "D:\a\material-anticheat\material-anticheat\build\windows\x64\plugins\url_launcher_windows\url_launcher_windows_plugin.vcxproj" (8) on node 1 (default targets).
2025-05-27T09:38:08.6149121Z [        ] PrepareForBuild:
2025-05-27T09:38:08.6149439Z [        ]   Creating directory "url_launcher_windows_plugin.dir\Release\".
2025-05-27T09:38:08.6160919Z [   +1 ms]   Structured output is enabled. The formatting of compiler diagnostics will reflect the error hierarchy. See https://aka.ms/cpp/structured-output for more details.
2025-05-27T09:38:08.6163079Z [        ]   Creating directory "D:\a\material-anticheat\material-anticheat\build\windows\x64\plugins\url_launcher_windows\Release\".
2025-05-27T09:38:08.6164548Z [        ]   Creating directory "url_launcher_windows_plugin.dir\Release\url_laun.4DA82FAA.tlog\".
2025-05-27T09:38:08.6178072Z [   +1 ms] InitializeBuildStatus:
2025-05-27T09:38:08.6180151Z [        ]   Creating "url_launcher_windows_plugin.dir\Release\url_laun.4DA82FAA.tlog\unsuccessfulbuild" because "AlwaysCreate" was specified.
2025-05-27T09:38:08.6181636Z [        ]   Touching "url_launcher_windows_plugin.dir\Release\url_laun.4DA82FAA.tlog\unsuccessfulbuild".
2025-05-27T09:38:08.6457047Z [  +27 ms] CustomBuild:
2025-05-27T09:38:08.6458930Z [        ]   Building Custom Rule D:/a/material-anticheat/material-anticheat/windows/flutter/ephemeral/.plugin_symlinks/url_launcher_windows/windows/CMakeLists.txt
2025-05-27T09:38:08.6787218Z [  +32 ms] ClCompile:
2025-05-27T09:38:08.6795051Z [        ]   C:\Program Files\Microsoft Visual Studio\2022\Enterprise\VC\Tools\MSVC\14.43.34808\bin\HostX64\x64\CL.exe /c /I"D:\a\material-anticheat\material-anticheat\windows\flutter\ephemeral" /I"D:\a\material-anticheat\material-anticheat\windows\flutter\ephemeral\cpp_client_wrapper\include" /nologo /W4 /WX /diagnostics:column /O2 /Ob2 /D _WINDLL /D _UNICODE /D UNICODE /D WIN32 /D _WINDOWS /D NDEBUG /D _HAS_EXCEPTIONS=0 /D FLUTTER_PLUGIN_IMPL /D UNICODE /D _UNICODE /D "CMAKE_INTDIR=\"Release\"" /D url_launcher_windows_plugin_EXPORTS /EHsc /MD /GS /fp:precise /Zc:wchar_t /Zc:forScope /Zc:inline /GR /std:c++17 /Fo"url_launcher_windows_plugin.dir\Release\\" /Fd"url_launcher_windows_plugin.dir\Release\vc143.pdb" /external:W4 /Gd /TP /wd4100 /errorReport:queue "D:\a\material-anticheat\material-anticheat\windows\flutter\ephemeral\.plugin_symlinks\url_launcher_windows\windows\url_launcher_windows.cpp" "D:\a\material-anticheat\material-anticheat\windows\flutter\ephemeral\.plugin_symlinks\url_launcher_windows\windows\messages.g.cpp" "D:\a\material-anticheat\material-anticheat\windows\flutter\ephemeral\.plugin_symlinks\url_launcher_windows\windows\system_apis.cpp" "D:\a\material-anticheat\material-anticheat\windows\flutter\ephemeral\.plugin_symlinks\url_launcher_windows\windows\url_launcher_plugin.cpp"
2025-05-27T09:38:08.7139981Z [  +34 ms]   url_launcher_windows.cpp
2025-05-27T09:38:09.8902105Z [+1176 ms]   messages.g.cpp
2025-05-27T09:38:10.8026163Z [ +912 ms]   system_apis.cpp
2025-05-27T09:38:11.1101214Z [ +307 ms]   url_launcher_plugin.cpp
2025-05-27T09:38:12.3530988Z [+1242 ms]   Generating Code...
2025-05-27T09:38:13.9046154Z [+1551 ms] Link:
2025-05-27T09:38:13.9056635Z [        ]   C:\Program Files\Microsoft Visual Studio\2022\Enterprise\VC\Tools\MSVC\14.43.34808\bin\HostX64\x64\link.exe /ERRORREPORT:QUEUE /OUT:"D:\a\material-anticheat\material-anticheat\build\windows\x64\plugins\url_launcher_windows\Release\url_launcher_windows_plugin.dll" /INCREMENTAL:NO /NOLOGO ..\..\flutter\Release\flutter_wrapper_plugin.lib shlwapi.lib "D:\a\material-anticheat\material-anticheat\windows\flutter\ephemeral\flutter_windows.dll.lib" kernel32.lib user32.lib gdi32.lib winspool.lib shell32.lib ole32.lib oleaut32.lib uuid.lib comdlg32.lib advapi32.lib /MANIFEST /MANIFESTUAC:"level='asInvoker' uiAccess='false'" /manifest:embed /PDB:"D:/a/material-anticheat/material-anticheat/build/windows/x64/plugins/url_launcher_windows/Release/url_launcher_windows_plugin.pdb" /SUBSYSTEM:CONSOLE /TLBID:1 /DYNAMICBASE /NXCOMPAT /IMPLIB:"D:/a/material-anticheat/material-anticheat/build/windows/x64/plugins/url_launcher_windows/Release/url_launcher_windows_plugin.lib" /MACHINE:X64  /machine:x64 /DLL url_launcher_windows_plugin.dir\Release\url_launcher_windows.obj
2025-05-27T09:38:13.9064780Z [        ]   url_launcher_windows_plugin.dir\Release\messages.g.obj
2025-05-27T09:38:13.9065494Z [        ]   url_launcher_windows_plugin.dir\Release\system_apis.obj
2025-05-27T09:38:13.9066437Z [        ]   url_launcher_windows_plugin.dir\Release\url_launcher_plugin.obj
2025-05-27T09:38:14.9126002Z [+1007 ms]      Creating library D:/a/material-anticheat/material-anticheat/build/windows/x64/plugins/url_launcher_windows/Release/url_launcher_windows_plugin.lib and object D:/a/material-anticheat/material-anticheat/build/windows/x64/plugins/url_launcher_windows/Release/url_launcher_windows_plugin.exp
2025-05-27T09:38:15.0091359Z [  +96 ms]   url_launcher_windows_plugin.vcxproj -> D:\a\material-anticheat\material-anticheat\build\windows\x64\plugins\url_launcher_windows\Release\url_launcher_windows_plugin.dll
2025-05-27T09:38:15.0173510Z [   +8 ms] FinalizeBuildStatus:
2025-05-27T09:38:15.0175224Z [        ]   Deleting file "url_launcher_windows_plugin.dir\Release\url_laun.4DA82FAA.tlog\unsuccessfulbuild".
2025-05-27T09:38:15.0177121Z [        ]   Touching "url_launcher_windows_plugin.dir\Release\url_laun.4DA82FAA.tlog\url_launcher_windows_plugin.lastbuildstate".
2025-05-27T09:38:15.0180226Z [        ] Done Building Project "D:\a\material-anticheat\material-anticheat\build\windows\x64\plugins\url_launcher_windows\url_launcher_windows_plugin.vcxproj" (default targets).
2025-05-27T09:38:15.0260537Z [   +8 ms] PrepareForBuild:
2025-05-27T09:38:15.0261443Z [        ]   Creating directory "material_anticheat.dir\Release\".
2025-05-27T09:38:15.0278318Z [   +1 ms]   Structured output is enabled. The formatting of compiler diagnostics will reflect the error hierarchy. See https://aka.ms/cpp/structured-output for more details.
2025-05-27T09:38:15.0281005Z [        ]   Creating directory "D:\a\material-anticheat\material-anticheat\build\windows\x64\runner\Release\".
2025-05-27T09:38:15.0282030Z [        ]   Creating directory "material_anticheat.dir\Release\material.02F5619F.tlog\".
2025-05-27T09:38:15.0293893Z [   +1 ms] InitializeBuildStatus:
2025-05-27T09:38:15.0296221Z [        ]   Creating "material_anticheat.dir\Release\material.02F5619F.tlog\unsuccessfulbuild" because "AlwaysCreate" was specified.
2025-05-27T09:38:15.0297671Z [        ]   Touching "material_anticheat.dir\Release\material.02F5619F.tlog\unsuccessfulbuild".
2025-05-27T09:38:15.0567479Z [  +26 ms] CustomBuild:
2025-05-27T09:38:15.0568687Z [        ]   Building Custom Rule D:/a/material-anticheat/material-anticheat/windows/runner/CMakeLists.txt
2025-05-27T09:38:15.0909444Z [  +33 ms] ClCompile:
2025-05-27T09:38:15.0915264Z [        ]   C:\Program Files\Microsoft Visual Studio\2022\Enterprise\VC\Tools\MSVC\14.43.34808\bin\HostX64\x64\CL.exe /c /I"D:\a\material-anticheat\material-anticheat\windows" /I"D:\a\material-anticheat\material-anticheat\windows\flutter\ephemeral" /I"D:\a\material-anticheat\material-anticheat\windows\flutter\ephemeral\cpp_client_wrapper\include" /I"D:\a\material-anticheat\material-anticheat\windows\flutter\ephemeral\.plugin_symlinks\url_launcher_windows\windows\include" /nologo /W4 /WX /diagnostics:column /O2 /Ob2 /D _UNICODE /D UNICODE /D WIN32 /D _WINDOWS /D NDEBUG /D _HAS_EXCEPTIONS=0 /D "FLUTTER_VERSION=\"1.0.0+1\"" /D FLUTTER_VERSION_MAJOR=1 /D FLUTTER_VERSION_MINOR=0 /D FLUTTER_VERSION_PATCH=0 /D FLUTTER_VERSION_BUILD=1 /D NOMINMAX /D UNICODE /D _UNICODE /D "CMAKE_INTDIR=\"Release\"" /EHsc /MD /GS /fp:precise /Zc:wchar_t /Zc:forScope /Zc:inline /GR /std:c++17 /Fo"material_anticheat.dir\Release\\" /Fd"material_anticheat.dir\Release\vc143.pdb" /external:W4 /Gd /TP /wd4100 /errorReport:queue "D:\a\material-anticheat\material-anticheat\windows\runner\flutter_window.cpp" "D:\a\material-anticheat\material-anticheat\windows\runner\main.cpp" "D:\a\material-anticheat\material-anticheat\windows\runner\utils.cpp" "D:\a\material-anticheat\material-anticheat\windows\runner\win32_window.cpp" "D:\a\material-anticheat\material-anticheat\windows\flutter\generated_plugin_registrant.cc"
2025-05-27T09:38:15.1256347Z [  +34 ms]   flutter_window.cpp
2025-05-27T09:38:15.8757496Z [ +750 ms]   main.cpp
2025-05-27T09:38:16.6025708Z [ +726 ms]   utils.cpp
2025-05-27T09:38:17.1625821Z [ +558 ms] D:\a\material-anticheat\material-anticheat\windows\runner\main.cpp(30,15): error C2039: 'CreateAndShow': is not a member of 'FlutterWindow' [D:\a\material-anticheat\material-anticheat\build\windows\x64\runner\material_anticheat.vcxproj]
2025-05-27T09:38:17.1636916Z [   +3 ms]       D:\a\material-anticheat\material-anticheat\windows\runner\flutter_window.h(12,7):
2025-05-27T09:38:17.1638047Z [        ]       see declaration of 'FlutterWindow'
2025-05-27T09:38:17.3189474Z [ +154 ms]   win32_window.cpp
2025-05-27T09:38:18.2395510Z [ +920 ms]   generated_plugin_registrant.cc
2025-05-27T09:38:18.4468557Z [ +207 ms]   Generating Code...
2025-05-27T09:38:18.7084644Z [ +261 ms] Done Building Project "D:\a\material-anticheat\material-anticheat\build\windows\x64\runner\material_anticheat.vcxproj" (default targets) -- FAILED.
2025-05-27T09:38:18.7092797Z [        ] Done Building Project "D:\a\material-anticheat\material-anticheat\build\windows\x64\ALL_BUILD.vcxproj" (default targets) -- FAILED.
2025-05-27T09:38:18.7098334Z [        ] Done Building Project "D:\a\material-anticheat\material-anticheat\build\windows\x64\INSTALL.vcxproj" (default targets) -- FAILED.
2025-05-27T09:38:18.7123833Z [   +2 ms] Build FAILED.
2025-05-27T09:38:18.7126727Z [        ] "D:\a\material-anticheat\material-anticheat\build\windows\x64\INSTALL.vcxproj" (default target) (1) ->
2025-05-27T09:38:18.7127833Z [        ] "D:\a\material-anticheat\material-anticheat\build\windows\x64\ALL_BUILD.vcxproj" (default target) (3) ->
2025-05-27T09:38:18.7129271Z [        ] "D:\a\material-anticheat\material-anticheat\build\windows\x64\runner\material_anticheat.vcxproj" (default target) (7) ->
2025-05-27T09:38:18.7130220Z [        ] (ClCompile target) -> 
2025-05-27T09:38:18.7143334Z [        ]   D:\a\material-anticheat\material-anticheat\windows\runner\main.cpp(30,15): error C2039: 'CreateAndShow': is not a member of 'FlutterWindow' [D:\a\material-anticheat\material-anticheat\build\windows\x64\runner\material_anticheat.vcxproj]
2025-05-27T09:38:18.7144761Z [        ]     0 Warning(s)
2025-05-27T09:38:18.7144989Z [        ]     1 Error(s)
2025-05-27T09:38:18.7145211Z [        ] Time Elapsed 00:01:03.35
2025-05-27T09:38:18.7398428Z [  +26 ms] Building Windows application... (completed in 78.5s)
2025-05-27T09:38:18.7406812Z [        ] "flutter windows" took 79,997ms.
2025-05-27T09:38:18.7434587Z [   +2 ms] Build process failed.
2025-05-27T09:38:18.7437743Z [        ] 
2025-05-27T09:38:18.7438275Z            #0      throwToolExit (package:flutter_tools/src/base/common.dart:10:3)
2025-05-27T09:38:18.7438853Z            #1      _runBuild (package:flutter_tools/src/windows/build_windows.dart:266:5)
2025-05-27T09:38:18.7439291Z            <asynchronous suspension>
2025-05-27T09:38:18.7439723Z            #2      buildWindows (package:flutter_tools/src/windows/build_windows.dart:111:5)
2025-05-27T09:38:18.7440158Z            <asynchronous suspension>
2025-05-27T09:38:18.7440669Z            #3      BuildWindowsCommand.runCommand (package:flutter_tools/src/commands/build_windows.dart:64:5)
2025-05-27T09:38:18.7441212Z            <asynchronous suspension>
2025-05-27T09:38:18.7441748Z            #4      FlutterCommand.run.<anonymous closure> (package:flutter_tools/src/runner/flutter_command.dart:1408:27)
2025-05-27T09:38:18.7442312Z            <asynchronous suspension>
2025-05-27T09:38:18.7442794Z            #5      AppContext.run.<anonymous closure> (package:flutter_tools/src/base/context.dart:153:19)
2025-05-27T09:38:18.7443587Z            <asynchronous suspension>
2025-05-27T09:38:18.7444063Z            #6      CommandRunner.runCommand (package:args/command_runner.dart:212:13)
2025-05-27T09:38:18.7444886Z            <asynchronous suspension>
2025-05-27T09:38:18.7445376Z            #7      FlutterCommandRunner.runCommand.<anonymous closure> (package:flutter_tools/src/runner/flutter_command_runner.dart:420:9)
2025-05-27T09:38:18.7445860Z            <asynchronous suspension>
2025-05-27T09:38:18.7446439Z            #8      AppContext.run.<anonymous closure> (package:flutter_tools/src/base/context.dart:153:19)
2025-05-27T09:38:18.7446966Z            <asynchronous suspension>
2025-05-27T09:38:18.7447398Z            #9      FlutterCommandRunner.runCommand (package:flutter_tools/src/runner/flutter_command_runner.dart:364:5)
2025-05-27T09:38:18.7447829Z            <asynchronous suspension>
2025-05-27T09:38:18.7448173Z            #10     run.<anonymous closure>.<anonymous closure> (package:flutter_tools/runner.dart:130:9)
2025-05-27T09:38:18.7448538Z            <asynchronous suspension>
2025-05-27T09:38:18.7449137Z            #11     AppContext.run.<anonymous closure> (package:flutter_tools/src/base/context.dart:153:19)
2025-05-27T09:38:18.7450181Z            <asynchronous suspension>
2025-05-27T09:38:18.7450657Z            #12     main (package:flutter_tools/executable.dart:93:3)
2025-05-27T09:38:18.7451018Z            <asynchronous suspension>
2025-05-27T09:38:18.7451194Z 
2025-05-27T09:38:18.7451200Z 
2025-05-27T09:38:18.7451315Z [        ] ensureAnalyticsSent: 0ms
2025-05-27T09:38:18.7451544Z [        ] Running 1 shutdown hook
2025-05-27T09:38:18.7451776Z [        ] Shutdown hooks complete
2025-05-27T09:38:18.7451986Z [        ] exiting with code 1
2025-05-27T09:38:18.8068869Z ##[error]Process completed with exit code 1.
2025-05-27T09:38:18.8252518Z Post job cleanup.
2025-05-27T09:38:18.8381632Z Post job cleanup.
2025-05-27T09:38:19.0572867Z [command]"C:\Program Files\Git\bin\git.exe" version
2025-05-27T09:38:19.0789678Z git version 2.49.0.windows.1
2025-05-27T09:38:19.0857034Z Temporarily overriding HOME='D:\a\_temp\11359b7b-3116-4156-aac4-ba507028cc22' before making global git config changes
2025-05-27T09:38:19.0857819Z Adding repository directory to the temporary git global config as a safe directory
2025-05-27T09:38:19.0869272Z [command]"C:\Program Files\Git\bin\git.exe" config --global --add safe.directory D:\a\material-anticheat\material-anticheat
2025-05-27T09:38:19.1128259Z [command]"C:\Program Files\Git\bin\git.exe" config --local --name-only --get-regexp core\.sshCommand
2025-05-27T09:38:19.1388536Z [command]"C:\Program Files\Git\bin\git.exe" submodule foreach --recursive "sh -c \"git config --local --name-only --get-regexp 'core\.sshCommand' && git config --local --unset-all 'core.sshCommand' || :\""
2025-05-27T09:38:19.6224687Z [command]"C:\Program Files\Git\bin\git.exe" config --local --name-only --get-regexp http\.https\:\/\/github\.com\/\.extraheader
2025-05-27T09:38:19.6418780Z http.https://github.com/.extraheader
2025-05-27T09:38:19.6455964Z [command]"C:\Program Files\Git\bin\git.exe" config --local --unset-all http.https://github.com/.extraheader
2025-05-27T09:38:19.6685032Z [command]"C:\Program Files\Git\bin\git.exe" submodule foreach --recursive "sh -c \"git config --local --name-only --get-regexp 'http\.https\:\/\/github\.com\/\.extraheader' && git config --local --unset-all 'http.https://github.com/.extraheader' || :\""
2025-05-27T09:38:20.0889100Z Cleaning up orphan processes
2025-05-27T09:38:20.1149053Z Terminate orphan process: pid (5796) (vctip)
