2025-05-27T09:57:19.1712813Z ##[group]Run subosito/flutter-action@v2
2025-05-27T09:57:19.1713144Z with:
2025-05-27T09:57:19.1713307Z   flutter-version: 3.24.0
2025-05-27T09:57:19.1713503Z   channel: stable
2025-05-27T09:57:19.1713669Z   architecture: X64
2025-05-27T09:57:19.1713833Z   cache: false
2025-05-27T09:57:19.1714016Z   pub-cache-path: default
2025-05-27T09:57:19.1714199Z   dry-run: false
2025-05-27T09:57:19.1714414Z   git-source: https://github.com/flutter/flutter.git
2025-05-27T09:57:19.1714674Z env:
2025-05-27T09:57:19.1714896Z   pythonLocation: C:\hostedtoolcache\windows\Python\3.11.9\x64
2025-05-27T09:57:19.1715343Z   PKG_CONFIG_PATH: C:\hostedtoolcache\windows\Python\3.11.9\x64/lib/pkgconfig
2025-05-27T09:57:19.1715756Z   Python_ROOT_DIR: C:\hostedtoolcache\windows\Python\3.11.9\x64
2025-05-27T09:57:19.1716119Z   Python2_ROOT_DIR: C:\hostedtoolcache\windows\Python\3.11.9\x64
2025-05-27T09:57:19.1716480Z   Python3_ROOT_DIR: C:\hostedtoolcache\windows\Python\3.11.9\x64
2025-05-27T09:57:19.1716754Z ##[endgroup]
2025-05-27T09:57:19.1860292Z ##[group]Run choco install yq
2025-05-27T09:57:19.1860516Z [36;1mchoco install yq[0m
2025-05-27T09:57:19.1872051Z shell: C:\Program Files\Git\bin\bash.EXE --noprofile --norc -e -o pipefail {0}
2025-05-27T09:57:19.1872401Z env:
2025-05-27T09:57:19.1872635Z   pythonLocation: C:\hostedtoolcache\windows\Python\3.11.9\x64
2025-05-27T09:57:19.1873052Z   PKG_CONFIG_PATH: C:\hostedtoolcache\windows\Python\3.11.9\x64/lib/pkgconfig
2025-05-27T09:57:19.1873447Z   Python_ROOT_DIR: C:\hostedtoolcache\windows\Python\3.11.9\x64
2025-05-27T09:57:19.1873803Z   Python2_ROOT_DIR: C:\hostedtoolcache\windows\Python\3.11.9\x64
2025-05-27T09:57:19.1874151Z   Python3_ROOT_DIR: C:\hostedtoolcache\windows\Python\3.11.9\x64
2025-05-27T09:57:19.1874431Z ##[endgroup]
2025-05-27T09:57:21.6832416Z Chocolatey v2.4.3
2025-05-27T09:57:21.9516653Z Installing the following packages:
2025-05-27T09:57:21.9522652Z yq
2025-05-27T09:57:21.9527424Z By installing, you accept licenses for the packages.
2025-05-27T09:57:30.3447448Z Downloading package from source 'https://community.chocolatey.org/api/v2/'
2025-05-27T09:57:30.4620626Z 
2025-05-27T09:57:30.4621966Z Progress: Downloading yq 4.45.4... 28%
2025-05-27T09:57:30.4622439Z Progress: Downloading yq 4.45.4... 83%
2025-05-27T09:57:30.4622895Z Progress: Downloading yq 4.45.4... 100%
2025-05-27T09:57:30.6631147Z 
2025-05-27T09:57:30.6631590Z yq v4.45.4 [Approved]
2025-05-27T09:57:30.6815345Z yq package files install completed. Performing other installation steps.
2025-05-27T09:57:32.0989462Z Downloading yq 64 bit
2025-05-27T09:57:32.0990237Z   from 'https://github.com/mikefarah/yq/releases/download/v4.45.4/yq_windows_amd64.exe'
2025-05-27T09:57:32.2193235Z 
2025-05-27T09:57:32.2208230Z Progress: 0% - Saving 13.46 KB of 11.18 MB
2025-05-27T09:57:32.2223183Z Progress: 0% - Saving 26.91 KB of 11.18 MB
2025-05-27T09:57:32.2244330Z Progress: 1% - Saving 124.19 KB of 11.18 MB
2025-05-27T09:57:32.2264080Z Progress: 2% - Saving 284.19 KB of 11.18 MB
2025-05-27T09:57:32.2285526Z Progress: 3% - Saving 444.19 KB of 11.18 MB
2025-05-27T09:57:32.2306954Z Progress: 5% - Saving 594.31 KB of 11.18 MB
2025-05-27T09:57:32.2370502Z Progress: 6% - Saving 742 KB of 11.18 MB
2025-05-27T09:57:32.2371115Z Progress: 7% - Saving 895.81 KB of 11.18 MB
2025-05-27T09:57:32.2554888Z Progress: 9% - Saving 1.03 MB of 11.18 MB
2025-05-27T09:57:32.2571647Z Progress: 10% - Saving 1.19 MB of 11.18 MB
2025-05-27T09:57:32.2588998Z Progress: 12% - Saving 1.34 MB of 11.18 MB
2025-05-27T09:57:32.2608223Z Progress: 13% - Saving 1.49 MB of 11.18 MB
2025-05-27T09:57:32.2623536Z Progress: 14% - Saving 1.65 MB of 11.18 MB
2025-05-27T09:57:32.2640620Z Progress: 16% - Saving 1.81 MB of 11.18 MB
2025-05-27T09:57:32.2660123Z Progress: 17% - Saving 1.96 MB of 11.18 MB
2025-05-27T09:57:32.2675400Z Progress: 18% - Saving 2.12 MB of 11.18 MB
2025-05-27T09:57:32.2685919Z Progress: 20% - Saving 2.27 MB of 11.18 MB
2025-05-27T09:57:32.2699538Z Progress: 21% - Saving 2.43 MB of 11.18 MB
2025-05-27T09:57:32.2712231Z Progress: 23% - Saving 2.58 MB of 11.18 MB
2025-05-27T09:57:32.2722471Z Progress: 24% - Saving 2.74 MB of 11.18 MB
2025-05-27T09:57:32.2733620Z Progress: 25% - Saving 2.9 MB of 11.18 MB
2025-05-27T09:57:32.2745422Z Progress: 27% - Saving 3.05 MB of 11.18 MB
2025-05-27T09:57:32.2756194Z Progress: 28% - Saving 3.2 MB of 11.18 MB
2025-05-27T09:57:32.2768111Z Progress: 29% - Saving 3.35 MB of 11.18 MB
2025-05-27T09:57:32.2781147Z Progress: 31% - Saving 3.51 MB of 11.18 MB
2025-05-27T09:57:32.2791908Z Progress: 32% - Saving 3.67 MB of 11.18 MB
2025-05-27T09:57:32.2803824Z Progress: 34% - Saving 3.82 MB of 11.18 MB
2025-05-27T09:57:32.2815876Z Progress: 35% - Saving 3.97 MB of 11.18 MB
2025-05-27T09:57:32.2825291Z Progress: 36% - Saving 4.13 MB of 11.18 MB
2025-05-27T09:57:32.2842268Z Progress: 38% - Saving 4.29 MB of 11.18 MB
2025-05-27T09:57:32.2854873Z Progress: 39% - Saving 4.44 MB of 11.18 MB
2025-05-27T09:57:32.2865073Z Progress: 41% - Saving 4.59 MB of 11.18 MB
2025-05-27T09:57:32.2875694Z Progress: 42% - Saving 4.75 MB of 11.18 MB
2025-05-27T09:57:32.2887489Z Progress: 43% - Saving 4.91 MB of 11.18 MB
2025-05-27T09:57:32.2897636Z Progress: 45% - Saving 5.06 MB of 11.18 MB
2025-05-27T09:57:32.2908187Z Progress: 46% - Saving 5.22 MB of 11.18 MB
2025-05-27T09:57:32.2922999Z Progress: 48% - Saving 5.37 MB of 11.18 MB
2025-05-27T09:57:32.2933877Z Progress: 49% - Saving 5.53 MB of 11.18 MB
2025-05-27T09:57:32.2944512Z Progress: 50% - Saving 5.68 MB of 11.18 MB
2025-05-27T09:57:32.2954618Z Progress: 52% - Saving 5.83 MB of 11.18 MB
2025-05-27T09:57:32.2965651Z Progress: 53% - Saving 5.98 MB of 11.18 MB
2025-05-27T09:57:32.2978495Z Progress: 54% - Saving 6.14 MB of 11.18 MB
2025-05-27T09:57:32.2989114Z Progress: 56% - Saving 6.3 MB of 11.18 MB
2025-05-27T09:57:32.2998574Z Progress: 57% - Saving 6.45 MB of 11.18 MB
2025-05-27T09:57:32.3010840Z Progress: 59% - Saving 6.6 MB of 11.18 MB
2025-05-27T09:57:32.3022313Z Progress: 60% - Saving 6.75 MB of 11.18 MB
2025-05-27T09:57:32.3033176Z Progress: 61% - Saving 6.91 MB of 11.18 MB
2025-05-27T09:57:32.3043992Z Progress: 63% - Saving 7.06 MB of 11.18 MB
2025-05-27T09:57:32.3054401Z Progress: 64% - Saving 7.22 MB of 11.18 MB
2025-05-27T09:57:32.3068021Z Progress: 65% - Saving 7.37 MB of 11.18 MB
2025-05-27T09:57:32.3079985Z Progress: 67% - Saving 7.53 MB of 11.18 MB
2025-05-27T09:57:32.3090578Z Progress: 68% - Saving 7.68 MB of 11.18 MB
2025-05-27T09:57:32.3101521Z Progress: 70% - Saving 7.84 MB of 11.18 MB
2025-05-27T09:57:32.3112552Z Progress: 71% - Saving 7.99 MB of 11.18 MB
2025-05-27T09:57:32.3123434Z Progress: 72% - Saving 8.15 MB of 11.18 MB
2025-05-27T09:57:32.3134695Z Progress: 74% - Saving 8.31 MB of 11.18 MB
2025-05-27T09:57:32.3145180Z Progress: 75% - Saving 8.46 MB of 11.18 MB
2025-05-27T09:57:32.3156066Z Progress: 77% - Saving 8.61 MB of 11.18 MB
2025-05-27T09:57:32.3167530Z Progress: 78% - Saving 8.77 MB of 11.18 MB
2025-05-27T09:57:32.3178675Z Progress: 79% - Saving 8.92 MB of 11.18 MB
2025-05-27T09:57:32.3189081Z Progress: 81% - Saving 9.08 MB of 11.18 MB
2025-05-27T09:57:32.3244276Z Progress: 82% - Saving 9.23 MB of 11.18 MB
2025-05-27T09:57:32.3256696Z Progress: 83% - Saving 9.39 MB of 11.18 MB
2025-05-27T09:57:32.3267590Z Progress: 85% - Saving 9.54 MB of 11.18 MB
2025-05-27T09:57:32.3278499Z Progress: 86% - Saving 9.7 MB of 11.18 MB
2025-05-27T09:57:32.3288780Z Progress: 88% - Saving 9.85 MB of 11.18 MB
2025-05-27T09:57:32.3300111Z Progress: 89% - Saving 10 MB of 11.18 MB
2025-05-27T09:57:32.3312474Z Progress: 90% - Saving 10.15 MB of 11.18 MB
2025-05-27T09:57:32.3323400Z Progress: 92% - Saving 10.31 MB of 11.18 MB
2025-05-27T09:57:32.3334056Z Progress: 93% - Saving 10.47 MB of 11.18 MB
2025-05-27T09:57:32.3344897Z Progress: 95% - Saving 10.62 MB of 11.18 MB
2025-05-27T09:57:32.3355404Z Progress: 96% - Saving 10.78 MB of 11.18 MB
2025-05-27T09:57:32.3367455Z Progress: 97% - Saving 10.94 MB of 11.18 MB
2025-05-27T09:57:32.3382044Z Progress: 99% - Saving 11.09 MB of 11.18 MB
2025-05-27T09:57:32.3386588Z Progress: 100% - Completed download of C:\ProgramData\chocolatey\lib\yq\tools\yq.exe (11.18 MB).
2025-05-27T09:57:32.3405682Z Download of yq.exe (11.18 MB) completed.
2025-05-27T09:57:38.4181471Z Hashes match.
2025-05-27T09:57:38.4803342Z C:\ProgramData\chocolatey\lib\yq\tools\yq.exe
2025-05-27T09:57:40.4730628Z  ShimGen has successfully created a shim for yq.exe
2025-05-27T09:57:40.4948446Z  The install of yq was successful.
2025-05-27T09:57:40.4953239Z   Software install location not explicitly set, it could be in package or
2025-05-27T09:57:40.4953627Z   default install location of installer.
2025-05-27T09:57:40.5205071Z 
2025-05-27T09:57:40.5205308Z Chocolatey installed 1/1 packages. 
2025-05-27T09:57:40.5205706Z  See the log for details (C:\ProgramData\chocolatey\logs\chocolatey.log).
2025-05-27T09:57:40.5216537Z 
2025-05-27T09:57:40.5216843Z Did you know the proceeds of Pro (and some proceeds from other
2025-05-27T09:57:40.5217346Z  licensed editions) go into bettering the community infrastructure?
2025-05-27T09:57:40.5217843Z  Your support ensures an active community, keeps Chocolatey tip-top,
2025-05-27T09:57:40.5218221Z  plus it nets you some awesome features!
2025-05-27T09:57:40.5218519Z  https://chocolatey.org/compare
2025-05-27T09:57:40.5605827Z ##[group]Run chmod +x "$GITHUB_ACTION_PATH/setup.sh"
2025-05-27T09:57:40.5606154Z [36;1mchmod +x "$GITHUB_ACTION_PATH/setup.sh"[0m
2025-05-27T09:57:40.5617468Z shell: C:\Program Files\Git\bin\bash.EXE --noprofile --norc -e -o pipefail {0}
2025-05-27T09:57:40.5617827Z env:
2025-05-27T09:57:40.5618065Z   pythonLocation: C:\hostedtoolcache\windows\Python\3.11.9\x64
2025-05-27T09:57:40.5618470Z   PKG_CONFIG_PATH: C:\hostedtoolcache\windows\Python\3.11.9\x64/lib/pkgconfig
2025-05-27T09:57:40.5618863Z   Python_ROOT_DIR: C:\hostedtoolcache\windows\Python\3.11.9\x64
2025-05-27T09:57:40.5619224Z   Python2_ROOT_DIR: C:\hostedtoolcache\windows\Python\3.11.9\x64
2025-05-27T09:57:40.5619574Z   Python3_ROOT_DIR: C:\hostedtoolcache\windows\Python\3.11.9\x64
2025-05-27T09:57:40.5619878Z ##[endgroup]
2025-05-27T09:57:40.6267519Z ##[group]Run $GITHUB_ACTION_PATH/setup.sh -p \
2025-05-27T09:57:40.6267844Z [36;1m$GITHUB_ACTION_PATH/setup.sh -p \[0m
2025-05-27T09:57:40.6268093Z [36;1m  -n '3.24.0' \[0m
2025-05-27T09:57:40.6268298Z [36;1m  -f '' \[0m
2025-05-27T09:57:40.6268475Z [36;1m  -a 'X64' \[0m
2025-05-27T09:57:40.6268648Z [36;1m  -k '' \[0m
2025-05-27T09:57:40.6268808Z [36;1m  -c '' \[0m
2025-05-27T09:57:40.6268972Z [36;1m  -l '' \[0m
2025-05-27T09:57:40.6269136Z [36;1m  -d 'default' \[0m
2025-05-27T09:57:40.6269405Z [36;1m  -g 'https://github.com/flutter/flutter.git' \[0m
2025-05-27T09:57:40.6269683Z [36;1m  stable[0m
2025-05-27T09:57:40.6281383Z shell: C:\Program Files\Git\bin\bash.EXE --noprofile --norc -e -o pipefail {0}
2025-05-27T09:57:40.6281746Z env:
2025-05-27T09:57:40.6281993Z   pythonLocation: C:\hostedtoolcache\windows\Python\3.11.9\x64
2025-05-27T09:57:40.6282392Z   PKG_CONFIG_PATH: C:\hostedtoolcache\windows\Python\3.11.9\x64/lib/pkgconfig
2025-05-27T09:57:40.6282820Z   Python_ROOT_DIR: C:\hostedtoolcache\windows\Python\3.11.9\x64
2025-05-27T09:57:40.6283174Z   Python2_ROOT_DIR: C:\hostedtoolcache\windows\Python\3.11.9\x64
2025-05-27T09:57:40.6283542Z   Python3_ROOT_DIR: C:\hostedtoolcache\windows\Python\3.11.9\x64
2025-05-27T09:57:40.6283972Z ##[endgroup]
2025-05-27T09:57:42.7561372Z ##[group]Run $GITHUB_ACTION_PATH/setup.sh \
2025-05-27T09:57:42.7561683Z [36;1m$GITHUB_ACTION_PATH/setup.sh \[0m
2025-05-27T09:57:42.7561917Z [36;1m  -n '3.24.0' \[0m
2025-05-27T09:57:42.7562111Z [36;1m  -a 'x64' \[0m
2025-05-27T09:57:42.7562366Z [36;1m  -c 'C:\hostedtoolcache\windows\flutter\stable-3.24.0-x64' \[0m
2025-05-27T09:57:42.7562756Z [36;1m  -d 'C:\Users\runneradmin\AppData\Local\Pub\Cache' \[0m
2025-05-27T09:57:42.7563030Z [36;1m  stable[0m
2025-05-27T09:57:42.7573943Z shell: C:\Program Files\Git\bin\bash.EXE --noprofile --norc -e -o pipefail {0}
2025-05-27T09:57:42.7574818Z env:
2025-05-27T09:57:42.7575065Z   pythonLocation: C:\hostedtoolcache\windows\Python\3.11.9\x64
2025-05-27T09:57:42.7575488Z   PKG_CONFIG_PATH: C:\hostedtoolcache\windows\Python\3.11.9\x64/lib/pkgconfig
2025-05-27T09:57:42.7575896Z   Python_ROOT_DIR: C:\hostedtoolcache\windows\Python\3.11.9\x64
2025-05-27T09:57:42.7576270Z   Python2_ROOT_DIR: C:\hostedtoolcache\windows\Python\3.11.9\x64
2025-05-27T09:57:42.7576638Z   Python3_ROOT_DIR: C:\hostedtoolcache\windows\Python\3.11.9\x64
2025-05-27T09:57:42.7576925Z ##[endgroup]
2025-05-27T09:57:44.2396740Z   % Total    % Received % Xferd  Average Speed   Time    Time     Time  Current
2025-05-27T09:57:44.2397495Z                                  Dload  Upload   Total   Spent    Left  Speed
2025-05-27T09:57:44.2397878Z 
2025-05-27T09:57:44.5740719Z   0     0    0     0    0     0      0      0 --:--:-- --:--:-- --:--:--     0
2025-05-27T09:57:45.5736173Z  10  964M   10  100M    0     0   299M      0  0:00:03 --:--:--  0:00:03  299M
2025-05-27T09:57:46.5739461Z  50  964M   50  483M    0     0   362M      0  0:00:02  0:00:01  0:00:01  362M
2025-05-27T09:57:46.8490525Z  88  964M   88  853M    0     0   365M      0  0:00:02  0:00:02 --:--:--  365M
2025-05-27T09:57:46.8498658Z 100  964M  100  964M    0     0   369M      0  0:00:02  0:00:02 --:--:--  369M
